Component: ARM Compiler 5.06 update 4 (build 422) Tool: armlink [4d35d2]

==============================================================================

Section Cross References

    startup_lpc54608.o(RESET) refers to startup_lpc54608.o(.text) for Reset_Handler
    startup_lpc54608.o(RESET) refers to fsl_sctimer.o(i.SCT0_IRQHandler) for SCT0_IRQHandler
    startup_lpc54608.o(RESET) refers to fsl_dmic.o(i.HWVAD0_IRQHandler) for HWVAD0_IRQHandler
    startup_lpc54608.o(RESET) refers to egfx_driver_lpcxpresso_54608.o(i.LCD_IRQHandler) for LCD_IRQHandler
    startup_lpc54608.o(.text) refers to system_lpc54608.o(i.SystemInit) for SystemInit
    startup_lpc54608.o(.text) refers to entry.o(.ARM.Collect$$$$00000000) for __main
    startup_lpc54608.o(.text) refers to fsl_dma.o(i.DMA0_DriverIRQHandler) for DMA0_DriverIRQHandler
    startup_lpc54608.o(.text) refers to fsl_gint.o(i.GINT0_DriverIRQHandler) for GINT0_DriverIRQHandler
    startup_lpc54608.o(.text) refers to fsl_gint.o(i.GINT1_DriverIRQHandler) for GINT1_DriverIRQHandler
    startup_lpc54608.o(.text) refers to fsl_pint.o(i.PIN_INT0_DriverIRQHandler) for PIN_INT0_DriverIRQHandler
    startup_lpc54608.o(.text) refers to fsl_pint.o(i.PIN_INT1_DriverIRQHandler) for PIN_INT1_DriverIRQHandler
    startup_lpc54608.o(.text) refers to fsl_pint.o(i.PIN_INT2_DriverIRQHandler) for PIN_INT2_DriverIRQHandler
    startup_lpc54608.o(.text) refers to fsl_pint.o(i.PIN_INT3_DriverIRQHandler) for PIN_INT3_DriverIRQHandler
    startup_lpc54608.o(.text) refers to fsl_utick.o(i.UTICK0_DriverIRQHandler) for UTICK0_DriverIRQHandler
    startup_lpc54608.o(.text) refers to fsl_ctimer.o(i.CTIMER0_DriverIRQHandler) for CTIMER0_DriverIRQHandler
    startup_lpc54608.o(.text) refers to fsl_ctimer.o(i.CTIMER1_DriverIRQHandler) for CTIMER1_DriverIRQHandler
    startup_lpc54608.o(.text) refers to fsl_ctimer.o(i.CTIMER3_DriverIRQHandler) for CTIMER3_DriverIRQHandler
    startup_lpc54608.o(.text) refers to fsl_flexcomm.o(i.FLEXCOMM0_DriverIRQHandler) for FLEXCOMM0_DriverIRQHandler
    startup_lpc54608.o(.text) refers to fsl_flexcomm.o(i.FLEXCOMM1_DriverIRQHandler) for FLEXCOMM1_DriverIRQHandler
    startup_lpc54608.o(.text) refers to fsl_flexcomm.o(i.FLEXCOMM2_DriverIRQHandler) for FLEXCOMM2_DriverIRQHandler
    startup_lpc54608.o(.text) refers to fsl_flexcomm.o(i.FLEXCOMM3_DriverIRQHandler) for FLEXCOMM3_DriverIRQHandler
    startup_lpc54608.o(.text) refers to fsl_flexcomm.o(i.FLEXCOMM4_DriverIRQHandler) for FLEXCOMM4_DriverIRQHandler
    startup_lpc54608.o(.text) refers to fsl_flexcomm.o(i.FLEXCOMM5_DriverIRQHandler) for FLEXCOMM5_DriverIRQHandler
    startup_lpc54608.o(.text) refers to fsl_dmic.o(i.DMIC0_DriverIRQHandler) for DMIC0_DriverIRQHandler
    startup_lpc54608.o(.text) refers to fsl_pint.o(i.PIN_INT4_DriverIRQHandler) for PIN_INT4_DriverIRQHandler
    startup_lpc54608.o(.text) refers to fsl_pint.o(i.PIN_INT5_DriverIRQHandler) for PIN_INT5_DriverIRQHandler
    startup_lpc54608.o(.text) refers to fsl_pint.o(i.PIN_INT6_DriverIRQHandler) for PIN_INT6_DriverIRQHandler
    startup_lpc54608.o(.text) refers to fsl_pint.o(i.PIN_INT7_DriverIRQHandler) for PIN_INT7_DriverIRQHandler
    startup_lpc54608.o(.text) refers to fsl_ctimer.o(i.CTIMER2_DriverIRQHandler) for CTIMER2_DriverIRQHandler
    startup_lpc54608.o(.text) refers to fsl_ctimer.o(i.CTIMER4_DriverIRQHandler) for CTIMER4_DriverIRQHandler
    startup_lpc54608.o(.text) refers to fsl_flexcomm.o(i.FLEXCOMM8_DriverIRQHandler) for FLEXCOMM8_DriverIRQHandler
    startup_lpc54608.o(.text) refers to fsl_flexcomm.o(i.FLEXCOMM9_DriverIRQHandler) for FLEXCOMM9_DriverIRQHandler
    startup_lpc54608.o(.text) refers to fsl_sdif.o(i.SDIO_DriverIRQHandler) for SDIO_DriverIRQHandler
    startup_lpc54608.o(.text) refers to fsl_mcan.o(i.CAN0_IRQ0_DriverIRQHandler) for CAN0_IRQ0_DriverIRQHandler
    startup_lpc54608.o(.text) refers to fsl_mcan.o(i.CAN0_IRQ1_DriverIRQHandler) for CAN0_IRQ1_DriverIRQHandler
    startup_lpc54608.o(.text) refers to fsl_mcan.o(i.CAN1_IRQ0_DriverIRQHandler) for CAN1_IRQ0_DriverIRQHandler
    startup_lpc54608.o(.text) refers to fsl_mcan.o(i.CAN1_IRQ1_DriverIRQHandler) for CAN1_IRQ1_DriverIRQHandler
    startup_lpc54608.o(.text) refers to fsl_enet.o(i.ETHERNET_DriverIRQHandler) for ETHERNET_DriverIRQHandler
    system_lpc54608.o(i.SystemCoreClockUpdate) refers to system_lpc54608.o(i.getWdtOscFreq) for getWdtOscFreq
    system_lpc54608.o(i.SystemCoreClockUpdate) refers to system_lpc54608.o(i.findPllPreDiv) for findPllPreDiv
    system_lpc54608.o(i.SystemCoreClockUpdate) refers to system_lpc54608.o(i.findPllPostDiv) for findPllPostDiv
    system_lpc54608.o(i.SystemCoreClockUpdate) refers to system_lpc54608.o(i.findPllMMult) for findPllMMult
    system_lpc54608.o(i.SystemCoreClockUpdate) refers to uldiv.o(.text) for __aeabi_uldivmod
    system_lpc54608.o(i.SystemCoreClockUpdate) refers to system_lpc54608.o(.data) for SystemCoreClock
    system_lpc54608.o(i.SystemInit) refers to startup_lpc54608.o(RESET) for __Vectors
[...]
    CLOCK_SetupSystemPLLPrec                 0x00002315   Thumb Code   220  fsl_clock.o(i.CLOCK_SetupSystemPLLPrec)
    CTIMER0_DriverIRQHandler                 0x00002401   Thumb Code    10  fsl_ctimer.o(i.CTIMER0_DriverIRQHandler)
    CTIMER1_DriverIRQHandler                 0x0000240b   Thumb Code    10  fsl_ctimer.o(i.CTIMER1_DriverIRQHandler)
    CTIMER2_DriverIRQHandler                 0x00002415   Thumb Code    10  fsl_ctimer.o(i.CTIMER2_DriverIRQHandler)
    CTIMER3_DriverIRQHandler                 0x0000241f   Thumb Code    10  fsl_ctimer.o(i.CTIMER3_DriverIRQHandler)
    CTIMER4_DriverIRQHandler                 0x00002429   Thumb Code    10  fsl_ctimer.o(i.CTIMER4_DriverIRQHandler)
    CTIMER_GenericIRQHandler                 0x00002439   Thumb Code   110  fsl_ctimer.o(i.CTIMER_GenericIRQHandler)
    DMA0_DriverIRQHandler                    0x000024b5   Thumb Code   168  fsl_dma.o(i.DMA0_DriverIRQHandler)
    DMA_AbortTransfer                        0x00002561   Thumb Code   268  fsl_dma.o(i.DMA_AbortTransfer)
    DMA_CreateDescriptor                     0x000026dd   Thumb Code   174  fsl_dma.o(i.DMA_CreateDescriptor)
    DMA_CreateHandle                         0x000027e9   Thumb Code    98  fsl_dma.o(i.DMA_CreateHandle)
    DMA_Init                                 0x00002985   Thumb Code    50  fsl_dma.o(i.DMA_Init)
    DMA_PrepareTransfer                      0x000029c5   Thumb Code   230  fsl_dma.o(i.DMA_PrepareTransfer)
    DMA_SetCallback                          0x00002b41   Thumb Code    30  fsl_dma.o(i.DMA_SetCallback)
    DMA_StartTransfer                        0x00002dd5   Thumb Code   172  fsl_dma.o(i.DMA_StartTransfer)
    DMA_SubmitTransfer                       0x00002ead   Thumb Code   230  fsl_dma.o(i.DMA_SubmitTransfer)
    DMIC0_DriverIRQHandler                   0x00002fdd   Thumb Code    16  fsl_dmic.o(i.DMIC0_DriverIRQHandler)
    DMIC_ConfigChannel                       0x00002ff1   Thumb Code   102  fsl_dmic.o(i.DMIC_ConfigChannel)
    DMIC_ConfigIO                            0x00003057   Thumb Code     6  fsl_dmic.o(i.DMIC_ConfigIO)
    DMIC_EnableChannnel                      0x0000305d   Thumb Code     6  fsl_dmic.o(i.DMIC_EnableChannnel)
    DMIC_FifoChannel                         0x00003063   Thumb Code    60  fsl_dmic.o(i.DMIC_FifoChannel)
    DMIC_GetInstance                         0x000030a1   Thumb Code    46  fsl_dmic.o(i.DMIC_GetInstance)
    DMIC_Init                                0x00003115   Thumb Code   118  fsl_dmic.o(i.DMIC_Init)
    DMIC_SetOperationMode                    0x000031bd   Thumb Code    58  fsl_dmic.o(i.DMIC_SetOperationMode)
    DMIC_TransferCreateHandleDMA             0x000031f9   Thumb Code   144  fsl_dmic_dma.o(i.DMIC_TransferCreateHandleDMA)
    DMIC_TransferReceiveDMA                  0x000032e1   Thumb Code   164  fsl_dmic_dma.o(i.DMIC_TransferReceiveDMA)
    DMIC_Use2fs                              0x00003459   Thumb Code     6  fsl_dmic.o(i.DMIC_Use2fs)
    DMIC_UserCallback                        0x00003461   Thumb Code    80  dma.o(i.DMIC_UserCallback)
    DbgConsole_Init                          0x00003579   Thumb Code    74  fsl_debug_console.o(i.DbgConsole_Init)
    DbgConsole_Printf                        0x000035d1   Thumb Code    44  fsl_debug_console.o(i.DbgConsole_Printf)
    DbgConsole_Putchar                       0x00003869   Thumb Code    30  fsl_debug_console.o(i.DbgConsole_Putchar)
    EMC_DynamicMemInit                       0x000038c9   Thumb Code   596  fsl_emc.o(i.EMC_DynamicMemInit)
    EMC_Init                                 0x00003be5   Thumb Code   102  fsl_emc.o(i.EMC_Init)
    ETHERNET_DriverIRQHandler                0x00003cbd   Thumb Code    16  fsl_enet.o(i.ETHERNET_DriverIRQHandler)
    FLEXCOMM0_DriverIRQHandler               0x00003cd9   Thumb Code    36  fsl_flexcomm.o(i.FLEXCOMM0_DriverIRQHandler)
    FLEXCOMM1_DriverIRQHandler               0x00003d3d   Thumb Code    36  fsl_flexcomm.o(i.FLEXCOMM1_DriverIRQHandler)
    FLEXCOMM2_DriverIRQHandler               0x00003da1   Thumb Code    36  fsl_flexcomm.o(i.FLEXCOMM2_DriverIRQHandler)
    FLEXCOMM3_DriverIRQHandler               0x00003e05   Thumb Code    36  fsl_flexcomm.o(i.FLEXCOMM3_DriverIRQHandler)
    FLEXCOMM4_DriverIRQHandler               0x00003e69   Thumb Code    36  fsl_flexcomm.o(i.FLEXCOMM4_DriverIRQHandler)
    FLEXCOMM5_DriverIRQHandler               0x00003ecd   Thumb Code    36  fsl_flexcomm.o(i.FLEXCOMM5_DriverIRQHandler)
    FLEXCOMM8_DriverIRQHandler               0x00003f31   Thumb Code    36  fsl_flexcomm.o(i.FLEXCOMM8_DriverIRQHandler)
    FLEXCOMM9_DriverIRQHandler               0x00003f95   Thumb Code    36  fsl_flexcomm.o(i.FLEXCOMM9_DriverIRQHandler)
    FLEXCOMM_GetInstance                     0x00003ff9   Thumb Code    38  fsl_flexcomm.o(i.FLEXCOMM_GetInstance)
    FLEXCOMM_Init                            0x00004049   Thumb Code    72  fsl_flexcomm.o(i.FLEXCOMM_Init)
    FLEXCOMM_SetPeriph                       0x000040d7   Thumb Code    68  fsl_flexcomm.o(i.FLEXCOMM_SetPeriph)
    GINT0_DriverIRQHandler                   0x00004131   Thumb Code    32  fsl_gint.o(i.GINT0_DriverIRQHandler)
    GINT1_DriverIRQHandler                   0x00004159   Thumb Code    32  fsl_gint.o(i.GINT1_DriverIRQHandler)
    HWVAD0_IRQHandler                        0x00004181   Thumb Code    16  fsl_dmic.o(i.HWVAD0_IRQHandler)
    I2C_MasterGetDefaultConfig               0x000041c1   Thumb Code    14  fsl_i2c.o(i.I2C_MasterGetDefaultConfig)
    I2C_MasterInit                           0x000041d5   Thumb Code    36  fsl_i2c.o(i.I2C_MasterInit)
    I2C_MasterReadBlocking                   0x000041f9   Thumb Code   184  fsl_i2c.o(i.I2C_MasterReadBlocking)
    I2C_MasterSetBaudRate                    0x000042e5   Thumb Code   136  fsl_i2c.o(i.I2C_MasterSetBaudRate)
    I2C_MasterStart                          0x0000436d   Thumb Code    34  fsl_i2c.o(i.I2C_MasterStart)
    I2C_MasterStop                           0x0000438f   Thumb Code    20  fsl_i2c.o(i.I2C_MasterStop)
    I2C_MasterTransferBlocking               0x000043a5   Thumb Code   218  fsl_i2c.o(i.I2C_MasterTransferBlocking)
    I2C_MasterWriteBlocking                  0x000044a1   Thumb Code   202  fsl_i2c.o(i.I2C_MasterWriteBlocking)
    I2S_DMACallback                          0x0000484d   Thumb Code   398  fsl_i2s_dma.o(i.I2S_DMACallback)
    I2S_TransferAbortDMA                     0x00004d89   Thumb Code   162  fsl_i2s_dma.o(i.I2S_TransferAbortDMA)
    I2S_TxGetDefaultConfig                   0x00004e93   Thumb Code    52  fsl_i2s.o(i.I2S_TxGetDefaultConfig)
    I2S_TxInit                               0x00004ec7   Thumb Code    84  fsl_i2s.o(i.I2S_TxInit)
    I2S_TxTransferCreateHandleDMA            0x00004f1d   Thumb Code   120  fsl_i2s_dma.o(i.I2S_TxTransferCreateHandleDMA)
    I2S_TxTransferSendDMA                    0x00004fcd   Thumb Code    60  fsl_i2s_dma.o(i.I2S_TxTransferSendDMA)
    InitAllBuffers                           0x00005015   Thumb Code   124  main.o(i.InitAllBuffers)
    InitAudio_CODEC                          0x000050cd   Thumb Code   198  audio.o(i.InitAudio_CODEC)
    Init_DMA                                 0x000051cd   Thumb Code   158  dma.o(i.Init_DMA)
    Init_DMIC                                0x000052a9   Thumb Code   190  audio.o(i.Init_DMIC)
    LCDC_ClearInterruptsStatus               0x0000537d   Thumb Code    22  fsl_lcdc.o(i.LCDC_ClearInterruptsStatus)
    LCDC_EnableInterrupts                    0x00005393   Thumb Code    32  fsl_lcdc.o(i.LCDC_EnableInterrupts)
    LCDC_GetDefaultConfig                    0x000054a9   Thumb Code    52  fsl_lcdc.o(i.LCDC_GetDefaultConfig)
    LCDC_GetEnabledInterruptsPendingStatus   0x000054dd   Thumb Code    12  fsl_lcdc.o(i.LCDC_GetEnabledInterruptsPendingStatus)
    LCDC_Init                                0x00005559   Thumb Code   362  fsl_lcdc.o(i.LCDC_Init)
    LCD_IRQHandler                           0x00005765   Thumb Code    48  egfx_driver_lpcxpresso_54608.o(i.LCD_IRQHandler)
    PINT_PatternMatchResetDetectLogic        0x000057dd   Thumb Code    20  fsl_pint.o(i.PINT_PatternMatchResetDetectLogic)
    PIN_INT0_DriverIRQHandler                0x000057f9   Thumb Code    40  fsl_pint.o(i.PIN_INT0_DriverIRQHandler)
    PIN_INT1_DriverIRQHandler                0x00005825   Thumb Code    40  fsl_pint.o(i.PIN_INT1_DriverIRQHandler)
    PIN_INT2_DriverIRQHandler                0x00005851   Thumb Code    40  fsl_pint.o(i.PIN_INT2_DriverIRQHandler)
    PIN_INT3_DriverIRQHandler                0x0000587d   Thumb Code    40  fsl_pint.o(i.PIN_INT3_DriverIRQHandler)
    PIN_INT4_DriverIRQHandler                0x000058a9   Thumb Code    40  fsl_pint.o(i.PIN_INT4_DriverIRQHandler)
    PIN_INT5_DriverIRQHandler                0x000058d5   Thumb Code    40  fsl_pint.o(i.PIN_INT5_DriverIRQHandler)
    PIN_INT6_DriverIRQHandler                0x00005901   Thumb Code    40  fsl_pint.o(i.PIN_INT6_DriverIRQHandler)
    PIN_INT7_DriverIRQHandler                0x0000592d   Thumb Code    40  fsl_pint.o(i.PIN_INT7_DriverIRQHandler)
    POWER_SetPLL                             0x00005981   Thumb Code    24  fsl_power_lib.o(i.POWER_SetPLL)
    POWER_SetVoltageForFreq                  0x000059a1   Thumb Code   110  fsl_power_lib.o(i.POWER_SetVoltageForFreq)
    POWER_setVdLevel                         0x00005a15   Thumb Code    14  fsl_power_lib.o(i.POWER_setVdLevel)
    RESET_ClearPeripheralReset               0x00005a29   Thumb Code    80  fsl_reset.o(i.RESET_ClearPeripheralReset)
    RESET_PeripheralReset                    0x00005aa9   Thumb Code    18  fsl_reset.o(i.RESET_PeripheralReset)
    RESET_SetPeripheralReset                 0x00005abd   Thumb Code    80  fsl_reset.o(i.RESET_SetPeripheralReset)
    SCT0_IRQHandler                          0x00005b3d   Thumb Code    12  fsl_sctimer.o(i.SCT0_IRQHandler)
    SCTIMER_CreateAndScheduleEvent           0x00005b51   Thumb Code   456  fsl_sctimer.o(i.SCTIMER_CreateAndScheduleEvent)
    SCTIMER_EventHandleIRQ                   0x00005d29   Thumb Code    72  fsl_sctimer.o(i.SCTIMER_EventHandleIRQ)
    SCTIMER_GetDefaultConfig                 0x00005d79   Thumb Code    40  fsl_sctimer.o(i.SCTIMER_GetDefaultConfig)
    SCTIMER_Init                             0x00005e35   Thumb Code   222  fsl_sctimer.o(i.SCTIMER_Init)
    SCTIMER_SetupPwm                         0x00005f99   Thumb Code   426  fsl_sctimer.o(i.SCTIMER_SetupPwm)
    SDIO_DriverIRQHandler                    0x0000618d   Thumb Code    36  fsl_sdif.o(i.SDIO_DriverIRQHandler)
    SystemInit                               0x000061e5   Thumb Code    28  system_lpc54608.o(i.SystemInit)
    USART_GetDefaultConfig                   0x0000620d   Thumb Code    48  fsl_usart.o(i.USART_GetDefaultConfig)
    USART_Init                               0x00006265   Thumb Code   226  fsl_usart.o(i.USART_Init)
    USART_ReadBlocking                       0x0000639d   Thumb Code   188  fsl_usart.o(i.USART_ReadBlocking)
    USART_SetBaudRate                        0x00006495   Thumb Code   152  fsl_usart.o(i.USART_SetBaudRate)
    USART_WriteBlocking                      0x00006585   Thumb Code    92  fsl_usart.o(i.USART_WriteBlocking)
    UTICK0_DriverIRQHandler                  0x0000661d   Thumb Code    16  fsl_utick.o(i.UTICK0_DriverIRQHandler)
    WM8904_GetDefaultConfig                  0x00006639   Thumb Code    26  fsl_wm8904.o(i.WM8904_GetDefaultConfig)
    WM8904_Init                              0x00006653   Thumb Code   548  fsl_wm8904.o(i.WM8904_Init)
    WM8904_SetAudioFormat                    0x00006901   Thumb Code    94  fsl_wm8904.o(i.WM8904_SetAudioFormat)
    WM8904_SetMasterSlave                    0x0000695f   Thumb Code    12  fsl_wm8904.o(i.WM8904_SetMasterSlave)
    WM8904_SetProtocol                       0x0000696b   Thumb Code    20  fsl_wm8904.o(i.WM8904_SetProtocol)
    WM8904_SetVolume                         0x0000697f   Thumb Code    58  fsl_wm8904.o(i.WM8904_SetVolume)
    __0vsnprintf                             0x00006a29   Thumb Code    40  printfa.o(i.__0vsnprintf)
    __1vsnprintf                             0x00006a29   Thumb Code     0  printfa.o(i.__0vsnprintf)
    __2vsnprintf                             0x00006a29   Thumb Code     0  printfa.o(i.__0vsnprintf)
    __c89vsnprintf                           0x00006a29   Thumb Code     0  printfa.o(i.__0vsnprintf)
    vsnprintf                                0x00006a29   Thumb Code     0  printfa.o(i.__0vsnprintf)
    __aeabi_assert                           0x00006a55   Thumb Code    24  fsl_common.o(i.__aeabi_assert)
    __scatterload_copy                       0x00006a99   Thumb Code    14  handlers.o(i.__scatterload_copy)
    __scatterload_null                       0x00006aa7   Thumb Code     2  handlers.o(i.__scatterload_null)
    __scatterload_zeroinit                   0x00006aa9   Thumb Code    14  handlers.o(i.__scatterload_zeroinit)
    arm_fir_decimate_f32                     0x00007381   Thumb Code   596  arm_fir_decimate_f32.o(i.arm_fir_decimate_f32)
    arm_fir_decimate_init_f32                0x000075d9   Thumb Code    50  arm_fir_decimate_init_f32.o(i.arm_fir_decimate_init_f32)
    codecTxCallback                          0x0000760d   Thumb Code   140  dma.o(i.codecTxCallback)
    eGFX_BitStreamGet                        0x000076c1   Thumb Code    20  egfx.o(i.eGFX_BitStreamGet)
    eGFX_BitStreamPut                        0x000076d5   Thumb Code    36  egfx.o(i.eGFX_BitStreamPut)
    eGFX_Blit                                0x000076f9   Thumb Code    74  egfx.o(i.eGFX_Blit)
    eGFX_DrawCharacter                       0x00007743   Thumb Code    70  egfx.o(i.eGFX_DrawCharacter)
    eGFX_DrawString                          0x00007789   Thumb Code    76  egfx.o(i.eGFX_DrawString)
    eGFX_Dump                                0x000077d5   Thumb Code    68  egfx_driver_lpcxpresso_54608.o(i.eGFX_Dump)
    eGFX_GetPixel                            0x00007825   Thumb Code   334  egfx.o(i.eGFX_GetPixel)
    eGFX_GetStringWidth                      0x00007973   Thumb Code    66  egfx.o(i.eGFX_GetStringWidth)
    eGFX_ImagePlaneInit                      0x000079b5   Thumb Code    14  egfx.o(i.eGFX_ImagePlaneInit)
    eGFX_ImagePlane_Clear                    0x000079c3   Thumb Code   206  egfx.o(i.eGFX_ImagePlane_Clear)
    eGFX_InitDriver                          0x00007a91   Thumb Code    56  egfx_driver_lpcxpresso_54608.o(i.eGFX_InitDriver)
    eGFX_PutPixel                            0x00007ad1   Thumb Code   350  egfx.o(i.eGFX_PutPixel)
    eGFX_WaitForVSync                        0x00007c31   Thumb Code    12  egfx_driver_lpcxpresso_54608.o(i.eGFX_WaitForVSync)
    eGFX_printf                              0x00007c41   Thumb Code    68  egfx.o(i.eGFX_printf)
    main                                     0x00007ce5   Thumb Code   444  main.o(i.main)
    g_I2S_Mclk_Freq                          0x0000819c   Data           4  fsl_clock.o(.constdata)
    g_Ext_Clk_Freq                           0x000081a0   Data           4  fsl_clock.o(.constdata)
    g_Lcd_Clk_In_Freq                        0x000081a4   Data           4  fsl_clock.o(.constdata)
    kFlexcommIrqs                            0x0000824c   Data          10  fsl_flexcomm.o(.constdata)
    BUFFER_SIZE                              0x000082cc   Data           4  main.o(.constdata)
    CodecBuffDiv                             0x000082d0   Data           4  main.o(.constdata)
    OCR_A_Extended__20px__Bold__SingleBitPerPixelGridFit_1BPP_FontElement_space_Data 0x000082f0   Data          20  ocr_a_extended__20px__bold__singlebitperpixelgridfit_1bpp.o(.constdata)
    OCR_A_Extended__20px__Bold__SingleBitPerPixelGridFit_1BPP_FontElement_space 0x00008304   Data          12  ocr_a_extended__20px__bold__singlebitperpixelgridfit_1bpp.o(.constdata)
    OCR_A_Extended__20px__Bold__SingleBitPerPixelGridFit_1BPP_FontElement_exclamation_point_Data 0x00008310   Data          20  ocr_a_extended__20px__bold__singlebitperpixelgridfit_1bpp.o(.constdata)
    OCR_A_Extended__20px__Bold__SingleBitPerPixelGridFit_1BPP_FontElement_exclamation_point 0x00008324   Data          12  ocr_a_extended__20px__bold__singlebitperpixelgridfit_1bpp.o(.constdata)
    OCR_A_Extended__20px__Bold__SingleBitPerPixelGridFit_1BPP_FontElement_double_quotes_Data 0x00008330   Data          20  ocr_a_extended__20px__bold__singlebitperpixelgridfit_1bpp.o(.constdata)
    OCR_A_Extended__20px__Bold__SingleBitPerPixelGridFit_1BPP_FontElement_double_quotes 0x00008344   Data          12  ocr_a_extended__20px__bold__singlebitperpixelgridfit_1bpp.o(.constdata)
    OCR_A_Extended__20px__Bold__SingleBitPerPixelGridFit_1BPP_FontElement_pound_Data 0x00008350   Data          40  ocr_a_extended__20px__bold__singlebitperpixelgridfit_1bpp.o(.constdata)
    OCR_A_Extended__20px__Bold__SingleBitPerPixelGridFit_1BPP_FontElement_pound 0x00008378   Data          12  ocr_a_extended__20px__bold__singlebitperpixelgridfit_1bpp.o(.constdata)
    OCR_A_Extended__20px__Bold__SingleBitPerPixelGridFit_1BPP_FontElement_dollar_sign_Data 0x00008384   Data          20  ocr_a_extended__20px__bold__singlebitperpixelgridfit_1bpp.o(.constdata)
    OCR_A_Extended__20px__Bold__SingleBitPerPixelGridFit_1BPP_FontElement_dollar_sign 0x00008398   Data          12  ocr_a_extended__20px__bold__singlebitperpixelgridfit_1bpp.o(.constdata)
    OCR_A_Extended__20px__Bold__SingleBitPerPixelGridFit_1BPP_FontElement_precent_sign_Data 0x000083a4   Data          20  ocr_a_extended__20px__bold__singlebitperpixelgridfit_1bpp.o(.constdata)
    OCR_A_Extended__20px__Bold__SingleBitPerPixelGridFit_1BPP_FontElement_precent_sign 0x000083b8   Data          12  ocr_a_extended__20px__bold__singlebitperpixelgridfit_1bpp.o(.constdata)
    OCR_A_Extended__20px__Bold__SingleBitPerPixelGridFit_1BPP_FontElement_ampersand_Data 0x000083c4   Data          20  ocr_a_extended__20px__bold__singlebitperpixelgridfit_1bpp.o(.constdata)
    OCR_A_Extended__20px__Bold__SingleBitPerPixelGridFit_1BPP_FontElement_ampersand 0x000083d8   Data          12  ocr_a_extended__20px__bold__singlebitperpixelgridfit_1bpp.o(.constdata)
    OCR_A_Extended__20px__Bold__SingleBitPerPixelGridFit_1BPP_FontElement_single_quote_Data 0x000083e4   Data          20  ocr_a_extended__20px__bold__singlebitperpixelgridfit_1bpp.o(.constdata)
    OCR_A_Extended__20px__Bold__SingleBitPerPixelGridFit_1BPP_FontElement_single_quote 0x000083f8   Data          12  ocr_a_extended__20px__bold__singlebitperpixelgridfit_1bpp.o(.constdata)
    OCR_A_Extended__20px__Bold__SingleBitPerPixelGridFit_1BPP_FontElement_left_parenthesis_Data 0x00008404   Data          20  ocr_a_extended__20px__bold__singlebitperpixelgridfit_1bpp.o(.constdata)
    OCR_A_Extended__20px__Bold__SingleBitPerPixelGridFit_1BPP_FontElement_left_parenthesis 0x00008418   Data          12  ocr_a_extended__20px__bold__singlebitperpixelgridfit_1bpp.o(.constdata)
    OCR_A_Extended__20px__Bold__SingleBitPerPixelGridFit_1BPP_FontElement_right_parenthesis_Data 0x00008424   Data          20  ocr_a_extended__20px__bold__singlebitperpixelgridfit_1bpp.o(.constdata)
    OCR_A_Extended__20px__Bold__SingleBitPerPixelGridFit_1BPP_FontElement_right_parenthesis 0x00008438   Data          12  ocr_a_extended__20px__bold__singlebitperpixelgridfit_1bpp.o(.constdata)
    OCR_A_Extended__20px__Bold__SingleBitPerPixelGridFit_1BPP_FontElement_star_Data 0x00008444   Data          20  ocr_a_extended__20px__bold__singlebitperpixelgridfit_1bpp.o(.constdata)
    OCR_A_Extended__20px__Bold__SingleBitPerPixelGridFit_1BPP_FontElement_star 0x00008458   Data          12  ocr_a_extended__20px__bold__singlebitperpixelgridfit_1bpp.o(.constdata)
    OCR_A_Extended__20px__Bold__SingleBitPerPixelGridFit_1BPP_FontElement_plus_Data 0x00008464   Data          20  ocr_a_extended__20px__bold__singlebitperpixelgridfit_1bpp.o(.constdata)
    OCR_A_Extended__20px__Bold__SingleBitPerPixelGridFit_1BPP_FontElement_plus 0x00008478   Data          12  ocr_a_extended__20px__bold__singlebitperpixelgridfit_1bpp.o(.constdata)
    OCR_A_Extended__20px__Bold__SingleBitPerPixelGridFit_1BPP_FontElement_comma_Data 0x00008484   Data          20  ocr_a_extended__20px__bold__singlebitperpixelgridfit_1bpp.o(.constdata)
    OCR_A_Extended__20px__Bold__SingleBitPerPixelGridFit_1BPP_FontElement_comma 0x00008498   Data          12  ocr_a_extended__20px__bold__singlebitperpixelgridfit_1bpp.o(.constdata)
    OCR_A_Extended__20px__Bold__SingleBitPerPixelGridFit_1BPP_FontElement_dash_Data 0x000084a4   Data          20  ocr_a_extended__20px__bold__singlebitperpixelgridfit_1bpp.o(.constdata)
    OCR_A_Extended__20px__Bold__SingleBitPerPixelGridFit_1BPP_FontElement_dash 0x000084b8   Data          12  ocr_a_extended__20px__bold__singlebitperpixelgridfit_1bpp.o(.constdata)
    OCR_A_Extended__20px__Bold__SingleBitPerPixelGridFit_1BPP_FontElement_period_Data 0x000084c4   Data          20  ocr_a_extended__20px__bold__singlebitperpixelgridfit_1bpp.o(.constdata)
    OCR_A_Extended__20px__Bold__SingleBitPerPixelGridFit_1BPP_FontElement_period 0x000084d8   Data          12  ocr_a_extended__20px__bold__singlebitperpixelgridfit_1bpp.o(.constdata)
    OCR_A_Extended__20px__Bold__SingleBitPerPixelGridFit_1BPP_FontElement_forward_slash_Data 0x000084e4   Data          20  ocr_a_extended__20px__bold__singlebitperpixelgridfit_1bpp.o(.constdata)
    OCR_A_Extended__20px__Bold__SingleBitPerPixelGridFit_1BPP_FontElement_forward_slash 0x000084f8   Data          12  ocr_a_extended__20px__bold__singlebitperpixelgridfit_1bpp.o(.constdata)
    OCR_A_Extended__20px__Bold__SingleBitPerPixelGridFit_1BPP_FontElement_0_Data 0x00008504   Data          20  ocr_a_extended__20px__bold__singlebitperpixelgridfit_1bpp.o(.constdata)
    OCR_A_Extended__20px__Bold__SingleBitPerPixelGridFit_1BPP_FontElement_0 0x00008518   Data          12  ocr_a_extended__20px__bold__singlebitperpixelgridfit_1bpp.o(.constdata)
    OCR_A_Extended__20px__Bold__SingleBitPerPixelGridFit_1BPP_FontElement_1_Data 0x00008524   Data          20  ocr_a_extended__20px__bold__singlebitperpixelgridfit_1bpp.o(.constdata)
    OCR_A_Extended__20px__Bold__SingleBitPerPixelGridFit_1BPP_FontElement_1 0x00008538   Data          12  ocr_a_extended__20px__bold__singlebitperpixelgridfit_1bpp.o(.constdata)
    OCR_A_Extended__20px__Bold__SingleBitPerPixelGridFit_1BPP_FontElement_2_Data 0x00008544   Data          20  ocr_a_extended__20px__bold__singlebitperpixelgridfit_1bpp.o(.constdata)
    OCR_A_Extended__20px__Bold__SingleBitPerPixelGridFit_1BPP_FontElement_2 0x00008558   Data          12  ocr_a_extended__20px__bold__singlebitperpixelgridfit_1bpp.o(.constdata)
    OCR_A_Extended__20px__Bold__SingleBitPerPixelGridFit_1BPP_FontElement_3_Data 0x00008564   Data          40  ocr_a_extended__20px__bold__singlebitperpixelgridfit_1bpp.o(.constdata)
    OCR_A_Extended__20px__Bold__SingleBitPerPixelGridFit_1BPP_FontElement_3 0x0000858c   Data          12  ocr_a_extended__20px__bold__singlebitperpixelgridfit_1bpp.o(.constdata)
    OCR_A_Extended__20px__Bold__SingleBitPerPixelGridFit_1BPP_FontElement_4_Data 0x00008598   Data          20  ocr_a_extended__20px__bold__singlebitperpixelgridfit_1bpp.o(.constdata)
    OCR_A_Extended__20px__Bold__SingleBitPerPixelGridFit_1BPP_FontElement_4 0x000085ac   Data          12  ocr_a_extended__20px__bold__singlebitperpixelgridfit_1bpp.o(.constdata)
    OCR_A_Extended__20px__Bold__SingleBitPerPixelGridFit_1BPP_FontElement_5_Data 0x000085b8   Data          20  ocr_a_extended__20px__bold__singlebitperpixelgridfit_1bpp.o(.constdata)
    OCR_A_Extended__20px__Bold__SingleBitPerPixelGridFit_1BPP_FontElement_5 0x000085cc   Data          12  ocr_a_extended__20px__bold__singlebitperpixelgridfit_1bpp.o(.constdata)
    OCR_A_Extended__20px__Bold__SingleBitPerPixelGridFit_1BPP_FontElement_6_Data 0x000085d8   Data          20  ocr_a_extended__20px__bold__singlebitperpixelgridfit_1bpp.o(.constdata)
    OCR_A_Extended__20px__Bold__SingleBitPerPixelGridFit_1BPP_FontElement_6 0x000085ec   Data          12  ocr_a_extended__20px__bold__singlebitperpixelgridfit_1bpp.o(.constdata)
    OCR_A_Extended__20px__Bold__SingleBitPerPixelGridFit_1BPP_FontElement_7_Data 0x000085f8   Data          20  ocr_a_extended__20px__bold__singlebitperpixelgridfit_1bpp.o(.constdata)
    OCR_A_Extended__20px__Bold__SingleBitPerPixelGridFit_1BPP_FontElement_7 0x0000860c   Data          12  ocr_a_extended__20px__bold__singlebitperpixelgridfit_1bpp.o(.constdata)
    OCR_A_Extended__20px__Bold__SingleBitPerPixelGridFit_1BPP_FontElement_8_Data 0x00008618   Data          20  ocr_a_extended__20px__bold__singlebitperpixelgridfit_1bpp.o(.constdata)
    OCR_A_Extended__20px__Bold__SingleBitPerPixelGridFit_1BPP_FontElement_8 0x0000862c   Data          12  ocr_a_extended__20px__bold__singlebitperpixelgridfit_1bpp.o(.constdata)
    OCR_A_Extended__20px__Bold__SingleBitPerPixelGridFit_1BPP_FontElement_9_Data 0x00008638   Data          20  ocr_a_extended__20px__bold__singlebitperpixelgridfit_1bpp.o(.constdata)
    OCR_A_Extended__20px__Bold__SingleBitPerPixelGridFit_1BPP_FontElement_9 0x0000864c   Data          12  ocr_a_extended__20px__bold__singlebitperpixelgridfit_1bpp.o(.constdata)
    OCR_A_Extended__20px__Bold__SingleBitPerPixelGridFit_1BPP_FontElement_colon_Data 0x00008658   Data          20  ocr_a_extended__20px__bold__singlebitperpixelgridfit_1bpp.o(.constdata)
    OCR_A_Extended__20px__Bold__SingleBitPerPixelGridFit_1BPP_FontElement_colon 0x0000866c   Data          12  ocr_a_extended__20px__bold__singlebitperpixelgridfit_1bpp.o(.constdata)
    OCR_A_Extended__20px__Bold__SingleBitPerPixelGridFit_1BPP_FontElement_semicolon_Data 0x00008678   Data          20  ocr_a_extended__20px__bold__singlebitperpixelgridfit_1bpp.o(.constdata)
    OCR_A_Extended__20px__Bold__SingleBitPerPixelGridFit_1BPP_FontElement_semicolon 0x0000868c   Data          12  ocr_a_extended__20px__bold__singlebitperpixelgridfit_1bpp.o(.constdata)
    OCR_A_Extended__20px__Bold__SingleBitPerPixelGridFit_1BPP_FontElement_less_than_Data 0x00008698   Data          20  ocr_a_extended__20px__bold__singlebitperpixelgridfit_1bpp.o(.constdata)
    OCR_A_Extended__20px__Bold__SingleBitPerPixelGridFit_1BPP_FontElement_less_than 0x000086ac   Data          12  ocr_a_extended__20px__bold__singlebitperpixelgridfit_1bpp.o(.constdata)
    OCR_A_Extended__20px__Bold__SingleBitPerPixelGridFit_1BPP_FontElement_equals_Data 0x000086b8   Data          20  ocr_a_extended__20px__bold__singlebitperpixelgridfit_1bpp.o(.constdata)
    OCR_A_Extended__20px__Bold__SingleBitPerPixelGridFit_1BPP_FontElement_equals 0x000086cc   Data          12  ocr_a_extended__20px__bold__singlebitperpixelgridfit_1bpp.o(.constdata)
    OCR_A_Extended__20px__Bold__SingleBitPerPixelGridFit_1BPP_FontElement_great_than_Data 0x000086d8   Data          20  ocr_a_extended__20px__bold__singlebitperpixelgridfit_1bpp.o(.constdata)
    OCR_A_Extended__20px__Bold__SingleBitPerPixelGridFit_1BPP_FontElement_great_than 0x000086ec   Data          12  ocr_a_extended__20px__bold__singlebitperpixelgridfit_1bpp.o(.constdata)
    OCR_A_Extended__20px__Bold__SingleBitPerPixelGridFit_1BPP_FontElement_question_mark_Data 0x000086f8   Data          20  ocr_a_extended__20px__bold__singlebitperpixelgridfit_1bpp.o(.constdata)
    OCR_A_Extended__20px__Bold__SingleBitPerPixelGridFit_1BPP_FontElement_question_mark 0x0000870c   Data          12  ocr_a_extended__20px__bold__singlebitperpixelgridfit_1bpp.o(.constdata)
    OCR_A_Extended__20px__Bold__SingleBitPerPixelGridFit_1BPP_FontElement_at_Data 0x00008718   Data          20  ocr_a_extended__20px__bold__singlebitperpixelgridfit_1bpp.o(.constdata)
    OCR_A_Extended__20px__Bold__SingleBitPerPixelGridFit_1BPP_FontElement_at 0x0000872c   Data          12  ocr_a_extended__20px__bold__singlebitperpixelgridfit_1bpp.o(.constdata)
    OCR_A_Extended__20px__Bold__SingleBitPerPixelGridFit_1BPP_FontElement_uc_A_Data 0x00008738   Data          20  ocr_a_extended__20px__bold__singlebitperpixelgridfit_1bpp.o(.constdata)
    OCR_A_Extended__20px__Bold__SingleBitPerPixelGridFit_1BPP_FontElement_uc_A 0x0000874c   Data          12  ocr_a_extended__20px__bold__singlebitperpixelgridfit_1bpp.o(.constdata)
    OCR_A_Extended__20px__Bold__SingleBitPerPixelGridFit_1BPP_FontElement_uc_B_Data 0x00008758   Data          20  ocr_a_extended__20px__bold__singlebitperpixelgridfit_1bpp.o(.constdata)
    OCR_A_Extended__20px__Bold__SingleBitPerPixelGridFit_1BPP_FontElement_uc_B 0x0000876c   Data          12  ocr_a_extended__20px__bold__singlebitperpixelgridfit_1bpp.o(.constdata)
    OCR_A_Extended__20px__Bold__SingleBitPerPixelGridFit_1BPP_FontElement_uc_C_Data 0x00008778   Data          20  ocr_a_extended__20px__bold__singlebitperpixelgridfit_1bpp.o(.constdata)
    OCR_A_Extended__20px__Bold__SingleBitPerPixelGridFit_1BPP_FontElement_uc_C 0x0000878c   Data          12  ocr_a_extended__20px__bold__singlebitperpixelgridfit_1bpp.o(.constdata)
    OCR_A_Extended__20px__Bold__SingleBitPerPixelGridFit_1BPP_FontElement_uc_D_Data 0x00008798   Data          20  ocr_a_extended__20px__bold__singlebitperpixelgridfit_1bpp.o(.constdata)
    OCR_A_Extended__20px__Bold__SingleBitPerPixelGridFit_1BPP_FontElement_uc_D 0x000087ac   Data          12  ocr_a_extended__20px__bold__singlebitperpixelgridfit_1bpp.o(.constdata)
    OCR_A_Extended__20px__Bold__SingleBitPerPixelGridFit_1BPP_FontElement_uc_E_Data 0x000087b8   Data          20  ocr_a_extended__20px__bold__singlebitperpixelgridfit_1bpp.o(.constdata)
    OCR_A_Extended__20px__Bold__SingleBitPerPixelGridFit_1BPP_FontElement_uc_E 0x000087cc   Data          12  ocr_a_extended__20px__bold__singlebitperpixelgridfit_1bpp.o(.constdata)
    OCR_A_Extended__20px__Bold__SingleBitPerPixelGridFit_1BPP_FontElement_uc_F_Data 0x000087d8   Data          20  ocr_a_extended__20px__bold__singlebitperpixelgridfit_1bpp.o(.constdata)
    OCR_A_Extended__20px__Bold__SingleBitPerPixelGridFit_1BPP_FontElement_uc_F 0x000087ec   Data          12  ocr_a_extended__20px__bold__singlebitperpixelgridfit_1bpp.o(.constdata)
    OCR_A_Extended__20px__Bold__SingleBitPerPixelGridFit_1BPP_FontElement_uc_G_Data 0x000087f8   Data          20  ocr_a_extended__20px__bold__singlebitperpixelgridfit_1bpp.o(.constdata)
    OCR_A_Extended__20px__Bold__SingleBitPerPixelGridFit_1BPP_FontElement_uc_G 0x0000880c   Data          12  ocr_a_extended__20px__bold__singlebitperpixelgridfit_1bpp.o(.constdata)
    OCR_A_Extended__20px__Bold__SingleBitPerPixelGridFit_1BPP_FontElement_uc_H_Data 0x00008818   Data          20  ocr_a_extended__20px__bold__singlebitperpixelgridfit_1bpp.o(.constdata)
    OCR_A_Extended__20px__Bold__SingleBitPerPixelGridFit_1BPP_FontElement_uc_H 0x0000882c   Data          12  ocr_a_extended__20px__bold__singlebitperpixelgridfit_1bpp.o(.constdata)
    OCR_A_Extended__20px__Bold__SingleBitPerPixelGridFit_1BPP_FontElement_uc_I_Data 0x00008838   Data          20  ocr_a_extended__20px__bold__singlebitperpixelgridfit_1bpp.o(.constdata)
    OCR_A_Extended__20px__Bold__SingleBitPerPixelGridFit_1BPP_FontElement_uc_I 0x0000884c   Data          12  ocr_a_extended__20px__bold__singlebitperpixelgridfit_1bpp.o(.constdata)
    OCR_A_Extended__20px__Bold__SingleBitPerPixelGridFit_1BPP_FontElement_uc_J_Data 0x00008858   Data          20  ocr_a_extended__20px__bold__singlebitperpixelgridfit_1bpp.o(.constdata)
    OCR_A_Extended__20px__Bold__SingleBitPerPixelGridFit_1BPP_FontElement_uc_J 0x0000886c   Data          12  ocr_a_extended__20px__bold__singlebitperpixelgridfit_1bpp.o(.constdata)
    OCR_A_Extended__20px__Bold__SingleBitPerPixelGridFit_1BPP_FontElement_uc_K_Data 0x00008878   Data          20  ocr_a_extended__20px__bold__singlebitperpixelgridfit_1bpp.o(.constdata)
    OCR_A_Extended__20px__Bold__SingleBitPerPixelGridFit_1BPP_FontElement_uc_K 0x0000888c   Data          12  ocr_a_extended__20px__bold__singlebitperpixelgridfit_1bpp.o(.constdata)
    OCR_A_Extended__20px__Bold__SingleBitPerPixelGridFit_1BPP_FontElement_uc_L_Data 0x00008898   Data          20  ocr_a_extended__20px__bold__singlebitperpixelgridfit_1bpp.o(.constdata)
    OCR_A_Extended__20px__Bold__SingleBitPerPixelGridFit_1BPP_FontElement_uc_L 0x000088ac   Data          12  ocr_a_extended__20px__bold__singlebitperpixelgridfit_1bpp.o(.constdata)
    OCR_A_Extended__20px__Bold__SingleBitPerPixelGridFit_1BPP_FontElement_uc_M_Data 0x000088b8   Data          20  ocr_a_extended__20px__bold__singlebitperpixelgridfit_1bpp.o(.constdata)
    OCR_A_Extended__20px__Bold__SingleBitPerPixelGridFit_1BPP_FontElement_uc_M 0x000088cc   Data          12  ocr_a_extended__20px__bold__singlebitperpixelgridfit_1bpp.o(.constdata)
    OCR_A_Extended__20px__Bold__SingleBitPerPixelGridFit_1BPP_FontElement_uc_N_Data 0x000088d8   Data          20  ocr_a_extended__20px__bold__singlebitperpixelgridfit_1bpp.o(.constdata)
    OCR_A_Extended__20px__Bold__SingleBitPerPixelGridFit_1BPP_FontElement_uc_N 0x000088ec   Data          12  ocr_a_extended__20px__bold__singlebitperpixelgridfit_1bpp.o(.constdata)
    OCR_A_Extended__20px__Bold__SingleBitPerPixelGridFit_1BPP_FontElement_uc_O_Data 0x000088f8   Data          20  ocr_a_extended__20px__bold__singlebitperpixelgridfit_1bpp.o(.constdata)
    OCR_A_Extended__20px__Bold__SingleBitPerPixelGridFit_1BPP_FontElement_uc_O 0x0000890c   Data          12  ocr_a_extended__20px__bold__singlebitperpixelgridfit_1bpp.o(.constdata)
    OCR_A_Extended__20px__Bold__SingleBitPerPixelGridFit_1BPP_FontElement_uc_P_Data 0x00008918   Data          20  ocr_a_extended__20px__bold__singlebitperpixelgridfit_1bpp.o(.constdata)
    OCR_A_Extended__20px__Bold__SingleBitPerPixelGridFit_1BPP_FontElement_uc_P 0x0000892c   Data          12  ocr_a_extended__20px__bold__singlebitperpixelgridfit_1bpp.o(.constdata)
    OCR_A_Extended__20px__Bold__SingleBitPerPixelGridFit_1BPP_FontElement_uc_Q_Data 0x00008938   Data          20  ocr_a_extended__20px__bold__singlebitperpixelgridfit_1bpp.o(.constdata)
    OCR_A_Extended__20px__Bold__SingleBitPerPixelGridFit_1BPP_FontElement_uc_Q 0x0000894c   Data          12  ocr_a_extended__20px__bold__singlebitperpixelgridfit_1bpp.o(.constdata)
    OCR_A_Extended__20px__Bold__SingleBitPerPixelGridFit_1BPP_FontElement_uc_R_Data 0x00008958   Data          20  ocr_a_extended__20px__bold__singlebitperpixelgridfit_1bpp.o(.constdata)
    OCR_A_Extended__20px__Bold__SingleBitPerPixelGridFit_1BPP_FontElement_uc_R 0x0000896c   Data          12  ocr_a_extended__20px__bold__singlebitperpixelgridfit_1bpp.o(.constdata)
    OCR_A_Extended__20px__Bold__SingleBitPerPixelGridFit_1BPP_FontElement_uc_S_Data 0x00008978   Data          20  ocr_a_extended__20px__bold__singlebitperpixelgridfit_1bpp.o(.constdata)
    OCR_A_Extended__20px__Bold__SingleBitPerPixelGridFit_1BPP_FontElement_uc_S 0x0000898c   Data          12  ocr_a_extended__20px__bold__singlebitperpixelgridfit_1bpp.o(.constdata)
    OCR_A_Extended__20px__Bold__SingleBitPerPixelGridFit_1BPP_FontElement_uc_T_Data 0x00008998   Data          20  ocr_a_extended__20px__bold__singlebitperpixelgridfit_1bpp.o(.constdata)
    OCR_A_Extended__20px__Bold__SingleBitPerPixelGridFit_1BPP_FontElement_uc_T 0x000089ac   Data          12  ocr_a_extended__20px__bold__singlebitperpixelgridfit_1bpp.o(.constdata)
    OCR_A_Extended__20px__Bold__SingleBitPerPixelGridFit_1BPP_FontElement_uc_U_Data 0x000089b8   Data          20  ocr_a_extended__20px__bold__singlebitperpixelgridfit_1bpp.o(.constdata)
    OCR_A_Extended__20px__Bold__SingleBitPerPixelGridFit_1BPP_FontElement_uc_U 0x000089cc   Data          12  ocr_a_extended__20px__bold__singlebitperpixelgridfit_1bpp.o(.constdata)
    OCR_A_Extended__20px__Bold__SingleBitPerPixelGridFit_1BPP_FontElement_uc_V_Data 0x000089d8   Data          20  ocr_a_extended__20px__bold__singlebitperpixelgridfit_1bpp.o(.constdata)
    OCR_A_Extended__20px__Bold__SingleBitPerPixelGridFit_1BPP_FontElement_uc_V 0x000089ec   Data          12  ocr_a_extended__20px__bold__singlebitperpixelgridfit_1bpp.o(.constdata)
    OCR_A_Extended__20px__Bold__SingleBitPerPixelGridFit_1BPP_FontElement_uc_W_Data 0x000089f8   Data          40  ocr_a_extended__20px__bold__singlebitperpixelgridfit_1bpp.o(.constdata)
    OCR_A_Extended__20px__Bold__SingleBitPerPixelGridFit_1BPP_FontElement_uc_W 0x00008a20   Data          12  ocr_a_extended__20px__bold__singlebitperpixelgridfit_1bpp.o(.constdata)
    OCR_A_Extended__20px__Bold__SingleBitPerPixelGridFit_1BPP_FontElement_uc_X_Data 0x00008a2c   Data          20  ocr_a_extended__20px__bold__singlebitperpixelgridfit_1bpp.o(.constdata)
    OCR_A_Extended__20px__Bold__SingleBitPerPixelGridFit_1BPP_FontElement_uc_X 0x00008a40   Data          12  ocr_a_extended__20px__bold__singlebitperpixelgridfit_1bpp.o(.constdata)
    OCR_A_Extended__20px__Bold__SingleBitPerPixelGridFit_1BPP_FontElement_uc_Y_Data 0x00008a4c   Data          20  ocr_a_extended__20px__bold__singlebitperpixelgridfit_1bpp.o(.constdata)
    OCR_A_Extended__20px__Bold__SingleBitPerPixelGridFit_1BPP_FontElement_uc_Y 0x00008a60   Data          12  ocr_a_extended__20px__bold__singlebitperpixelgridfit_1bpp.o(.constdata)
    OCR_A_Extended__20px__Bold__SingleBitPerPixelGridFit_1BPP_FontElement_uc_Z_Data 0x00008a6c   Data          20  ocr_a_extended__20px__bold__singlebitperpixelgridfit_1bpp.o(.constdata)
    OCR_A_Extended__20px__Bold__SingleBitPerPixelGridFit_1BPP_FontElement_uc_Z 0x00008a80   Data          12  ocr_a_extended__20px__bold__singlebitperpixelgridfit_1bpp.o(.constdata)
    OCR_A_Extended__20px__Bold__SingleBitPerPixelGridFit_1BPP_FontElement_left_bracket_Data 0x00008a8c   Data          20  ocr_a_extended__20px__bold__singlebitperpixelgridfit_1bpp.o(.constdata)
    OCR_A_Extended__20px__Bold__SingleBitPerPixelGridFit_1BPP_FontElement_left_bracket 0x00008aa0   Data          12  ocr_a_extended__20px__bold__singlebitperpixelgridfit_1bpp.o(.constdata)
    OCR_A_Extended__20px__Bold__SingleBitPerPixelGridFit_1BPP_FontElement_backslash_Data 0x00008aac   Data          20  ocr_a_extended__20px__bold__singlebitperpixelgridfit_1bpp.o(.constdata)
    OCR_A_Extended__20px__Bold__SingleBitPerPixelGridFit_1BPP_FontElement_backslash 0x00008ac0   Data          12  ocr_a_extended__20px__bold__singlebitperpixelgridfit_1bpp.o(.constdata)
    OCR_A_Extended__20px__Bold__SingleBitPerPixelGridFit_1BPP_FontElement_right_bracket_Data 0x00008acc   Data          20  ocr_a_extended__20px__bold__singlebitperpixelgridfit_1bpp.o(.constdata)
    OCR_A_Extended__20px__Bold__SingleBitPerPixelGridFit_1BPP_FontElement_right_bracket 0x00008ae0   Data          12  ocr_a_extended__20px__bold__singlebitperpixelgridfit_1bpp.o(.constdata)
    OCR_A_Extended__20px__Bold__SingleBitPerPixelGridFit_1BPP_FontElement_carret_Data 0x00008aec   Data          20  ocr_a_extended__20px__bold__singlebitperpixelgridfit_1bpp.o(.constdata)
    OCR_A_Extended__20px__Bold__SingleBitPerPixelGridFit_1BPP_FontElement_carret 0x00008b00   Data          12  ocr_a_extended__20px__bold__singlebitperpixelgridfit_1bpp.o(.constdata)
    OCR_A_Extended__20px__Bold__SingleBitPerPixelGridFit_1BPP_FontElement_underscore_Data 0x00008b0c   Data          40  ocr_a_extended__20px__bold__singlebitperpixelgridfit_1bpp.o(.constdata)
    OCR_A_Extended__20px__Bold__SingleBitPerPixelGridFit_1BPP_FontElement_underscore 0x00008b34   Data          12  ocr_a_extended__20px__bold__singlebitperpixelgridfit_1bpp.o(.constdata)
    OCR_A_Extended__20px__Bold__SingleBitPerPixelGridFit_1BPP_FontElement_slanted_single_quote_Data 0x00008b40   Data          20  ocr_a_extended__20px__bold__singlebitperpixelgridfit_1bpp.o(.constdata)
    OCR_A_Extended__20px__Bold__SingleBitPerPixelGridFit_1BPP_FontElement_slanted_single_quote 0x00008b54   Data          12  ocr_a_extended__20px__bold__singlebitperpixelgridfit_1bpp.o(.constdata)
    OCR_A_Extended__20px__Bold__SingleBitPerPixelGridFit_1BPP_FontElement_lc_a_Data 0x00008b60   Data          20  ocr_a_extended__20px__bold__singlebitperpixelgridfit_1bpp.o(.constdata)
    OCR_A_Extended__20px__Bold__SingleBitPerPixelGridFit_1BPP_FontElement_lc_a 0x00008b74   Data          12  ocr_a_extended__20px__bold__singlebitperpixelgridfit_1bpp.o(.constdata)
    OCR_A_Extended__20px__Bold__SingleBitPerPixelGridFit_1BPP_FontElement_lc_b_Data 0x00008b80   Data          20  ocr_a_extended__20px__bold__singlebitperpixelgridfit_1bpp.o(.constdata)
    OCR_A_Extended__20px__Bold__SingleBitPerPixelGridFit_1BPP_FontElement_lc_b 0x00008b94   Data          12  ocr_a_extended__20px__bold__singlebitperpixelgridfit_1bpp.o(.constdata)
    OCR_A_Extended__20px__Bold__SingleBitPerPixelGridFit_1BPP_FontElement_lc_c_Data 0x00008ba0   Data          20  ocr_a_extended__20px__bold__singlebitperpixelgridfit_1bpp.o(.constdata)
    OCR_A_Extended__20px__Bold__SingleBitPerPixelGridFit_1BPP_FontElement_lc_c 0x00008bb4   Data          12  ocr_a_extended__20px__bold__singlebitperpixelgridfit_1bpp.o(.constdata)
    OCR_A_Extended__20px__Bold__SingleBitPerPixelGridFit_1BPP_FontElement_lc_d_Data 0x00008bc0   Data          20  ocr_a_extended__20px__bold__singlebitperpixelgridfit_1bpp.o(.constdata)
    OCR_A_Extended__20px__Bold__SingleBitPerPixelGridFit_1BPP_FontElement_lc_d 0x00008bd4   Data          12  ocr_a_extended__20px__bold__singlebitperpixelgridfit_1bpp.o(.constdata)
    OCR_A_Extended__20px__Bold__SingleBitPerPixelGridFit_1BPP_FontElement_lc_e_Data 0x00008be0   Data          20  ocr_a_extended__20px__bold__singlebitperpixelgridfit_1bpp.o(.constdata)
    OCR_A_Extended__20px__Bold__SingleBitPerPixelGridFit_1BPP_FontElement_lc_e 0x00008bf4   Data          12  ocr_a_extended__20px__bold__singlebitperpixelgridfit_1bpp.o(.constdata)
    OCR_A_Extended__20px__Bold__SingleBitPerPixelGridFit_1BPP_FontElement_lc_f_Data 0x00008c00   Data          20  ocr_a_extended__20px__bold__singlebitperpixelgridfit_1bpp.o(.constdata)
    OCR_A_Extended__20px__Bold__SingleBitPerPixelGridFit_1BPP_FontElement_lc_f 0x00008c14   Data          12  ocr_a_extended__20px__bold__singlebitperpixelgridfit_1bpp.o(.constdata)
    OCR_A_Extended__20px__Bold__SingleBitPerPixelGridFit_1BPP_FontElement_lc_g_Data 0x00008c20   Data          20  ocr_a_extended__20px__bold__singlebitperpixelgridfit_1bpp.o(.constdata)
    OCR_A_Extended__20px__Bold__SingleBitPerPixelGridFit_1BPP_FontElement_lc_g 0x00008c34   Data          12  ocr_a_extended__20px__bold__singlebitperpixelgridfit_1bpp.o(.constdata)
    OCR_A_Extended__20px__Bold__SingleBitPerPixelGridFit_1BPP_FontElement_lc_h_Data 0x00008c40   Data          20  ocr_a_extended__20px__bold__singlebitperpixelgridfit_1bpp.o(.constdata)
    OCR_A_Extended__20px__Bold__SingleBitPerPixelGridFit_1BPP_FontElement_lc_h 0x00008c54   Data          12  ocr_a_extended__20px__bold__singlebitperpixelgridfit_1bpp.o(.constdata)
    OCR_A_Extended__20px__Bold__SingleBitPerPixelGridFit_1BPP_FontElement_lc_i_Data 0x00008c60   Data          20  ocr_a_extended__20px__bold__singlebitperpixelgridfit_1bpp.o(.constdata)
    OCR_A_Extended__20px__Bold__SingleBitPerPixelGridFit_1BPP_FontElement_lc_i 0x00008c74   Data          12  ocr_a_extended__20px__bold__singlebitperpixelgridfit_1bpp.o(.constdata)
    OCR_A_Extended__20px__Bold__SingleBitPerPixelGridFit_1BPP_FontElement_lc_j_Data 0x00008c80   Data          20  ocr_a_extended__20px__bold__singlebitperpixelgridfit_1bpp.o(.constdata)
    OCR_A_Extended__20px__Bold__SingleBitPerPixelGridFit_1BPP_FontElement_lc_j 0x00008c94   Data          12  ocr_a_extended__20px__bold__singlebitperpixelgridfit_1bpp.o(.constdata)
    OCR_A_Extended__20px__Bold__SingleBitPerPixelGridFit_1BPP_FontElement_lc_k_Data 0x00008ca0   Data          20  ocr_a_extended__20px__bold__singlebitperpixelgridfit_1bpp.o(.constdata)
    OCR_A_Extended__20px__Bold__SingleBitPerPixelGridFit_1BPP_FontElement_lc_k 0x00008cb4   Data          12  ocr_a_extended__20px__bold__singlebitperpixelgridfit_1bpp.o(.constdata)
    OCR_A_Extended__20px__Bold__SingleBitPerPixelGridFit_1BPP_FontElement_lc_l_Data 0x00008cc0   Data          20  ocr_a_extended__20px__bold__singlebitperpixelgridfit_1bpp.o(.constdata)
    OCR_A_Extended__20px__Bold__SingleBitPerPixelGridFit_1BPP_FontElement_lc_l 0x00008cd4   Data          12  ocr_a_extended__20px__bold__singlebitperpixelgridfit_1bpp.o(.constdata)
    OCR_A_Extended__20px__Bold__SingleBitPerPixelGridFit_1BPP_FontElement_lc_m_Data 0x00008ce0   Data          40  ocr_a_extended__20px__bold__singlebitperpixelgridfit_1bpp.o(.constdata)
    OCR_A_Extended__20px__Bold__SingleBitPerPixelGridFit_1BPP_FontElement_lc_m 0x00008d08   Data          12  ocr_a_extended__20px__bold__singlebitperpixelgridfit_1bpp.o(.constdata)
    OCR_A_Extended__20px__Bold__SingleBitPerPixelGridFit_1BPP_FontElement_lc_n_Data 0x00008d14   Data          20  ocr_a_extended__20px__bold__singlebitperpixelgridfit_1bpp.o(.constdata)
    OCR_A_Extended__20px__Bold__SingleBitPerPixelGridFit_1BPP_FontElement_lc_n 0x00008d28   Data          12  ocr_a_extended__20px__bold__singlebitperpixelgridfit_1bpp.o(.constdata)
    OCR_A_Extended__20px__Bold__SingleBitPerPixelGridFit_1BPP_FontElement_lc_o_Data 0x00008d34   Data          20  ocr_a_extended__20px__bold__singlebitperpixelgridfit_1bpp.o(.constdata)
    OCR_A_Extended__20px__Bold__SingleBitPerPixelGridFit_1BPP_FontElement_lc_o 0x00008d48   Data          12  ocr_a_extended__20px__bold__singlebitperpixelgridfit_1bpp.o(.constdata)
    OCR_A_Extended__20px__Bold__SingleBitPerPixelGridFit_1BPP_FontElement_lc_p_Data 0x00008d54   Data          20  ocr_a_extended__20px__bold__singlebitperpixelgridfit_1bpp.o(.constdata)
    OCR_A_Extended__20px__Bold__SingleBitPerPixelGridFit_1BPP_FontElement_lc_p 0x00008d68   Data          12  ocr_a_extended__20px__bold__singlebitperpixelgridfit_1bpp.o(.constdata)
    OCR_A_Extended__20px__Bold__SingleBitPerPixelGridFit_1BPP_FontElement_lc_q_Data 0x00008d74   Data          20  ocr_a_extended__20px__bold__singlebitperpixelgridfit_1bpp.o(.constdata)
    OCR_A_Extended__20px__Bold__SingleBitPerPixelGridFit_1BPP_FontElement_lc_q 0x00008d88   Data          12  ocr_a_extended__20px__bold__singlebitperpixelgridfit_1bpp.o(.constdata)
    OCR_A_Extended__20px__Bold__SingleBitPerPixelGridFit_1BPP_FontElement_lc_r_Data 0x00008d94   Data          20  ocr_a_extended__20px__bold__singlebitperpixelgridfit_1bpp.o(.constdata)
    OCR_A_Extended__20px__Bold__SingleBitPerPixelGridFit_1BPP_FontElement_lc_r 0x00008da8   Data          12  ocr_a_extended__20px__bold__singlebitperpixelgridfit_1bpp.o(.constdata)
    OCR_A_Extended__20px__Bold__SingleBitPerPixelGridFit_1BPP_FontElement_lc_s_Data 0x00008db4   Data          20  ocr_a_extended__20px__bold__singlebitperpixelgridfit_1bpp.o(.constdata)
    OCR_A_Extended__20px__Bold__SingleBitPerPixelGridFit_1BPP_FontElement_lc_s 0x00008dc8   Data          12  ocr_a_extended__20px__bold__singlebitperpixelgridfit_1bpp.o(.constdata)
    OCR_A_Extended__20px__Bold__SingleBitPerPixelGridFit_1BPP_FontElement_lc_t_Data 0x00008dd4   Data          40  ocr_a_extended__20px__bold__singlebitperpixelgridfit_1bpp.o(.constdata)
    OCR_A_Extended__20px__Bold__SingleBitPerPixelGridFit_1BPP_FontElement_lc_t 0x00008dfc   Data          12  ocr_a_extended__20px__bold__singlebitperpixelgridfit_1bpp.o(.constdata)
    OCR_A_Extended__20px__Bold__SingleBitPerPixelGridFit_1BPP_FontElement_lc_u_Data 0x00008e08   Data          20  ocr_a_extended__20px__bold__singlebitperpixelgridfit_1bpp.o(.constdata)
    OCR_A_Extended__20px__Bold__SingleBitPerPixelGridFit_1BPP_FontElement_lc_u 0x00008e1c   Data          12  ocr_a_extended__20px__bold__singlebitperpixelgridfit_1bpp.o(.constdata)
    OCR_A_Extended__20px__Bold__SingleBitPerPixelGridFit_1BPP_FontElement_lc_v_Data 0x00008e28   Data          20  ocr_a_extended__20px__bold__singlebitperpixelgridfit_1bpp.o(.constdata)
    OCR_A_Extended__20px__Bold__SingleBitPerPixelGridFit_1BPP_FontElement_lc_v 0x00008e3c   Data          12  ocr_a_extended__20px__bold__singlebitperpixelgridfit_1bpp.o(.constdata)
    OCR_A_Extended__20px__Bold__SingleBitPerPixelGridFit_1BPP_FontElement_lc_w_Data 0x00008e48   Data          40  ocr_a_extended__20px__bold__singlebitperpixelgridfit_1bpp.o(.constdata)
    OCR_A_Extended__20px__Bold__SingleBitPerPixelGridFit_1BPP_FontElement_lc_w 0x00008e70   Data          12  ocr_a_extended__20px__bold__singlebitperpixelgridfit_1bpp.o(.constdata)
    OCR_A_Extended__20px__Bold__SingleBitPerPixelGridFit_1BPP_FontElement_lc_x_Data 0x00008e7c   Data          20  ocr_a_extended__20px__bold__singlebitperpixelgridfit_1bpp.o(.constdata)
    OCR_A_Extended__20px__Bold__SingleBitPerPixelGridFit_1BPP_FontElement_lc_x 0x00008e90   Data          12  ocr_a_extended__20px__bold__singlebitperpixelgridfit_1bpp.o(.constdata)
    OCR_A_Extended__20px__Bold__SingleBitPerPixelGridFit_1BPP_FontElement_lc_y_Data 0x00008e9c   Data          40  ocr_a_extended__20px__bold__singlebitperpixelgridfit_1bpp.o(.constdata)
    OCR_A_Extended__20px__Bold__SingleBitPerPixelGridFit_1BPP_FontElement_lc_y 0x00008ec4   Data          12  ocr_a_extended__20px__bold__singlebitperpixelgridfit_1bpp.o(.constdata)
    OCR_A_Extended__20px__Bold__SingleBitPerPixelGridFit_1BPP_FontElement_lc_z_Data 0x00008ed0   Data          20  ocr_a_extended__20px__bold__singlebitperpixelgridfit_1bpp.o(.constdata)
    OCR_A_Extended__20px__Bold__SingleBitPerPixelGridFit_1BPP_FontElement_lc_z 0x00008ee4   Data          12  ocr_a_extended__20px__bold__singlebitperpixelgridfit_1bpp.o(.constdata)
    OCR_A_Extended__20px__Bold__SingleBitPerPixelGridFit_1BPP_FontElement_left_curly_brace_Data 0x00008ef0   Data          20  ocr_a_extended__20px__bold__singlebitperpixelgridfit_1bpp.o(.constdata)
    OCR_A_Extended__20px__Bold__SingleBitPerPixelGridFit_1BPP_FontElement_left_curly_brace 0x00008f04   Data          12  ocr_a_extended__20px__bold__singlebitperpixelgridfit_1bpp.o(.constdata)
    OCR_A_Extended__20px__Bold__SingleBitPerPixelGridFit_1BPP_FontElement_vertical_bar_Data 0x00008f10   Data          20  ocr_a_extended__20px__bold__singlebitperpixelgridfit_1bpp.o(.constdata)
    OCR_A_Extended__20px__Bold__SingleBitPerPixelGridFit_1BPP_FontElement_vertical_bar 0x00008f24   Data          12  ocr_a_extended__20px__bold__singlebitperpixelgridfit_1bpp.o(.constdata)
    OCR_A_Extended__20px__Bold__SingleBitPerPixelGridFit_1BPP_FontElement_right_curly_brace_Data 0x00008f30   Data          20  ocr_a_extended__20px__bold__singlebitperpixelgridfit_1bpp.o(.constdata)
    OCR_A_Extended__20px__Bold__SingleBitPerPixelGridFit_1BPP_FontElement_right_curly_brace 0x00008f44   Data          12  ocr_a_extended__20px__bold__singlebitperpixelgridfit_1bpp.o(.constdata)
    OCR_A_Extended__20px__Bold__SingleBitPerPixelGridFit_1BPP_FontElement_tilde_Data 0x00008f50   Data          40  ocr_a_extended__20px__bold__singlebitperpixelgridfit_1bpp.o(.constdata)
    OCR_A_Extended__20px__Bold__SingleBitPerPixelGridFit_1BPP_FontElement_tilde 0x00008f78   Data          12  ocr_a_extended__20px__bold__singlebitperpixelgridfit_1bpp.o(.constdata)
    OCR_A_Extended__20px__Bold__SingleBitPerPixelGridFit_1BPP_FontElement_delete_Data 0x00008f84   Data          60  ocr_a_extended__20px__bold__singlebitperpixelgridfit_1bpp.o(.constdata)
    OCR_A_Extended__20px__Bold__SingleBitPerPixelGridFit_1BPP_FontElement_delete 0x00008fc0   Data          12  ocr_a_extended__20px__bold__singlebitperpixelgridfit_1bpp.o(.constdata)
    OCR_A_Extended__20px__Bold__SingleBitPerPixelGridFit_1BPP 0x00008fcc   Data         400  ocr_a_extended__20px__bold__singlebitperpixelgridfit_1bpp.o(.constdata)
    Region$$Table$$Base                      0x00009440   Number         0  anon$$obj.o(Region$$Table)
    Region$$Table$$Limit                     0x00009460   Number         0  anon$$obj.o(Region$$Table)
    Image$$RW_m_data$$Base                   0x20000000   Number         0  anon$$obj.o ABSOLUTE
    SystemCoreClock                          0x20000000   Data           4  system_lpc54608.o(.data)
    SDRAM                                    0x20000004   Data           4  sdram.o(.data)
    sizeofpingIN                             0x20000080   Data           2  main.o(.data)
    sizeofpingOUT                            0x20000082   Data           2  main.o(.data)
    dmicBuffPtr                              0x20000084   Data           4  main.o(.data)
    codecBuffPtr                             0x20000088   Data           4  main.o(.data)
    coeffVector                              0x2000008c   Data         372  main.o(.data)
    pcoeffVector                             0x20000200   Data           4  main.o(.data)
    stateBuffPtr                             0x20000204   Data           4  main.o(.data)
    pfiltBuffin                              0x20000208   Data           4  main.o(.data)
    pfiltBuffout                             0x2000020c   Data           4  main.o(.data)
    pfiltDecInst                             0x20000210   Data           4  main.o(.data)
    buffTransferCnt                          0x20000214   Data           4  main.o(.data)
    dmicBuffIdx                              0x20000218   Data           4  main.o(.data)
    codecBuffIdx                             0x2000021c   Data           4  main.o(.data)
    dmicBuffReadyFlag                        0x20000220   Data           1  main.o(.data)
    codecBuffReadyFlag                       0x20000221   Data           1  main.o(.data)
    printCount                               0x20000224   Data           4  main.o(.data)
    receiveXfer                              0x2000022c   Data           8  dma.o(.data)
    i2s_TxTransfer                           0x20000234   Data           8  dma.o(.data)
    dmicCallbackCnt                          0x2000023c   Data           4  dma.o(.data)
    codecCallbackCnt                         0x20000240   Data           4  dma.o(.data)
    s_dma_descriptor_table                   0x20000600   Data         480  fsl_dma.o(.bss)
    pingIN                                   0x20000920   Data        2048  main.o(.bss)
    pongIN                                   0x20001120   Data        2048  main.o(.bss)
    pingOUT                                  0x20001920   Data        1024  main.o(.bss)
    pongOUT                                  0x20001d20   Data        1024  main.o(.bss)
    ping2OUT                                 0x20002120   Data        1024  main.o(.bss)
    pong2OUT                                 0x20002520   Data        1024  main.o(.bss)
    stateBuff                                0x20002920   Data         624  main.o(.bss)
    filtBuffin                               0x20002b90   Data        4096  main.o(.bss)
    filtBuffout                              0x20003b90   Data        1024  main.o(.bss)
    filtDecInst                              0x20003f90   Data          12  main.o(.bss)
    eGFX_Animators                           0x20003fdc   Data         128  egfx.o(.bss)
    eGFX_Objects                             0x2000405c   Data         256  egfx.o(.bss)
    eGFX_BackBuffer                          0x2000415c   Data          12  egfx_driver_lpcxpresso_54608.o(.bss)
    s_TxConfig                               0x20004168   Data          20  audio.o(.bss)
    g_dmicDmaHandle                          0x2000417c   Data          24  dma.o(.bss)
    g_dmicRxDmaHandle                        0x20004194   Data          16  dma.o(.bss)
    codec_DmaTxHandle                        0x200041a4   Data          16  dma.o(.bss)
    codec_dma_i2s_TxHandle                   0x200041b4   Data          52  dma.o(.bss)
    Image$$ARM_LIB_STACK$$ZI$$Limit          0x20028000   Number         0  anon$$obj.o ABSOLUTE



==============================================================================

Memory Map of the image

  Image Entry point : 0x00000401

  Load Region LR_m_text (Base: 0x00000000, Size: 0x000096a4, Max: 0x00080000, ABSOLUTE, COMPRESSED[0x000095b0])

    Execution Region VECTOR_ROM (Base: 0x00000000, Size: 0x00000124, Max: 0x00000400, ABSOLUTE)

    Base Addr    Size         Type   Attr      Idx    E Section Name        Object

    0x00000000   0x00000124   Data   RO            4    RESET               startup_lpc54608.o


    Execution Region VECTOR_RAM (Base: 0x00000000, Size: 0x00000000, Max: 0x00000000, ABSOLUTE)

    Base Addr    Size         Type   Attr      Idx    E Section Name        Object

    0x00000000   0x00000000   Zero   RW            1    VECTOR_RAM.bss      anon$$obj.o


    Execution Region ER_m_text (Base: 0x00000400, Size: 0x00009060, Max: 0x0007fc00, ABSOLUTE, FIXED)

    Base Addr    Size         Type   Attr      Idx    E Section Name        Object

    0x00000400   0x00000000   Code   RO         5964  * .ARM.Collect$$$$00000000  mc_w.l(entry.o)
    0x00000400   0x00000004   Code   RO         6011    .ARM.Collect$$$$00000003  mc_w.l(entry4.o)
    0x00000404   0x00000004   Code   RO         6014    .ARM.Collect$$$$00000004  mc_w.l(entry5.o)
    0x00000408   0x00000000   Code   RO         6016    .ARM.Collect$$$$00000008  mc_w.l(entry7b.o)
    0x00000408   0x00000000   Code   RO         6018    .ARM.Collect$$$$0000000A  mc_w.l(entry8b.o)
    0x00000408   0x00000008   Code   RO         6019    .ARM.Collect$$$$0000000B  mc_w.l(entry9a.o)
    0x00000410   0x00000000   Code   RO         6021    .ARM.Collect$$$$0000000D  mc_w.l(entry10a.o)
    0x00000410   0x00000000   Code   RO         6023    .ARM.Collect$$$$0000000F  mc_w.l(entry11a.o)
    0x00000410   0x00000004   Code   RO         6012    .ARM.Collect$$$$00002714  mc_w.l(entry4.o)
    0x00000414   0x000001ec   Code   RO            5    .text               startup_lpc54608.o
    0x00000600   0x00000062   Code   RO         5967    .text               mc_w.l(uldiv.o)
    0x00000662   0x00000024   Code   RO         5969    .text               mc_w.l(memcpya.o)
    0x00000686   0x00000024   Code   RO         5971    .text               mc_w.l(memseta.o)
    0x000006aa   0x0000000e   Code   RO         5973    .text               mc_w.l(strlen.o)
    0x000006b8   0x00000030   Code   RO         6009    .text               mf_w.l(cdrcmple.o)
    0x000006e8   0x0000002c   Code   RO         6025    .text               mc_w.l(uidiv.o)
    0x00000714   0x0000001e   Code   RO         6027    .text               mc_w.l(llshl.o)
    0x00000732   0x00000020   Code   RO         6029    .text               mc_w.l(llushr.o)
    0x00000752   0x00000000   Code   RO         6031    .text               mc_w.l(iusefp.o)
    0x00000752   0x0000014e   Code   RO         6032    .text               mf_w.l(dadd.o)
    0x000008a0   0x000000e4   Code   RO         6034    .text               mf_w.l(dmul.o)
    0x00000984   0x000000de   Code   RO         6036    .text               mf_w.l(ddiv.o)
    0x00000a62   0x00000030   Code   RO         6038    .text               mf_w.l(dfixul.o)
    0x00000a92   0x00000002   PAD
    0x00000a94   0x00000024   Code   RO         6040    .text               mc_w.l(init.o)
    0x00000ab8   0x00000024   Code   RO         6042    .text               mc_w.l(llsshr.o)
    0x00000adc   0x000000ba   Code   RO         6044    .text               mf_w.l(depilogue.o)
    0x00000b96   0x0000005e   Code   RO         6054    .text               mc_w.l(__dclz77c.o)
    0x00000bf4   0x000000c0   Code   RO         5506    i.APP_LCDC_Init     egfx_driver_lpcxpresso_54608.o
    0x00000cb4   0x00000064   Code   RO         4614    i.BOARD_BootClock_PLL_RUN  main.o
    0x00000d18   0x0000006c   Code   RO         4738    i.BOARD_InitDebugConsole  board.o
    0x00000d84   0x0000005c   Code   RO         5507    i.BOARD_InitPWM     egfx_driver_lpcxpresso_54608.o
    0x00000de0   0x00000638   Code   RO         4823    i.BOARD_InitPins    pin_mux.o
    0x00001418   0x0000009c   Code   RO         4739    i.BOARD_InitSDRAM   board.o
    0x000014b4   0x00000058   Code   RO         2885    i.CAN0_IRQ0_DriverIRQHandler  fsl_mcan.o
    0x0000150c   0x00000058   Code   RO         2886    i.CAN0_IRQ1_DriverIRQHandler  fsl_mcan.o
    0x00001564   0x00000058   Code   RO         2887    i.CAN1_IRQ0_DriverIRQHandler  fsl_mcan.o
    0x000015bc   0x00000058   Code   RO         2888    i.CAN1_IRQ1_DriverIRQHandler  fsl_mcan.o
    0x00001614   0x0000004c   Code   RO          379    i.CLOCK_AttachClk   fsl_clock.o
    0x00001660   0x00000028   Code   RO         2760    i.CLOCK_EnableClock  fsl_lcdc.o
    0x00001688   0x00000028   Code   RO         4824    i.CLOCK_EnableClock  pin_mux.o
    0x000016b0   0x00000038   Code   RO          386    i.CLOCK_Enable_SysOsc  fsl_clock.o
    0x000016e8   0x0000004c   Code   RO          387    i.CLOCK_GetAdcClkFreq  fsl_clock.o
    0x00001734   0x00000030   Code   RO          388    i.CLOCK_GetAsyncApbClkFreq  fsl_clock.o
    0x00001764   0x00000034   Code   RO          389    i.CLOCK_GetAudioPLLInClockRate  fsl_clock.o
    0x00001798   0x0000005a   Code   RO          391    i.CLOCK_GetAudioPLLOutFromSetup  fsl_clock.o
    0x000017f2   0x00000002   PAD
    0x000017f4   0x00000014   Code   RO          392    i.CLOCK_GetAudioPLLOutFromSetupUpdate  fsl_clock.o
    0x00001808   0x0000000c   Code   RO          393    i.CLOCK_GetAudioPllOutFreq  fsl_clock.o
    0x00001814   0x00000078   Code   RO          394    i.CLOCK_GetClockOutClkFreq  fsl_clock.o
    0x0000188c   0x0000007c   Code   RO          395    i.CLOCK_GetCoreSysClkFreq  fsl_clock.o
    0x00001908   0x00000008   Code   RO          396    i.CLOCK_GetExtClkFreq  fsl_clock.o
    0x00001910   0x0000005c   Code   RO          398    i.CLOCK_GetFlexCommClkFreq  fsl_clock.o
    0x0000196c   0x000002c8   Code   RO          399    i.CLOCK_GetFreq     fsl_clock.o
    0x00001c34   0x0000001c   Code   RO          400    i.CLOCK_GetFro12MFreq  fsl_clock.o
    0x00001c50   0x00000040   Code   RO          401    i.CLOCK_GetFroHfFreq  fsl_clock.o
    0x00001c90   0x00000004   Code   RO          402    i.CLOCK_GetI2SMClkFreq  fsl_clock.o
    0x00001c94   0x00000040   Code   RO          403    i.CLOCK_GetLcdClkFreq  fsl_clock.o
    0x00001cd4   0x00000004   Code   RO          404    i.CLOCK_GetLcdClkIn  fsl_clock.o
    0x00001cd8   0x00000040   Code   RO          405    i.CLOCK_GetMclkClkFreq  fsl_clock.o
    0x00001d18   0x00000006   Code   RO          406    i.CLOCK_GetOsc32KFreq  fsl_clock.o
    0x00001d1e   0x00000002   PAD
    0x00001d20   0x00000138   Code   RO          407    i.CLOCK_GetPllConfig  fsl_clock.o
    0x00001e58   0x0000000c   Code   RO          408    i.CLOCK_GetPllOutFreq  fsl_clock.o
    0x00001e64   0x0000004c   Code   RO          409    i.CLOCK_GetSctClkFreq  fsl_clock.o
    0x00001eb0   0x0000005c   Code   RO          410    i.CLOCK_GetSdioClkFreq  fsl_clock.o
    0x00001f0c   0x0000005c   Code   RO          411    i.CLOCK_GetSpifiClkFreq  fsl_clock.o
    0x00001f68   0x0000004c   Code   RO          412    i.CLOCK_GetSystemPLLInClockRate  fsl_clock.o
    0x00001fb4   0x0000005a   Code   RO          414    i.CLOCK_GetSystemPLLOutFromSetup  fsl_clock.o
    0x0000200e   0x00000002   PAD
    0x00002010   0x00000014   Code   RO          415    i.CLOCK_GetSystemPLLOutFromSetupUpdate  fsl_clock.o
    0x00002024   0x00000040   Code   RO          416    i.CLOCK_GetUsb0ClkFreq  fsl_clock.o
    0x00002064   0x00000040   Code   RO          417    i.CLOCK_GetUsb1ClkFreq  fsl_clock.o
    0x000020a4   0x0000000c   Code   RO          421    i.CLOCK_GetUsbPllOutFreq  fsl_clock.o
    0x000020b0   0x00000040   Code   RO          422    i.CLOCK_GetWdtOscFreq  fsl_clock.o
    0x000020f0   0x00000028   Code   RO          423    i.CLOCK_SetClkDiv   fsl_clock.o
    0x00002118   0x00000018   Code   RO          424    i.CLOCK_SetFLASHAccessCycles  fsl_clock.o
    0x00002130   0x0000009c   Code   RO          425    i.CLOCK_SetFLASHAccessCyclesForFreq  fsl_clock.o
    0x000021cc   0x00000032   Code   RO          432    i.CLOCK_SetupAudioPLLData  fsl_clock.o
    0x000021fe   0x00000002   PAD
    0x00002200   0x000000e0   Code   RO          433    i.CLOCK_SetupAudioPLLPrec  fsl_clock.o
    0x000022e0   0x00000032   Code   RO          435    i.CLOCK_SetupPLLData  fsl_clock.o
    0x00002312   0x00000002   PAD
    0x00002314   0x000000ec   Code   RO          437    i.CLOCK_SetupSystemPLLPrec  fsl_clock.o
    0x00002400   0x0000000a   Code   RO          932    i.CTIMER0_DriverIRQHandler  fsl_ctimer.o
    0x0000240a   0x0000000a   Code   RO          933    i.CTIMER1_DriverIRQHandler  fsl_ctimer.o
    0x00002414   0x0000000a   Code   RO          934    i.CTIMER2_DriverIRQHandler  fsl_ctimer.o
    0x0000241e   0x0000000a   Code   RO          935    i.CTIMER3_DriverIRQHandler  fsl_ctimer.o
    0x00002428   0x0000000a   Code   RO          936    i.CTIMER4_DriverIRQHandler  fsl_ctimer.o
    0x00002432   0x00000004   Code   RO          937    i.CTIMER_ClearStatusFlags  fsl_ctimer.o
    0x00002436   0x00000002   PAD
    0x00002438   0x0000007c   Code   RO          939    i.CTIMER_GenericIRQHandler  fsl_ctimer.o
    0x000024b4   0x000000ac   Code   RO         1059    i.DMA0_DriverIRQHandler  fsl_dma.o
    0x00002560   0x0000017c   Code   RO         1060    i.DMA_AbortTransfer  fsl_dma.o
    0x000026dc   0x0000010c   Code   RO         1062    i.DMA_CreateDescriptor  fsl_dma.o
    0x000027e8   0x00000088   Code   RO         1063    i.DMA_CreateHandle  fsl_dma.o
    0x00002870   0x00000094   Code   RO         5804    i.DMA_EnableChannel  dma.o
    0x00002904   0x00000080   Code   RO         1065    i.DMA_GetInstance   fsl_dma.o
    0x00002984   0x00000040   Code   RO         1067    i.DMA_Init          fsl_dma.o
    0x000029c4   0x0000017c   Code   RO         1068    i.DMA_PrepareTransfer  fsl_dma.o
    0x00002b40   0x00000048   Code   RO         1069    i.DMA_SetCallback   fsl_dma.o
    0x00002b88   0x0000007c   Code   RO         5805    i.DMA_SetChannelPriority  dma.o
    0x00002c04   0x0000000e   Code   RO         1070    i.DMA_SetupDescriptor  fsl_dma.o
    0x00002c12   0x00000002   PAD
    0x00002c14   0x000001c0   Code   RO         1071    i.DMA_SetupXferCFG  fsl_dma.o
    0x00002dd4   0x000000d8   Code   RO         1072    i.DMA_StartTransfer  fsl_dma.o
    0x00002eac   0x00000130   Code   RO         1073    i.DMA_SubmitTransfer  fsl_dma.o
    0x00002fdc   0x00000014   Code   RO         1179    i.DMIC0_DriverIRQHandler  fsl_dmic.o
    0x00002ff0   0x00000066   Code   RO         1181    i.DMIC_ConfigChannel  fsl_dmic.o
    0x00003056   0x00000006   Code   RO         1182    i.DMIC_ConfigIO     fsl_dmic.o
    0x0000305c   0x00000006   Code   RO         1185    i.DMIC_EnableChannnel  fsl_dmic.o
    0x00003062   0x0000003c   Code   RO         1187    i.DMIC_FifoChannel  fsl_dmic.o
    0x0000309e   0x00000002   PAD
    0x000030a0   0x00000074   Code   RO         1188    i.DMIC_GetInstance  fsl_dmic.o
    0x00003114   0x000000a8   Code   RO         1191    i.DMIC_Init         fsl_dmic.o
    0x000031bc   0x0000003a   Code   RO         1192    i.DMIC_SetOperationMode  fsl_dmic.o
    0x000031f6   0x00000002   PAD
    0x000031f8   0x000000e8   Code   RO         1322    i.DMIC_TransferCreateHandleDMA  fsl_dmic_dma.o
    0x000032e0   0x00000100   Code   RO         1324    i.DMIC_TransferReceiveDMA  fsl_dmic_dma.o
    0x000033e0   0x00000078   Code   RO         1325    i.DMIC_TransferReceiveDMACallback  fsl_dmic_dma.o
    0x00003458   0x00000006   Code   RO         1193    i.DMIC_Use2fs       fsl_dmic.o
    0x0000345e   0x00000002   PAD
    0x00003460   0x00000070   Code   RO         5806    i.DMIC_UserCallback  dma.o
    0x000034d0   0x000000a8   Code   RO          116    i.DbgConsole_ConvertRadixNumToString  fsl_debug_console.o
    0x00003578   0x00000058   Code   RO          119    i.DbgConsole_Init   fsl_debug_console.o
    0x000035d0   0x00000034   Code   RO          120    i.DbgConsole_Printf  fsl_debug_console.o
    0x00003604   0x0000023a   Code   RO          121    i.DbgConsole_PrintfFormattedData  fsl_debug_console.o
    0x0000383e   0x00000028   Code   RO          122    i.DbgConsole_PrintfPaddingCharacter  fsl_debug_console.o
    0x00003866   0x00000002   PAD
    0x00003868   0x00000024   Code   RO          123    i.DbgConsole_Putchar  fsl_debug_console.o
    0x0000388c   0x0000003c   Code   RO         1444    i.EMC_CalculateTimerCycles  fsl_emc.o
    0x000038c8   0x000002a8   Code   RO         1446    i.EMC_DynamicMemInit  fsl_emc.o
    0x00003b70   0x00000074   Code   RO         1447    i.EMC_GetInstance   fsl_emc.o
    0x00003be4   0x0000007c   Code   RO         1448    i.EMC_Init          fsl_emc.o
    0x00003c60   0x0000005a   Code   RO         1450    i.EMC_ModeOffset    fsl_emc.o
    0x00003cba   0x00000002   PAD
    0x00003cbc   0x0000001c   Code   RO         1543    i.ETHERNET_DriverIRQHandler  fsl_enet.o
    0x00003cd8   0x00000064   Code   RO         1792    i.FLEXCOMM0_DriverIRQHandler  fsl_flexcomm.o
    0x00003d3c   0x00000064   Code   RO         1793    i.FLEXCOMM1_DriverIRQHandler  fsl_flexcomm.o
    0x00003da0   0x00000064   Code   RO         1794    i.FLEXCOMM2_DriverIRQHandler  fsl_flexcomm.o
    0x00003e04   0x00000064   Code   RO         1795    i.FLEXCOMM3_DriverIRQHandler  fsl_flexcomm.o
    0x00003e68   0x00000064   Code   RO         1796    i.FLEXCOMM4_DriverIRQHandler  fsl_flexcomm.o
    0x00003ecc   0x00000064   Code   RO         1797    i.FLEXCOMM5_DriverIRQHandler  fsl_flexcomm.o
    0x00003f30   0x00000064   Code   RO         1798    i.FLEXCOMM8_DriverIRQHandler  fsl_flexcomm.o
    0x00003f94   0x00000064   Code   RO         1799    i.FLEXCOMM9_DriverIRQHandler  fsl_flexcomm.o
    0x00003ff8   0x00000050   Code   RO         1800    i.FLEXCOMM_GetInstance  fsl_flexcomm.o
    0x00004048   0x00000054   Code   RO         1801    i.FLEXCOMM_Init     fsl_flexcomm.o
    0x0000409c   0x0000003a   Code   RO         1802    i.FLEXCOMM_PeripheralIsPresent  fsl_flexcomm.o
    0x000040d6   0x00000044   Code   RO         1804    i.FLEXCOMM_SetPeriph  fsl_flexcomm.o
    0x0000411a   0x00000014   Code   RO          438    i.FindGreatestCommonDivisor  fsl_clock.o
    0x0000412e   0x00000002   PAD
    0x00004130   0x00000028   Code   RO         1966    i.GINT0_DriverIRQHandler  fsl_gint.o
    0x00004158   0x00000028   Code   RO         1967    i.GINT1_DriverIRQHandler  fsl_gint.o
    0x00004180   0x00000014   Code   RO         1196    i.HWVAD0_IRQHandler  fsl_dmic.o
    0x00004194   0x0000000a   Code   RO         2100    i.I2C_MasterClearStatusFlags  fsl_i2c.o
    0x0000419e   0x00000022   Code   RO         2102    i.I2C_MasterEnable  fsl_i2c.o
    0x000041c0   0x00000014   Code   RO         2103    i.I2C_MasterGetDefaultConfig  fsl_i2c.o
    0x000041d4   0x00000024   Code   RO         2104    i.I2C_MasterInit    fsl_i2c.o
    0x000041f8   0x000000d8   Code   RO         2105    i.I2C_MasterReadBlocking  fsl_i2c.o
    0x000042d0   0x00000014   Code   RO         2106    i.I2C_MasterRepeatedStart  fsl_i2c.o
    0x000042e4   0x00000088   Code   RO         2107    i.I2C_MasterSetBaudRate  fsl_i2c.o
    0x0000436c   0x00000022   Code   RO         2108    i.I2C_MasterStart   fsl_i2c.o
    0x0000438e   0x00000014   Code   RO         2109    i.I2C_MasterStop    fsl_i2c.o
    0x000043a2   0x00000002   PAD
    0x000043a4   0x000000fc   Code   RO         2111    i.I2C_MasterTransferBlocking  fsl_i2c.o
    0x000044a0   0x000000ec   Code   RO         2116    i.I2C_MasterWriteBlocking  fsl_i2c.o
    0x0000458c   0x00000022   Code   RO         2117    i.I2C_PendingStatusWait  fsl_i2c.o
    0x000045ae   0x00000002   PAD
    0x000045b0   0x000001d0   Code   RO         2623    i.I2S_AddTransferDMA  fsl_i2s_dma.o
    0x00004780   0x000000cc   Code   RO         2469    i.I2S_Config        fsl_i2s.o
    0x0000484c   0x000001b0   Code   RO         2624    i.I2S_DMACallback   fsl_i2s_dma.o
    0x000049fc   0x00000170   Code   RO         2625    i.I2S_EnqueueUserBuffer  fsl_i2s_dma.o
    0x00004b6c   0x00000050   Code   RO         2626    i.I2S_GetInstance   fsl_i2s_dma.o
    0x00004bbc   0x0000002a   Code   RO         2627    i.I2S_RxEnableDMA   fsl_i2s_dma.o
    0x00004be6   0x00000002   PAD
    0x00004be8   0x000001a0   Code   RO         2630    i.I2S_StartTransferDMA  fsl_i2s_dma.o
    0x00004d88   0x000000e0   Code   RO         2631    i.I2S_TransferAbortDMA  fsl_i2s_dma.o
    0x00004e68   0x0000002a   Code   RO         2632    i.I2S_TxEnableDMA   fsl_i2s_dma.o
    0x00004e92   0x00000034   Code   RO         2485    i.I2S_TxGetDefaultConfig  fsl_i2s.o
    0x00004ec6   0x00000054   Code   RO         2487    i.I2S_TxInit        fsl_i2s.o
    0x00004f1a   0x00000002   PAD
    0x00004f1c   0x000000b0   Code   RO         2633    i.I2S_TxTransferCreateHandleDMA  fsl_i2s_dma.o
    0x00004fcc   0x0000003c   Code   RO         2634    i.I2S_TxTransferSendDMA  fsl_i2s_dma.o
    0x00005008   0x0000000c   Code   RO         4825    i.IOCON_PinMuxSet   pin_mux.o
    0x00005014   0x000000b8   Code   RO         4616    i.InitAllBuffers    main.o
    0x000050cc   0x00000100   Code   RO         5740    i.InitAudio_CODEC   audio.o
    0x000051cc   0x000000dc   Code   RO         5807    i.Init_DMA          dma.o
    0x000052a8   0x000000d4   Code   RO         5741    i.Init_DMIC         audio.o
    0x0000537c   0x00000016   Code   RO         2761    i.LCDC_ClearInterruptsStatus  fsl_lcdc.o
    0x00005392   0x00000020   Code   RO         2765    i.LCDC_EnableInterrupts  fsl_lcdc.o
    0x000053b2   0x00000002   PAD
    0x000053b4   0x000000f4   Code   RO         2766    i.LCDC_GetClockDivider  fsl_lcdc.o
    0x000054a8   0x00000034   Code   RO         2767    i.LCDC_GetDefaultConfig  fsl_lcdc.o
    0x000054dc   0x0000000c   Code   RO         2768    i.LCDC_GetEnabledInterruptsPendingStatus  fsl_lcdc.o
    0x000054e8   0x00000070   Code   RO         2769    i.LCDC_GetInstance  fsl_lcdc.o
    0x00005558   0x0000020c   Code   RO         2771    i.LCDC_Init         fsl_lcdc.o
    0x00005764   0x00000038   Code   RO         5508    i.LCD_IRQHandler    egfx_driver_lpcxpresso_54608.o
    0x0000579c   0x00000016   Code   RO         5742    i.NVIC_EnableIRQ    audio.o
    0x000057b2   0x00000002   PAD
    0x000057b4   0x00000028   Code   RO         5743    i.NVIC_SetPriority  audio.o
    0x000057dc   0x00000014   Code   RO         3230    i.PINT_PatternMatchResetDetectLogic  fsl_pint.o
    0x000057f0   0x00000008   Code   RO         3231    i.PINT_PinInterruptClrStatus  fsl_pint.o
    0x000057f8   0x0000002c   Code   RO         3234    i.PIN_INT0_DriverIRQHandler  fsl_pint.o
    0x00005824   0x0000002c   Code   RO         3235    i.PIN_INT1_DriverIRQHandler  fsl_pint.o
    0x00005850   0x0000002c   Code   RO         3236    i.PIN_INT2_DriverIRQHandler  fsl_pint.o
    0x0000587c   0x0000002c   Code   RO         3237    i.PIN_INT3_DriverIRQHandler  fsl_pint.o
    0x000058a8   0x0000002c   Code   RO         3238    i.PIN_INT4_DriverIRQHandler  fsl_pint.o
    0x000058d4   0x0000002c   Code   RO         3239    i.PIN_INT5_DriverIRQHandler  fsl_pint.o
    0x00005900   0x0000002c   Code   RO         3240    i.PIN_INT6_DriverIRQHandler  fsl_pint.o
    0x0000592c   0x0000002c   Code   RO         3241    i.PIN_INT7_DriverIRQHandler  fsl_pint.o
    0x00005958   0x00000014   Code   RO          439    i.POWER_DisablePD   fsl_clock.o
    0x0000596c   0x00000014   Code   RO          440    i.POWER_EnablePD    fsl_clock.o
    0x00005980   0x00000020   Code   RO         5874    i.POWER_SetPLL      keil_lib_power.lib(fsl_power_lib.o)
    0x000059a0   0x00000074   Code   RO         5876    i.POWER_SetVoltageForFreq  keil_lib_power.lib(fsl_power_lib.o)
    0x00005a14   0x00000014   Code   RO         5878    i.POWER_setVdLevel  keil_lib_power.lib(fsl_power_lib.o)
    0x00005a28   0x00000080   Code   RO         3380    i.RESET_ClearPeripheralReset  fsl_reset.o
    0x00005aa8   0x00000012   Code   RO         3381    i.RESET_PeripheralReset  fsl_reset.o
    0x00005aba   0x00000002   PAD
    0x00005abc   0x00000080   Code   RO         3382    i.RESET_SetPeripheralReset  fsl_reset.o
    0x00005b3c   0x00000014   Code   RO         3559    i.SCT0_IRQHandler   fsl_sctimer.o
    0x00005b50   0x000001d8   Code   RO         3560    i.SCTIMER_CreateAndScheduleEvent  fsl_sctimer.o
    0x00005d28   0x00000050   Code   RO         3562    i.SCTIMER_EventHandleIRQ  fsl_sctimer.o
    0x00005d78   0x0000004c   Code   RO         3564    i.SCTIMER_GetDefaultConfig  fsl_sctimer.o
    0x00005dc4   0x00000070   Code   RO         3565    i.SCTIMER_GetInstance  fsl_sctimer.o
    0x00005e34   0x0000012c   Code   RO         3567    i.SCTIMER_Init      fsl_sctimer.o
    0x00005f60   0x0000001e   Code   RO         3571    i.SCTIMER_SetupOutputClearAction  fsl_sctimer.o
    0x00005f7e   0x0000001a   Code   RO         3572    i.SCTIMER_SetupOutputSetAction  fsl_sctimer.o
    0x00005f98   0x000001f4   Code   RO         3574    i.SCTIMER_SetupPwm  fsl_sctimer.o
    0x0000618c   0x00000058   Code   RO         3715    i.SDIO_DriverIRQHandler  fsl_sdif.o
    0x000061e4   0x00000028   Code   RO           15    i.SystemInit        system_lpc54608.o
    0x0000620c   0x00000058   Code   RO         4260    i.USART_GetDefaultConfig  fsl_usart.o
    0x00006264   0x00000138   Code   RO         4262    i.USART_Init        fsl_usart.o
    0x0000639c   0x000000f8   Code   RO         4263    i.USART_ReadBlocking  fsl_usart.o
    0x00006494   0x000000f0   Code   RO         4264    i.USART_SetBaudRate  fsl_usart.o
    0x00006584   0x00000098   Code   RO         4277    i.USART_WriteBlocking  fsl_usart.o
    0x0000661c   0x0000001c   Code   RO         4479    i.UTICK0_DriverIRQHandler  fsl_utick.o
    0x00006638   0x0000001a   Code   RO         5631    i.WM8904_GetDefaultConfig  fsl_wm8904.o
    0x00006652   0x00000224   Code   RO         5632    i.WM8904_Init       fsl_wm8904.o
    0x00006876   0x0000003e   Code   RO         5633    i.WM8904_ModifyRegister  fsl_wm8904.o
    0x000068b4   0x0000004c   Code   RO         5635    i.WM8904_ReadRegister  fsl_wm8904.o
    0x00006900   0x0000005e   Code   RO         5636    i.WM8904_SetAudioFormat  fsl_wm8904.o
    0x0000695e   0x0000000c   Code   RO         5637    i.WM8904_SetMasterSlave  fsl_wm8904.o
    0x0000696a   0x00000014   Code   RO         5639    i.WM8904_SetProtocol  fsl_wm8904.o
    0x0000697e   0x0000003a   Code   RO         5640    i.WM8904_SetVolume  fsl_wm8904.o
    0x000069b8   0x00000024   Code   RO         5641    i.WM8904_WaitOnWriteSequencer  fsl_wm8904.o
    0x000069dc   0x0000004c   Code   RO         5642    i.WM8904_WriteRegister  fsl_wm8904.o
    0x00006a28   0x0000002c   Code   RO         5983    i.__0vsnprintf      mc_w.l(printfa.o)
    0x00006a54   0x00000044   Code   RO          821    i.__aeabi_assert    fsl_common.o
    0x00006a98   0x0000000e   Code   RO         6048    i.__scatterload_copy  mc_w.l(handlers.o)
    0x00006aa6   0x00000002   Code   RO         6049    i.__scatterload_null  mc_w.l(handlers.o)
    0x00006aa8   0x0000000e   Code   RO         6050    i.__scatterload_zeroinit  mc_w.l(handlers.o)
    0x00006ab6   0x00000002   PAD
    0x00006ab8   0x00000184   Code   RO         5985    i._fp_digits        mc_w.l(printfa.o)
    0x00006c3c   0x000006dc   Code   RO         5986    i._printf_core      mc_w.l(printfa.o)
    0x00007318   0x00000024   Code   RO         5987    i._printf_post_padding  mc_w.l(printfa.o)
    0x0000733c   0x0000002e   Code   RO         5988    i._printf_pre_padding  mc_w.l(printfa.o)
    0x0000736a   0x00000016   Code   RO         5989    i._snputc           mc_w.l(printfa.o)
    0x00007380   0x00000258   Code   RO         5898    i.arm_fir_decimate_f32  CMSIS_DSP_4_5_O3.lib(arm_fir_decimate_f32.o)
    0x000075d8   0x00000032   Code   RO         5937    i.arm_fir_decimate_init_f32  CMSIS_DSP_4_5_O3.lib(arm_fir_decimate_init_f32.o)
    0x0000760a   0x00000002   PAD
    0x0000760c   0x000000b4   Code   RO         5808    i.codecTxCallback   dma.o
    0x000076c0   0x00000014   Code   RO         4879    i.eGFX_BitStreamGet  egfx.o
    0x000076d4   0x00000024   Code   RO         4880    i.eGFX_BitStreamPut  egfx.o
    0x000076f8   0x0000004a   Code   RO         4881    i.eGFX_Blit         egfx.o
    0x00007742   0x00000046   Code   RO         4890    i.eGFX_DrawCharacter  egfx.o
    0x00007788   0x0000004c   Code   RO         4914    i.eGFX_DrawString   egfx.o
    0x000077d4   0x00000050   Code   RO         5509    i.eGFX_Dump         egfx_driver_lpcxpresso_54608.o
    0x00007824   0x0000014e   Code   RO         4930    i.eGFX_GetPixel     egfx.o
    0x00007972   0x00000042   Code   RO         4931    i.eGFX_GetStringWidth  egfx.o
    0x000079b4   0x0000000e   Code   RO         4933    i.eGFX_ImagePlaneInit  egfx.o
    0x000079c2   0x000000ce   Code   RO         4934    i.eGFX_ImagePlane_Clear  egfx.o
    0x00007a90   0x00000040   Code   RO         5510    i.eGFX_InitDriver   egfx_driver_lpcxpresso_54608.o
    0x00007ad0   0x0000015e   Code   RO         4954    i.eGFX_PutPixel     egfx.o
    0x00007c2e   0x00000002   PAD
    0x00007c30   0x00000010   Code   RO         5511    i.eGFX_WaitForVSync  egfx_driver_lpcxpresso_54608.o
    0x00007c40   0x00000048   Code   RO         4963    i.eGFX_printf       egfx.o
    0x00007c88   0x0000001a   Code   RO          441    i.findPllMMult      fsl_clock.o
    0x00007ca2   0x00000020   Code   RO          442    i.findPllPostDiv    fsl_clock.o
    0x00007cc2   0x00000020   Code   RO          443    i.findPllPreDiv     fsl_clock.o
    0x00007ce2   0x00000002   PAD
    0x00007ce4   0x00000254   Code   RO         4617    i.main              main.o
    0x00007f38   0x0000005c   Code   RO          444    i.pllDecodeM        fsl_clock.o
    0x00007f94   0x0000005c   Code   RO          445    i.pllDecodeN        fsl_clock.o
    0x00007ff0   0x0000004e   Code   RO          446    i.pllDecodeP        fsl_clock.o
    0x0000803e   0x00000002   PAD
    0x00008040   0x00000054   Code   RO          447    i.pllEncodeM        fsl_clock.o
    0x00008094   0x00000052   Code   RO          448    i.pllEncodeN        fsl_clock.o
    0x000080e6   0x00000042   Code   RO          449    i.pllEncodeP        fsl_clock.o
    0x00008128   0x00000072   Code   RO          450    i.pllFindSel        fsl_clock.o
    0x0000819a   0x00000002   PAD
    0x0000819c   0x0000005c   Data   RO          451    .constdata          fsl_clock.o
    0x000081f8   0x00000039   Data   RO          950    .constdata          fsl_ctimer.o
    0x00008231   0x00000003   PAD
    0x00008234   0x00000005   Data   RO         1075    .constdata          fsl_dma.o
    0x00008239   0x00000003   PAD
    0x0000823c   0x00000008   Data   RO         1198    .constdata          fsl_dmic.o
    0x00008244   0x00000008   Data   RO         1452    .constdata          fsl_emc.o
    0x0000824c   0x00000048   Data   RO         1806    .constdata          fsl_flexcomm.o
    0x00008294   0x00000016   Data   RO         1979    .constdata          fsl_gint.o
    0x000082aa   0x00000002   PAD
    0x000082ac   0x00000008   Data   RO         2636    .constdata          fsl_i2s_dma.o
    0x000082b4   0x0000000c   Data   RO         2777    .constdata          fsl_lcdc.o
    0x000082c0   0x0000000c   Data   RO         3577    .constdata          fsl_sctimer.o
    0x000082cc   0x00000024   Data   RO         4619    .constdata          main.o
    0x000082f0   0x00000e6c   Data   RO         5613    .constdata          ocr_a_extended__20px__bold__singlebitperpixelgridfit_1bpp.o
    0x0000915c   0x0000001c   Data   RO         5745    .constdata          audio.o
    0x00009178   0x0000027f   Data   RO         1076    .conststring        fsl_dma.o
    0x000093f7   0x00000001   PAD
    0x000093f8   0x00000045   Data   RO         2637    .conststring        fsl_i2s_dma.o
    0x0000943d   0x00000003   PAD
    0x00009440   0x00000020   Data   RO         6046    Region$$Table       anon$$obj.o


    Execution Region RW_m_data (Base: 0x20000000, Size: 0x000041e8, Max: 0x00027800, ABSOLUTE, COMPRESSED[0x00000150])

    Base Addr    Size         Type   Attr      Idx    E Section Name        Object

    0x20000000   0x00000004   Data   RW           24    .data               system_lpc54608.o
    0x20000004   0x00000004   Data   RW          263    .data               sdram.o
    0x20000008   0x0000000c   Data   RW          452    .data               fsl_clock.o
    0x20000014   0x00000005   Data   RW          951    .data               fsl_ctimer.o
    0x20000019   0x00000003   PAD
    0x2000001c   0x00000008   Data   RW         1199    .data               fsl_dmic.o
    0x20000024   0x00000008   Data   RW         1326    .data               fsl_dmic_dma.o
    0x2000002c   0x00000010   Data   RW         1453    .data               fsl_emc.o
    0x2000003c   0x00000008   Data   RW         1546    .data               fsl_enet.o
    0x20000044   0x00000008   Data   RW         1980    .data               fsl_gint.o
    0x2000004c   0x00000008   Data   RW         2638    .data               fsl_i2s_dma.o
    0x20000054   0x0000000c   Data   RW         2932    .data               fsl_mcan.o
    0x20000060   0x00000010   Data   RW         3578    .data               fsl_sctimer.o
    0x20000070   0x00000008   Data   RW         3717    .data               fsl_sdif.o
    0x20000078   0x00000008   Data   RW         4488    .data               fsl_utick.o
    0x20000080   0x000001a8   Data   RW         4620    .data               main.o
    0x20000228   0x00000001   Data   RW         5513    .data               egfx_driver_lpcxpresso_54608.o
    0x20000229   0x00000003   PAD
    0x2000022c   0x00000018   Data   RW         5810    .data               dma.o
    0x20000244   0x00000010   Zero   RW          129    .bss                fsl_debug_console.o
    0x20000254   0x00000014   Zero   RW          949    .bss                fsl_ctimer.o
    0x20000268   0x00000198   PAD
    0x20000400   0x000003e0   Zero   RW         1074    .bss                fsl_dma.o
    0x200007e0   0x00000050   Zero   RW         1805    .bss                fsl_flexcomm.o
    0x20000830   0x000000a8   Zero   RW         2635    .bss                fsl_i2s_dma.o
    0x200008d8   0x00000020   Zero   RW         3242    .bss                fsl_pint.o
    0x200008f8   0x00000028   Zero   RW         3576    .bss                fsl_sctimer.o
    0x20000920   0x0000367c   Zero   RW         4618    .bss                main.o
    0x20003f9c   0x000001c0   Zero   RW         4966    .bss                egfx.o
    0x2000415c   0x0000000c   Zero   RW         5512    .bss                egfx_driver_lpcxpresso_54608.o
    0x20004168   0x00000014   Zero   RW         5744    .bss                audio.o
    0x2000417c   0x0000006c   Zero   RW         5809    .bss                dma.o


    Execution Region ARM_LIB_HEAP (Base: 0x200041e8, Size: 0x00000400, Max: 0x00000400, ABSOLUTE)

    Base Addr    Size         Type   Attr      Idx    E Section Name        Object

    0x200041e8   0x00000400   Zero   RW            2    ARM_LIB_HEAP.bss    anon$$obj.o


    Execution Region ARM_LIB_STACK (Base: 0x20027c00, Size: 0x00000400, Max: 0x00000400, ABSOLUTE)

    Base Addr    Size         Type   Attr      Idx    E Section Name        Object

    0x20027c00   0x00000400   Zero   RW            3    ARM_LIB_STACK.bss   anon$$obj.o


==============================================================================

Image component sizes


      Code (inc. data)   RO Data    RW Data    ZI Data      Debug   Object Name

       530         88         28          0         20      38330   audio.o
       264         66          0          0          0       1295   board.o
       784        278          0         24        108       9613   dma.o
      1318         28          0          0        448      13942   egfx.o
       500         48          0          1         12      12477   egfx_driver_lpcxpresso_54608.o
         0          0          0          0          0       3748   font_5_7_1bpp.o
         0          0          0          0          0      19764   fsl_adc.o
      4232        324         92         12          0      52378   fsl_clock.o
        68         44          0          0          0        681   fsl_common.o
         0          0          0          0          0      12928   fsl_crc.o
       178         14         57          5         20       7438   fsl_ctimer.o
       954         28          0          0         16     568233   fsl_debug_console.o
      2582        750        644          0        992      42902   fsl_dma.o
       562        128          8          8          0       9460   fsl_dmic.o
       608        226          0          8          0       7177   fsl_dmic_dma.o
      1070        182          8         16          0       7944   fsl_emc.o
        28         12          0          8          0      10602   fsl_enet.o
      1090        566         72          0         80       8960   fsl_flexcomm.o
        80         16         22          8          0       2530   fsl_gint.o
      1048        106          0          0          0      17377   fsl_i2c.o
       340         38          0          0          0       4834   fsl_i2s.o
      2304        406         77          8        168      12909   fsl_i2s_dma.o
      1038        242         12          0          0      22486   fsl_lcdc.o
       352        208          0         12          0       9280   fsl_mcan.o
       380         32          0          0         32      10212   fsl_pint.o
       274         96          0          0          0       2480   fsl_reset.o
      1616        282         12         16         40      13265   fsl_sctimer.o
        88         52          0          8          0       8208   fsl_sdif.o
      1040        334          0          0          0      10901   fsl_usart.o
        28         12          0          8          0       1790   fsl_utick.o
      1008          0          0          0          0      10492   fsl_wm8904.o
       880        232         36        424      13948      32651   main.o
         0          0       3692          0          0      35746   ocr_a_extended__20px__bold__singlebitperpixelgridfit_1bpp.o
      1644         22          0          0          0      16585   pin_mux.o
         0          0          0          4          0        956   sdram.o
       492        236        292          0          0       3672   startup_lpc54608.o
        40         12          0          4          0       6059   system_lpc54608.o

    ----------------------------------------------------------------------
     27468       5108       5096        580      18340    1050305   Object Totals
         0          0         32          0       2048          0   (incl. Generated)
        48          0         12          6        408          0   (incl. Padding)

    ----------------------------------------------------------------------

      Code (inc. data)   RO Data    RW Data    ZI Data      Debug   Library Member Name

       600          4          0          0          0      15603   arm_fir_decimate_f32.o
        50          0          0          0          0       1268   arm_fir_decimate_init_f32.o
       168         20          0          0          0        364   fsl_power_lib.o
        94          0          0          0          0          0   __dclz77c.o
         0          0          0          0          0          0   entry.o
         0          0          0          0          0          0   entry10a.o
         0          0          0          0          0          0   entry11a.o
         8          4          0          0          0          0   entry4.o
         4          0          0          0          0          0   entry5.o
         0          0          0          0          0          0   entry7b.o
         0          0          0          0          0          0   entry8b.o
         8          4          0          0          0          0   entry9a.o
        30          0          0          0          0          0   handlers.o
        36          8          0          0          0         68   init.o
         0          0          0          0          0          0   iusefp.o
        30          0          0          0          0         68   llshl.o
        36          0          0          0          0         68   llsshr.o
        32          0          0          0          0         68   llushr.o
        36          0          0          0          0         68   memcpya.o
        36          0          0          0          0        108   memseta.o
      2292         84          0          0          0        516   printfa.o
        14          0          0          0          0         68   strlen.o
        44          0          0          0          0         80   uidiv.o
        98          0          0          0          0         92   uldiv.o
        48          0          0          0          0         68   cdrcmple.o
       334          0          0          0          0        148   dadd.o
       222          0          0          0          0        100   ddiv.o
       186          0          0          0          0        176   depilogue.o
        48          0          0          0          0         68   dfixul.o
       228          0          0          0          0         96   dmul.o

    ----------------------------------------------------------------------
      4688        124          0          0          0      19095   Library Totals
         6          0          0          0          0          0   (incl. Padding)

    ----------------------------------------------------------------------

      Code (inc. data)   RO Data    RW Data    ZI Data      Debug   Library Name

       650          4          0          0          0      16871   CMSIS_DSP_4_5_O3.lib
       168         20          0          0          0        364   keil_lib_power.lib
      2798        100          0          0          0       1204   mc_w.l
      1066          0          0          0          0        656   mf_w.l

    ----------------------------------------------------------------------
      4688        124          0          0          0      19095   Library Totals

    ----------------------------------------------------------------------

==============================================================================


      Code (inc. data)   RO Data    RW Data    ZI Data      Debug   

     32156       5232       5096        580      18340    1046748   Grand Totals
     32156       5232       5096        336      18340    1046748   ELF Image Totals (compressed)
     32156       5232       5096        336          0          0   ROM Totals

==============================================================================

    Total RO  Size (Code + RO Data)                37252 (  36.38kB)
    Total RW  Size (RW Data + ZI Data)             18920 (  18.48kB)
    Total ROM Size (Code + RO Data + RW Data)      37588 (  36.71kB)

==============================================================================

