Component: ARM Compiler 5.06 update 4 (build 422) Tool: armlink [4d35d2]

==============================================================================

Section Cross References

    startup_lpc54608.o(RESET) refers to startup_lpc54608.o(.text) for Reset_Handler
    startup_lpc54608.o(RESET) refers to fsl_sctimer.o(i.SCT0_IRQHandler) for SCT0_IRQHandler
    startup_lpc54608.o(RESET) refers to fsl_dmic.o(i.HWVAD0_IRQHandler) for HWVAD0_IRQHandler
    startup_lpc54608.o(RESET) refers to egfx_driver_lpcxpresso_54608.o(i.LCD_IRQHandler) for LCD_IRQHandler
    startup_lpc54608.o(.text) refers to system_lpc54608.o(i.SystemInit) for SystemInit
    startup_lpc54608.o(.text) refers to entry.o(.ARM.Collect$$$$00000000) for __main
    startup_lpc54608.o(.text) refers to fsl_dma.o(i.DMA0_DriverIRQHandler) for DMA0_DriverIRQHandler
    startup_lpc54608.o(.text) refers to fsl_gint.o(i.GINT0_DriverIRQHandler) for GINT0_DriverIRQHandler
    startup_lpc54608.o(.text) refers to fsl_gint.o(i.GINT1_DriverIRQHandler) for GINT1_DriverIRQHandler
    startup_lpc54608.o(.text) refers to fsl_pint.o(i.PIN_INT0_DriverIRQHandler) for PIN_INT0_DriverIRQHandler
    startup_lpc54608.o(.text) refers to fsl_pint.o(i.PIN_INT1_DriverIRQHandler) for PIN_INT1_DriverIRQHandler
    startup_lpc54608.o(.text) refers to fsl_pint.o(i.PIN_INT2_DriverIRQHandler) for PIN_INT2_DriverIRQHandler
    startup_lpc54608.o(.text) refers to fsl_pint.o(i.PIN_INT3_DriverIRQHandler) for PIN_INT3_DriverIRQHandler
    startup_lpc54608.o(.text) refers to fsl_utick.o(i.UTICK0_DriverIRQHandler) for UTICK0_DriverIRQHandler
    startup_lpc54608.o(.text) refers to fsl_ctimer.o(i.CTIMER0_DriverIRQHandler) for CTIMER0_DriverIRQHandler
    startup_lpc54608.o(.text) refers to fsl_ctimer.o(i.CTIMER1_DriverIRQHandler) for CTIMER1_DriverIRQHandler
    startup_lpc54608.o(.text) refers to fsl_ctimer.o(i.CTIMER3_DriverIRQHandler) for CTIMER3_DriverIRQHandler
    startup_lpc54608.o(.text) refers to fsl_flexcomm.o(i.FLEXCOMM0_DriverIRQHandler) for FLEXCOMM0_DriverIRQHandler
    startup_lpc54608.o(.text) refers to fsl_flexcomm.o(i.FLEXCOMM1_DriverIRQHandler) for FLEXCOMM1_DriverIRQHandler
    startup_lpc54608.o(.text) refers to fsl_flexcomm.o(i.FLEXCOMM2_DriverIRQHandler) for FLEXCOMM2_DriverIRQHandler
    startup_lpc54608.o(.text) refers to fsl_flexcomm.o(i.FLEXCOMM3_DriverIRQHandler) for FLEXCOMM3_DriverIRQHandler
    startup_lpc54608.o(.text) refers to fsl_flexcomm.o(i.FLEXCOMM4_DriverIRQHandler) for FLEXCOMM4_DriverIRQHandler
    startup_lpc54608.o(.text) refers to fsl_flexcomm.o(i.FLEXCOMM5_DriverIRQHandler) for FLEXCOMM5_DriverIRQHandler
    startup_lpc54608.o(.text) refers to fsl_dmic.o(i.DMIC0_DriverIRQHandler) for DMIC0_DriverIRQHandler
    startup_lpc54608.o(.text) refers to fsl_pint.o(i.PIN_INT4_DriverIRQHandler) for PIN_INT4_DriverIRQHandler
    startup_lpc54608.o(.text) refers to fsl_pint.o(i.PIN_INT5_DriverIRQHandler) for PIN_INT5_DriverIRQHandler
    startup_lpc54608.o(.text) refers to fsl_pint.o(i.PIN_INT6_DriverIRQHandler) for PIN_INT6_DriverIRQHandler
    startup_lpc54608.o(.text) refers to fsl_pint.o(i.PIN_INT7_DriverIRQHandler) for PIN_INT7_DriverIRQHandler
    startup_lpc54608.o(.text) refers to fsl_ctimer.o(i.CTIMER2_DriverIRQHandler) for CTIMER2_DriverIRQHandler
    startup_lpc54608.o(.text) refers to fsl_ctimer.o(i.CTIMER4_DriverIRQHandler) for CTIMER4_DriverIRQHandler
    startup_lpc54608.o(.text) refers to fsl_flexcomm.o(i.FLEXCOMM8_DriverIRQHandler) for FLEXCOMM8_DriverIRQHandler
    startup_lpc54608.o(.text) refers to fsl_flexcomm.o(i.FLEXCOMM9_DriverIRQHandler) for FLEXCOMM9_DriverIRQHandler
    startup_lpc54608.o(.text) refers to fsl_sdif.o(i.SDIO_DriverIRQHandler) for SDIO_DriverIRQHandler
    startup_lpc54608.o(.text) refers to fsl_mcan.o(i.CAN0_IRQ0_DriverIRQHandler) for CAN0_IRQ0_DriverIRQHandler
    startup_lpc54608.o(.text) refers to fsl_mcan.o(i.CAN0_IRQ1_DriverIRQHandler) for CAN0_IRQ1_DriverIRQHandler
    startup_lpc54608.o(.text) refers to fsl_mcan.o(i.CAN1_IRQ0_DriverIRQHandler) for CAN1_IRQ0_DriverIRQHandler
    startup_lpc54608.o(.text) refers to fsl_mcan.o(i.CAN1_IRQ1_DriverIRQHandler) for CAN1_IRQ1_DriverIRQHandler
    startup_lpc54608.o(.text) refers to fsl_enet.o(i.ETHERNET_DriverIRQHandler) for ETHERNET_DriverIRQHandler
    system_lpc54608.o(i.SystemCoreClockUpdate) refers to system_lpc54608.o(i.getWdtOscFreq) for getWdtOscFreq
    system_lpc54608.o(i.SystemCoreClockUpdate) refers to system_lpc54608.o(i.findPllPreDiv) for findPllPreDiv
    system_lpc54608.o(i.SystemCoreClockUpdate) refers to system_lpc54608.o(i.findPllPostDiv) for findPllPostDiv
    system_lpc54608.o(i.SystemCoreClockUpdate) refers to system_lpc54608.o(i.findPllMMult) for findPllMMult
    system_lpc54608.o(i.SystemCoreClockUpdate) refers to uldiv.o(.text) for __aeabi_uldivmod
    system_lpc54608.o(i.SystemCoreClockUpdate) refers to system_lpc54608.o(.data) for SystemCoreClock
    system_lpc54608.o(i.SystemInit) refers to startup_lpc54608.o(RESET) for __Vectors
[...]
    egfx.o(i.eGFX_GetObjectCount) refers to egfx.o(.data) for eGFX_ObjectEndIndex
    egfx.o(i.eGFX_GetPixel) refers to egfx.o(i.eGFX_BitStreamGet) for eGFX_BitStreamGet
    egfx.o(i.eGFX_PauseAnimators) refers to egfx.o(i.eGFX_PauseAnimator) for eGFX_PauseAnimator
    egfx.o(i.eGFX_PauseAnimators) refers to egfx.o(.bss) for eGFX_Animators
    egfx.o(i.eGFX_PauseAnimators) refers to egfx.o(.data) for eGFX_AnimatorEndIndex
    egfx.o(i.eGFX_ProcessAnimators) refers to egfx.o(i.eGFX_ProcessPointF_BisectAnimator) for eGFX_ProcessPointF_BisectAnimator
    egfx.o(i.eGFX_ProcessAnimators) refers to egfx.o(i.eGFX_ProcessScalarF_LinearAnimator) for eGFX_ProcessScalarF_LinearAnimator
    egfx.o(i.eGFX_ProcessAnimators) refers to egfx.o(i.eGFX_ProcessPointF_LinearAnimator) for eGFX_ProcessPointF_LinearAnimator
    egfx.o(i.eGFX_ProcessAnimators) refers to egfx.o(i.eGFX_ProcessScalarF_BisectAnimator) for eGFX_ProcessScalarF_BisectAnimator
    egfx.o(i.eGFX_ProcessAnimators) refers to egfx.o(.bss) for eGFX_Animators
    egfx.o(i.eGFX_ProcessAnimators) refers to egfx.o(.data) for eGFX_AnimatorEndIndex
    egfx.o(i.eGFX_ProcessPointF_BisectAnimator) refers to f2d.o(.text) for __aeabi_f2d
    egfx.o(i.eGFX_ProcessPointF_BisectAnimator) refers to fabs.o(i.__hardfp_fabs) for __hardfp_fabs
    egfx.o(i.eGFX_ProcessPointF_BisectAnimator) refers to cdcmple.o(.text) for __aeabi_cdcmple
    egfx.o(i.eGFX_ProcessPointF_LinearAnimator) refers to f2d.o(.text) for __aeabi_f2d
    egfx.o(i.eGFX_ProcessPointF_LinearAnimator) refers to fabs.o(i.__hardfp_fabs) for __hardfp_fabs
    egfx.o(i.eGFX_ProcessPointF_LinearAnimator) refers to cdrcmple.o(.text) for __aeabi_cdrcmple
    egfx.o(i.eGFX_ProcessPointF_LinearAnimator) refers to cdcmple.o(.text) for __aeabi_cdcmple
    egfx.o(i.eGFX_ProcessScalarF_BisectAnimator) refers to f2d.o(.text) for __aeabi_f2d
    egfx.o(i.eGFX_ProcessScalarF_BisectAnimator) refers to fabs.o(i.__hardfp_fabs) for __hardfp_fabs
    egfx.o(i.eGFX_ProcessScalarF_BisectAnimator) refers to cdcmple.o(.text) for __aeabi_cdcmple
    egfx.o(i.eGFX_ProcessScalarF_LinearAnimator) refers to f2d.o(.text) for __aeabi_f2d
    egfx.o(i.eGFX_ProcessScalarF_LinearAnimator) refers to fabs.o(i.__hardfp_fabs) for __hardfp_fabs
    egfx.o(i.eGFX_ProcessScalarF_LinearAnimator) refers to cdcmple.o(.text) for __aeabi_cdcmple
    egfx.o(i.eGFX_PutPixel) refers to egfx.o(i.eGFX_BitStreamPut) for eGFX_BitStreamPut
    egfx.o(i.eGFX_ResetAnimators) refers to egfx.o(i.eGFX_ResetAnimator) for eGFX_ResetAnimator
    egfx.o(i.eGFX_ResetAnimators) refers to egfx.o(.bss) for eGFX_Animators
    egfx.o(i.eGFX_ResetAnimators) refers to egfx.o(.data) for eGFX_AnimatorEndIndex
    egfx.o(i.eGFX_ScaledBlit) refers to egfx.o(i.eGFX_GetPixel) for eGFX_GetPixel
    egfx.o(i.eGFX_ScaledBlit) refers to egfx.o(i.eGFX_PutPixel) for eGFX_PutPixel
    egfx.o(i.eGFX_ScaledDrawCharacter) refers to egfx.o(i.eGFX_ScaledBlit) for eGFX_ScaledBlit
    egfx.o(i.eGFX_ScaledDrawString) refers to egfx.o(i.eGFX_ScaledDrawCharacter) for eGFX_ScaledDrawCharacter
    egfx.o(i.eGFX_ScaledDrawString_CustomSpacing) refers to egfx.o(i.eGFX_ScaledDrawCharacter) for eGFX_ScaledDrawCharacter
    egfx.o(i.eGFX_StartAnimators) refers to egfx.o(i.eGFX_StartAnimator) for eGFX_StartAnimator
    egfx.o(i.eGFX_StartAnimators) refers to egfx.o(.bss) for eGFX_Animators
    egfx.o(i.eGFX_StartAnimators) refers to egfx.o(.data) for eGFX_AnimatorEndIndex
    egfx.o(i.eGFX_printf) refers to printfa.o(i.__0vsnprintf) for vsnprintf
    egfx.o(i.eGFX_printf) refers to egfx.o(i.eGFX_GetStringWidth) for eGFX_GetStringWidth
    egfx.o(i.eGFX_printf) refers to egfx.o(i.eGFX_DrawString) for eGFX_DrawString
    egfx.o(i.eGFX_printf) refers to egfx.o(.bss) for eGFX_StringBuf
    egfx.o(i.eGFX_printf_Colored) refers to printfa.o(i.__0vsnprintf) for vsnprintf
    egfx.o(i.eGFX_printf_Colored) refers to egfx.o(i.eGFX_GetStringWidth) for eGFX_GetStringWidth
    egfx.o(i.eGFX_printf_Colored) refers to egfx.o(i.eGFX_DrawStringColored) for eGFX_DrawStringColored
    egfx.o(i.eGFX_printf_Colored) refers to egfx.o(.bss) for eGFX_StringBuf
    egfx.o(i.eGFX_printf_HorizontalCentered_Colored) refers to printfa.o(i.__0vsnprintf) for vsnprintf
    egfx.o(i.eGFX_printf_HorizontalCentered_Colored) refers to egfx.o(i.eGFX_GetStringWidth) for eGFX_GetStringWidth
    egfx.o(i.eGFX_printf_HorizontalCentered_Colored) refers to egfx.o(i.eGFX_DrawStringColored) for eGFX_DrawStringColored
    egfx.o(i.eGFX_printf_HorizontalCentered_Colored) refers to egfx.o(.bss) for eGFX_StringBuf
    egfx_driver_lpcxpresso_54608.o(i.APP_I2C_Init) refers to fsl_i2c.o(i.I2C_MasterGetDefaultConfig) for I2C_MasterGetDefaultConfig
    egfx_driver_lpcxpresso_54608.o(i.APP_I2C_Init) refers to fsl_i2c.o(i.I2C_MasterInit) for I2C_MasterInit
    egfx_driver_lpcxpresso_54608.o(i.APP_LCDC_Init) refers to fsl_lcdc.o(i.LCDC_GetDefaultConfig) for LCDC_GetDefaultConfig
    egfx_driver_lpcxpresso_54608.o(i.APP_LCDC_Init) refers to fsl_clock.o(i.CLOCK_GetFreq) for CLOCK_GetFreq
    egfx_driver_lpcxpresso_54608.o(i.APP_LCDC_Init) refers to fsl_lcdc.o(i.LCDC_Init) for LCDC_Init
    egfx_driver_lpcxpresso_54608.o(i.APP_LCDC_Init) refers to fsl_lcdc.o(i.LCDC_EnableInterrupts) for LCDC_EnableInterrupts
    egfx_driver_lpcxpresso_54608.o(i.BOARD_InitPWM) refers to fsl_clock.o(i.CLOCK_AttachClk) for CLOCK_AttachClk
    egfx_driver_lpcxpresso_54608.o(i.BOARD_InitPWM) refers to fsl_clock.o(i.CLOCK_SetClkDiv) for CLOCK_SetClkDiv
    egfx_driver_lpcxpresso_54608.o(i.BOARD_InitPWM) refers to fsl_sctimer.o(i.SCTIMER_GetDefaultConfig) for SCTIMER_GetDefaultConfig
    egfx_driver_lpcxpresso_54608.o(i.BOARD_InitPWM) refers to fsl_sctimer.o(i.SCTIMER_Init) for SCTIMER_Init
    egfx_driver_lpcxpresso_54608.o(i.BOARD_InitPWM) refers to fsl_clock.o(i.CLOCK_GetFreq) for CLOCK_GetFreq
    egfx_driver_lpcxpresso_54608.o(i.BOARD_InitPWM) refers to fsl_sctimer.o(i.SCTIMER_SetupPwm) for SCTIMER_SetupPwm
    egfx_driver_lpcxpresso_54608.o(i.LCD_IRQHandler) refers to fsl_lcdc.o(i.LCDC_GetEnabledInterruptsPendingStatus) for LCDC_GetEnabledInterruptsPendingStatus
    egfx_driver_lpcxpresso_54608.o(i.LCD_IRQHandler) refers to fsl_lcdc.o(i.LCDC_ClearInterruptsStatus) for LCDC_ClearInterruptsStatus
    egfx_driver_lpcxpresso_54608.o(i.LCD_IRQHandler) refers to egfx_driver_lpcxpresso_54608.o(.data) for s_frameEndFlag
    egfx_driver_lpcxpresso_54608.o(i.eGFX_Dump) refers to egfx_driver_lpcxpresso_54608.o(i.eGFX_WaitForVSync) for eGFX_WaitForVSync
    egfx_driver_lpcxpresso_54608.o(i.eGFX_Dump) refers to sdram.o(.data) for SDRAM
    egfx_driver_lpcxpresso_54608.o(i.eGFX_Dump) refers to egfx_driver_lpcxpresso_54608.o(.data) for s_frameEndFlag
    egfx_driver_lpcxpresso_54608.o(i.eGFX_InitDriver) refers to fsl_clock.o(i.CLOCK_AttachClk) for CLOCK_AttachClk
    egfx_driver_lpcxpresso_54608.o(i.eGFX_InitDriver) refers to fsl_clock.o(i.CLOCK_SetClkDiv) for CLOCK_SetClkDiv
    egfx_driver_lpcxpresso_54608.o(i.eGFX_InitDriver) refers to egfx_driver_lpcxpresso_54608.o(i.BOARD_InitPWM) for BOARD_InitPWM
    egfx_driver_lpcxpresso_54608.o(i.eGFX_InitDriver) refers to egfx_driver_lpcxpresso_54608.o(i.APP_LCDC_Init) for APP_LCDC_Init
    egfx_driver_lpcxpresso_54608.o(i.eGFX_InitDriver) refers to egfx.o(i.eGFX_ImagePlaneInit) for eGFX_ImagePlaneInit
    egfx_driver_lpcxpresso_54608.o(i.eGFX_InitDriver) refers to sdram.o(.data) for SDRAM
    egfx_driver_lpcxpresso_54608.o(i.eGFX_InitDriver) refers to egfx_driver_lpcxpresso_54608.o(.bss) for eGFX_BackBuffer
    egfx_driver_lpcxpresso_54608.o(i.eGFX_WaitForVSync) refers to egfx_driver_lpcxpresso_54608.o(.data) for s_frameEndFlag
    fsl_wm8904.o(i.CodecReadReg) refers to fsl_wm8904.o(i.WM8904_ReadRegister) for WM8904_ReadRegister
    fsl_wm8904.o(i.CodecWriteReg) refers to fsl_wm8904.o(i.WM8904_WriteRegister) for WM8904_WriteRegister
    fsl_wm8904.o(i.WM8904_Deinit) refers to fsl_wm8904.o(i.WM8904_WriteRegister) for WM8904_WriteRegister
    fsl_wm8904.o(i.WM8904_Init) refers to fsl_wm8904.o(i.WM8904_WriteRegister) for WM8904_WriteRegister
    fsl_wm8904.o(i.WM8904_Init) refers to fsl_wm8904.o(i.WM8904_WaitOnWriteSequencer) for WM8904_WaitOnWriteSequencer
    fsl_wm8904.o(i.WM8904_Init) refers to fsl_wm8904.o(i.WM8904_SetMasterSlave) for WM8904_SetMasterSlave
    fsl_wm8904.o(i.WM8904_Init) refers to fsl_wm8904.o(i.WM8904_SetProtocol) for WM8904_SetProtocol
    fsl_wm8904.o(i.WM8904_Init) refers to fsl_wm8904.o(i.WM8904_SetAudioFormat) for WM8904_SetAudioFormat
    fsl_wm8904.o(i.WM8904_ModifyRegister) refers to fsl_wm8904.o(i.WM8904_ReadRegister) for WM8904_ReadRegister
    fsl_wm8904.o(i.WM8904_ModifyRegister) refers to fsl_wm8904.o(i.WM8904_WriteRegister) for WM8904_WriteRegister
    fsl_wm8904.o(i.WM8904_PrintRegisters) refers to fsl_wm8904.o(i.WM8904_ReadRegister) for WM8904_ReadRegister
    fsl_wm8904.o(i.WM8904_PrintRegisters) refers to fsl_debug_console.o(i.DbgConsole_Printf) for DbgConsole_Printf
    fsl_wm8904.o(i.WM8904_PrintRegisters) refers to fsl_wm8904.o(.constdata) for allRegisters
    fsl_wm8904.o(i.WM8904_ReadRegister) refers to fsl_i2c.o(i.I2C_MasterTransferBlocking) for I2C_MasterTransferBlocking
    fsl_wm8904.o(i.WM8904_SetAudioFormat) refers to fsl_wm8904.o(i.WM8904_WriteRegister) for WM8904_WriteRegister
    fsl_wm8904.o(i.WM8904_SetAudioFormat) refers to fsl_wm8904.o(i.WM8904_ModifyRegister) for WM8904_ModifyRegister
    fsl_wm8904.o(i.WM8904_SetMute) refers to fsl_wm8904.o(i.WM8904_ModifyRegister) for WM8904_ModifyRegister
    fsl_wm8904.o(i.WM8904_SetProtocol) refers to fsl_wm8904.o(i.WM8904_ModifyRegister) for WM8904_ModifyRegister
    fsl_wm8904.o(i.WM8904_SetVolume) refers to fsl_wm8904.o(i.WM8904_ModifyRegister) for WM8904_ModifyRegister
    fsl_wm8904.o(i.WM8904_WaitOnWriteSequencer) refers to fsl_wm8904.o(i.WM8904_ReadRegister) for WM8904_ReadRegister
    fsl_wm8904.o(i.WM8904_WriteRegister) refers to fsl_i2c.o(i.I2C_MasterTransferBlocking) for I2C_MasterTransferBlocking
    audio.o(i.InitAudio_CODEC) refers to memcpya.o(.text) for __aeabi_memcpy4
    audio.o(i.InitAudio_CODEC) refers to fsl_clock.o(i.CLOCK_AttachClk) for CLOCK_AttachClk
    audio.o(i.InitAudio_CODEC) refers to fsl_reset.o(i.RESET_PeripheralReset) for RESET_PeripheralReset
    audio.o(i.InitAudio_CODEC) refers to fsl_clock.o(i.CLOCK_SetupAudioPLLData) for CLOCK_SetupAudioPLLData
    audio.o(i.InitAudio_CODEC) refers to fsl_clock.o(i.CLOCK_SetupAudioPLLPrec) for CLOCK_SetupAudioPLLPrec
    audio.o(i.InitAudio_CODEC) refers to fsl_i2c.o(i.I2C_MasterGetDefaultConfig) for I2C_MasterGetDefaultConfig
    audio.o(i.InitAudio_CODEC) refers to fsl_i2c.o(i.I2C_MasterInit) for I2C_MasterInit
    audio.o(i.InitAudio_CODEC) refers to fsl_wm8904.o(i.WM8904_GetDefaultConfig) for WM8904_GetDefaultConfig
    audio.o(i.InitAudio_CODEC) refers to fsl_wm8904.o(i.WM8904_Init) for WM8904_Init
    audio.o(i.InitAudio_CODEC) refers to fsl_debug_console.o(i.DbgConsole_Printf) for DbgConsole_Printf
    audio.o(i.InitAudio_CODEC) refers to fsl_wm8904.o(i.WM8904_SetVolume) for WM8904_SetVolume
    audio.o(i.InitAudio_CODEC) refers to fsl_i2s.o(i.I2S_TxGetDefaultConfig) for I2S_TxGetDefaultConfig
    audio.o(i.InitAudio_CODEC) refers to fsl_clock.o(i.CLOCK_GetAudioPllOutFreq) for CLOCK_GetAudioPllOutFreq
    audio.o(i.InitAudio_CODEC) refers to fsl_i2s.o(i.I2S_TxInit) for I2S_TxInit
    audio.o(i.InitAudio_CODEC) refers to audio.o(i.NVIC_SetPriority) for NVIC_SetPriority
    audio.o(i.InitAudio_CODEC) refers to audio.o(i.NVIC_EnableIRQ) for NVIC_EnableIRQ
    audio.o(i.InitAudio_CODEC) refers to audio.o(.constdata) for .constdata
    audio.o(i.InitAudio_CODEC) refers to audio.o(.bss) for s_TxConfig
    audio.o(i.Init_DMIC) refers to fsl_clock.o(i.CLOCK_AttachClk) for CLOCK_AttachClk
    audio.o(i.Init_DMIC) refers to fsl_reset.o(i.RESET_PeripheralReset) for RESET_PeripheralReset
    audio.o(i.Init_DMIC) refers to fsl_dmic.o(i.DMIC_Init) for DMIC_Init
    audio.o(i.Init_DMIC) refers to fsl_dmic.o(i.DMIC_ConfigIO) for DMIC_ConfigIO
    audio.o(i.Init_DMIC) refers to fsl_dmic.o(i.DMIC_Use2fs) for DMIC_Use2fs
    audio.o(i.Init_DMIC) refers to fsl_dmic.o(i.DMIC_SetOperationMode) for DMIC_SetOperationMode
    audio.o(i.Init_DMIC) refers to fsl_dmic.o(i.DMIC_ConfigChannel) for DMIC_ConfigChannel
    audio.o(i.Init_DMIC) refers to fsl_dmic.o(i.DMIC_FifoChannel) for DMIC_FifoChannel
    audio.o(i.Init_DMIC) refers to fsl_dmic.o(i.DMIC_EnableChannnel) for DMIC_EnableChannnel
    audio.o(i.Init_DMIC) refers to audio.o(i.NVIC_SetPriority) for NVIC_SetPriority
    audio.o(i.Init_DMIC) refers to audio.o(i.NVIC_EnableIRQ) for NVIC_EnableIRQ
    dma.o(i.DMA_EnableChannel) refers to fsl_common.o(i.__aeabi_assert) for __aeabi_assert
    dma.o(i.DMA_SetChannelPriority) refers to fsl_common.o(i.__aeabi_assert) for __aeabi_assert
    dma.o(i.DMIC_UserCallback) refers to fsl_dmic_dma.o(i.DMIC_TransferReceiveDMA) for DMIC_TransferReceiveDMA
    dma.o(i.DMIC_UserCallback) refers to dma.o(.data) for receiveXfer
    dma.o(i.DMIC_UserCallback) refers to main.o(.bss) for pingIN
    dma.o(i.DMIC_UserCallback) refers to main.o(.data) for dmicBuffPtr
    dma.o(i.DMIC_UserCallback) refers to dma.o(.bss) for g_dmicDmaHandle
    dma.o(i.Init_DMA) refers to fsl_dma.o(i.DMA_Init) for DMA_Init
    dma.o(i.Init_DMA) refers to dma.o(i.DMA_EnableChannel) for DMA_EnableChannel
    dma.o(i.Init_DMA) refers to dma.o(i.DMA_SetChannelPriority) for DMA_SetChannelPriority
    dma.o(i.Init_DMA) refers to fsl_dma.o(i.DMA_CreateHandle) for DMA_CreateHandle
    dma.o(i.Init_DMA) refers to fsl_dmic_dma.o(i.DMIC_TransferCreateHandleDMA) for DMIC_TransferCreateHandleDMA
    dma.o(i.Init_DMA) refers to fsl_i2s_dma.o(i.I2S_TxTransferCreateHandleDMA) for I2S_TxTransferCreateHandleDMA
    dma.o(i.Init_DMA) refers to fsl_i2s_dma.o(i.I2S_TxTransferSendDMA) for I2S_TxTransferSendDMA
    dma.o(i.Init_DMA) refers to fsl_dmic_dma.o(i.DMIC_TransferReceiveDMA) for DMIC_TransferReceiveDMA
    dma.o(i.Init_DMA) refers to dma.o(.bss) for codec_DmaTxHandle
    dma.o(i.Init_DMA) refers to dma.o(i.DMIC_UserCallback) for DMIC_UserCallback
    dma.o(i.Init_DMA) refers to main.o(.data) for sizeofpingIN
    dma.o(i.Init_DMA) refers to dma.o(.data) for receiveXfer
    dma.o(i.Init_DMA) refers to main.o(.bss) for pingIN
    dma.o(i.Init_DMA) refers to dma.o(i.codecTxCallback) for codecTxCallback
    dma.o(i.codecTxCallback) refers to fsl_i2s_dma.o(i.I2S_TxTransferSendDMA) for I2S_TxTransferSendDMA
    dma.o(i.codecTxCallback) refers to dma.o(.data) for i2s_TxTransfer
    dma.o(i.codecTxCallback) refers to main.o(.bss) for pingOUT
    dma.o(i.codecTxCallback) refers to main.o(.data) for codecBuffPtr
    dma.o(i.codecTxCallback) refers to dma.o(.bss) for codec_dma_i2s_TxHandle
    fsl_power_lib.o(i.POWER_EnterDeepSleep) refers to memcpya.o(.text) for __aeabi_memcpy
    fsl_power_lib.o(i.POWER_EnterDeepSleep) refers to fsl_power_lib.o(i.DeepSleepReloc) for DeepSleepReloc
    fsl_power_lib.o(i.POWER_EnterDeepSleep) refers to fsl_power_lib.o(.bss) for relocMem
    fsl_power_lib.o(i.POWER_EnterPowerMode) refers to fsl_power_lib.o(i.POWER_EnterSleep) for POWER_EnterSleep
    fsl_power_lib.o(i.POWER_EnterPowerMode) refers to fsl_power_lib.o(i.POWER_EnterDeepSleep) for POWER_EnterDeepSleep
    fsl_power_lib.o(i.POWER_EnterPowerMode) refers to fsl_power_lib.o(i.POWER_EnterDeepPowerDown) for POWER_EnterDeepPowerDown
    fsl_power_lib.o(i.POWER_SetLowPowerVoltageForFreq) refers to fsl_power_lib.o(i.POWER_setLpVdLevel) for POWER_setLpVdLevel
    fsl_power_lib.o(i.POWER_SetVoltageForFreq) refers to fsl_power_lib.o(i.POWER_setVdLevel) for POWER_setVdLevel
    fabs.o(i.__hardfp_fabs) refers (Special) to iusefp.o(.text) for __I$use$fp
    fabs.o(i.__softfp_fabs) refers (Special) to iusefp.o(.text) for __I$use$fp
    fabs.o(i.fabs) refers (Special) to iusefp.o(.text) for __I$use$fp
    entry.o(.ARM.Collect$$$$00000000) refers (Special) to entry10a.o(.ARM.Collect$$$$0000000D) for __rt_final_cpp
    entry.o(.ARM.Collect$$$$00000000) refers (Special) to entry11a.o(.ARM.Collect$$$$0000000F) for __rt_final_exit
    entry.o(.ARM.Collect$$$$00000000) refers (Special) to entry7b.o(.ARM.Collect$$$$00000008) for _main_clock
    entry.o(.ARM.Collect$$$$00000000) refers (Special) to entry8b.o(.ARM.Collect$$$$0000000A) for _main_cpp_init
    entry.o(.ARM.Collect$$$$00000000) refers (Special) to entry9a.o(.ARM.Collect$$$$0000000B) for _main_init
    entry.o(.ARM.Collect$$$$00000000) refers (Special) to entry5.o(.ARM.Collect$$$$00000004) for _main_scatterload
    entry.o(.ARM.Collect$$$$00000000) refers (Special) to entry4.o(.ARM.Collect$$$$00000003) for _main_stk
    uldiv.o(.text) refers to llushr.o(.text) for __aeabi_llsr
    uldiv.o(.text) refers to llshl.o(.text) for __aeabi_llsl
    printfa.o(i.__0fprintf) refers (Special) to iusefp.o(.text) for __I$use$fp
    printfa.o(i.__0fprintf) refers to printfa.o(i._printf_core) for _printf_core
    printfa.o(i.__0fprintf) refers to fsl_debug_console.o(i.fputc) for fputc
    printfa.o(i.__0printf) refers (Special) to iusefp.o(.text) for __I$use$fp
    printfa.o(i.__0printf) refers to printfa.o(i._printf_core) for _printf_core
    printfa.o(i.__0printf) refers to fsl_debug_console.o(i.fputc) for fputc
    printfa.o(i.__0printf) refers to fsl_debug_console.o(.data) for __stdout
    printfa.o(i.__0snprintf) refers (Special) to iusefp.o(.text) for __I$use$fp
    printfa.o(i.__0snprintf) refers to printfa.o(i._printf_core) for _printf_core
    printfa.o(i.__0snprintf) refers to printfa.o(i._snputc) for _snputc
    printfa.o(i.__0sprintf) refers (Special) to iusefp.o(.text) for __I$use$fp
    printfa.o(i.__0sprintf) refers to printfa.o(i._printf_core) for _printf_core
    printfa.o(i.__0sprintf) refers to printfa.o(i._sputc) for _sputc
    printfa.o(i.__0vfprintf) refers (Special) to iusefp.o(.text) for __I$use$fp
    printfa.o(i.__0vfprintf) refers to printfa.o(i._printf_core) for _printf_core
    printfa.o(i.__0vfprintf) refers to fsl_debug_console.o(i.fputc) for fputc
    printfa.o(i.__0vprintf) refers (Special) to iusefp.o(.text) for __I$use$fp
    printfa.o(i.__0vprintf) refers to printfa.o(i._printf_core) for _printf_core
    printfa.o(i.__0vprintf) refers to fsl_debug_console.o(i.fputc) for fputc
    printfa.o(i.__0vprintf) refers to fsl_debug_console.o(.data) for __stdout
    printfa.o(i.__0vsnprintf) refers (Special) to iusefp.o(.text) for __I$use$fp
    printfa.o(i.__0vsnprintf) refers to printfa.o(i._printf_core) for _printf_core
    printfa.o(i.__0vsnprintf) refers to printfa.o(i._snputc) for _snputc
    printfa.o(i.__0vsprintf) refers (Special) to iusefp.o(.text) for __I$use$fp
    printfa.o(i.__0vsprintf) refers to printfa.o(i._printf_core) for _printf_core
    printfa.o(i.__0vsprintf) refers to printfa.o(i._sputc) for _sputc
    printfa.o(i._fp_digits) refers (Special) to iusefp.o(.text) for __I$use$fp
    printfa.o(i._fp_digits) refers to dmul.o(.text) for __aeabi_dmul
    printfa.o(i._fp_digits) refers to ddiv.o(.text) for __aeabi_ddiv
    printfa.o(i._fp_digits) refers to cdrcmple.o(.text) for __aeabi_cdrcmple
    printfa.o(i._fp_digits) refers to dadd.o(.text) for __aeabi_dadd
    printfa.o(i._fp_digits) refers to dfixul.o(.text) for __aeabi_d2ulz
    printfa.o(i._fp_digits) refers to uldiv.o(.text) for __aeabi_uldivmod
    printfa.o(i._printf_core) refers (Special) to iusefp.o(.text) for __I$use$fp
    printfa.o(i._printf_core) refers to printfa.o(i._printf_pre_padding) for _printf_pre_padding
    printfa.o(i._printf_core) refers to uldiv.o(.text) for __aeabi_uldivmod
    printfa.o(i._printf_core) refers to printfa.o(i._printf_post_padding) for _printf_post_padding
    printfa.o(i._printf_core) refers to printfa.o(i._fp_digits) for _fp_digits
    printfa.o(i._printf_core) refers to uidiv.o(.text) for __aeabi_uidivmod
    printfa.o(i._printf_post_padding) refers (Special) to iusefp.o(.text) for __I$use$fp
    printfa.o(i._printf_pre_padding) refers (Special) to iusefp.o(.text) for __I$use$fp
    printfa.o(i._snputc) refers (Special) to iusefp.o(.text) for __I$use$fp
    printfa.o(i._sputc) refers (Special) to iusefp.o(.text) for __I$use$fp
    f2d.o(.text) refers (Special) to iusefp.o(.text) for __I$use$fp
    cdcmple.o(.text) refers (Special) to iusefp.o(.text) for __I$use$fp
    cdrcmple.o(.text) refers (Special) to iusefp.o(.text) for __I$use$fp
    entry4.o(.ARM.Collect$$$$00000003) refers to entry4.o(.ARM.Collect$$$$00002714) for __lit__00000000
    entry4.o(__vectab_stack_and_reset_area) refers to entry.o(.ARM.Collect$$$$00000000) for __main
    entry5.o(.ARM.Collect$$$$00000004) refers to init.o(.text) for __scatterload
    entry9a.o(.ARM.Collect$$$$0000000B) refers to main.o(i.main) for main
    entry9b.o(.ARM.Collect$$$$0000000C) refers to main.o(i.main) for main
    dadd.o(.text) refers to llshl.o(.text) for __aeabi_llsl
    dadd.o(.text) refers to llsshr.o(.text) for __aeabi_lasr
    dadd.o(.text) refers to depilogue.o(.text) for _double_epilogue
    dmul.o(.text) refers to depilogue.o(.text) for _double_epilogue
    ddiv.o(.text) refers to depilogue.o(.text) for _double_round
    dfixul.o(.text) refers to llushr.o(.text) for __aeabi_llsr
    dfixul.o(.text) refers to llshl.o(.text) for __aeabi_llsl
    init.o(.text) refers to entry5.o(.ARM.Collect$$$$00000004) for __main_after_scatterload
    depilogue.o(.text) refers to llshl.o(.text) for __aeabi_llsl
    depilogue.o(.text) refers to llushr.o(.text) for __aeabi_llsr


==============================================================================

Removing Unused input sections from the image.

    Removing system_lpc54608.o(.rev16_text), (4 bytes).
    Removing system_lpc54608.o(.revsh_text), (4 bytes).
    Removing system_lpc54608.o(.rrx_text), (6 bytes).
    Removing system_lpc54608.o(i.SystemCoreClockUpdate), (284 bytes).
    Removing system_lpc54608.o(i.findPllMMult), (26 bytes).
    Removing system_lpc54608.o(i.findPllPostDiv), (32 bytes).
    Removing system_lpc54608.o(i.findPllPreDiv), (32 bytes).
    Removing system_lpc54608.o(i.getWdtOscFreq), (64 bytes).
    Removing system_lpc54608.o(i.pllDecodeM), (92 bytes).
    Removing system_lpc54608.o(i.pllDecodeN), (92 bytes).
    Removing system_lpc54608.o(i.pllDecodeP), (78 bytes).
    Removing system_lpc54608.o(.constdata), (32 bytes).
    Removing fsl_debug_console.o(.rev16_text), (4 bytes).
    Removing fsl_debug_console.o(.revsh_text), (4 bytes).
    Removing fsl_debug_console.o(.rrx_text), (6 bytes).
    Removing fsl_debug_console.o(i.DbgConsole_Deinit), (64 bytes).
    Removing fsl_debug_console.o(i.DbgConsole_Getchar), (36 bytes).
    Removing fsl_debug_console.o(i.DbgConsole_ScanIgnoreWhiteSpace), (50 bytes).
    Removing fsl_debug_console.o(i.DbgConsole_Scanf), (124 bytes).
    Removing fsl_debug_console.o(i.DbgConsole_ScanfFormattedData), (980 bytes).
    Removing fsl_debug_console.o(i.fgetc), (40 bytes).
    Removing fsl_debug_console.o(i.fputc), (36 bytes).
    Removing fsl_debug_console.o(.data), (8 bytes).
    Removing fsl_adc.o(.rev16_text), (4 bytes).
    Removing fsl_adc.o(.revsh_text), (4 bytes).
    Removing fsl_adc.o(.rrx_text), (6 bytes).
    Removing fsl_adc.o(i.ADC_Deinit), (64 bytes).
    Removing fsl_adc.o(i.ADC_DoSelfCalibration), (120 bytes).
    Removing fsl_adc.o(i.ADC_GetChannelConversionResult), (164 bytes).
    Removing fsl_adc.o(i.ADC_GetConvSeqAGlobalConversionResult), (108 bytes).
    Removing fsl_adc.o(i.ADC_GetConvSeqBGlobalConversionResult), (108 bytes).
    Removing fsl_adc.o(i.ADC_GetDefaultConfig), (18 bytes).
    Removing fsl_adc.o(i.ADC_GetInstance), (116 bytes).
    Removing fsl_adc.o(i.ADC_Init), (180 bytes).
    Removing fsl_adc.o(i.ADC_SetConvSeqAConfig), (132 bytes).
    Removing fsl_adc.o(i.ADC_SetConvSeqBConfig), (132 bytes).
    Removing fsl_adc.o(.constdata), (6 bytes).
    Removing fsl_clock.o(.rev16_text), (4 bytes).
    Removing fsl_clock.o(.revsh_text), (4 bytes).
    Removing fsl_clock.o(.rrx_text), (6 bytes).
    Removing fsl_clock.o(i.CLOCK_DisableClock), (44 bytes).
    Removing fsl_clock.o(i.CLOCK_EnableClock), (40 bytes).
    Removing fsl_clock.o(i.CLOCK_EnableUsbfs0DeviceClock), (184 bytes).
    Removing fsl_clock.o(i.CLOCK_EnableUsbfs0HostClock), (200 bytes).
    Removing fsl_clock.o(i.CLOCK_EnableUsbhs0DeviceClock), (204 bytes).
    Removing fsl_clock.o(i.CLOCK_EnableUsbhs0HostClock), (204 bytes).
    Removing fsl_clock.o(i.CLOCK_GetAudioPLLOutClockRate), (68 bytes).
    Removing fsl_clock.o(i.CLOCK_GetFRGInputClock), (64 bytes).
    Removing fsl_clock.o(i.CLOCK_GetSystemPLLOutClockRate), (68 bytes).
    Removing fsl_clock.o(i.CLOCK_GetUsbPLLOutClockRate), (112 bytes).
    Removing fsl_clock.o(i.CLOCK_GetUsbPLLOutFromSetup), (104 bytes).
    Removing fsl_clock.o(i.CLOCK_GetUsbPLLOutFromSetupUpdate), (20 bytes).
    Removing fsl_clock.o(i.CLOCK_SetFRGClock), (84 bytes).
    Removing fsl_clock.o(i.CLOCK_SetPLLFreq), (204 bytes).
    Removing fsl_clock.o(i.CLOCK_SetStoredAudioPLLClockRate), (12 bytes).
    Removing fsl_clock.o(i.CLOCK_SetStoredPLLClockRate), (12 bytes).
    Removing fsl_clock.o(i.CLOCK_SetStoredUsbPLLClockRate), (12 bytes).
    Removing fsl_clock.o(i.CLOCK_SetUsbPLLFreq), (284 bytes).
    Removing fsl_clock.o(i.CLOCK_SetupFROClocking), (156 bytes).
    Removing fsl_clock.o(i.CLOCK_SetupSystemPLLMult), (264 bytes).
    Removing fsl_common.o(.rev16_text), (4 bytes).
    Removing fsl_common.o(.revsh_text), (4 bytes).
    Removing fsl_common.o(.rrx_text), (6 bytes).
    Removing fsl_common.o(i.DisableDeepSleepIRQ), (72 bytes).
    Removing fsl_common.o(i.EnableDeepSleepIRQ), (72 bytes).
    Removing fsl_common.o(i.InstallIRQHandler), (112 bytes).
    Removing fsl_crc.o(.rev16_text), (4 bytes).
    Removing fsl_crc.o(.revsh_text), (4 bytes).
    Removing fsl_crc.o(.rrx_text), (6 bytes).
    Removing fsl_crc.o(i.CRC_GetConfig), (48 bytes).
    Removing fsl_crc.o(i.CRC_GetDefaultConfig), (16 bytes).
    Removing fsl_crc.o(i.CRC_Init), (100 bytes).
    Removing fsl_crc.o(i.CRC_Reset), (20 bytes).
    Removing fsl_crc.o(i.CRC_WriteData), (56 bytes).
    Removing fsl_crc.o(.constdata), (12 bytes).
    Removing fsl_ctimer.o(.rev16_text), (4 bytes).
    Removing fsl_ctimer.o(.revsh_text), (4 bytes).
    Removing fsl_ctimer.o(.rrx_text), (6 bytes).
    Removing fsl_ctimer.o(i.CTIMER_Deinit), (116 bytes).
    Removing fsl_ctimer.o(i.CTIMER_GetDefaultConfig), (64 bytes).
    Removing fsl_ctimer.o(i.CTIMER_GetInstance), (112 bytes).
    Removing fsl_ctimer.o(i.CTIMER_Init), (160 bytes).
    Removing fsl_ctimer.o(i.CTIMER_RegisterCallBack), (40 bytes).
    Removing fsl_ctimer.o(i.CTIMER_SetupCapture), (92 bytes).
    Removing fsl_ctimer.o(i.CTIMER_SetupMatch), (148 bytes).
    Removing fsl_ctimer.o(i.CTIMER_SetupPwm), (240 bytes).
    Removing fsl_ctimer.o(i.CTIMER_UpdatePwmDutycycle), (46 bytes).
    Removing fsl_ctimer.o(i.EnableIRQ), (36 bytes).
    Removing fsl_dma.o(.rev16_text), (4 bytes).
    Removing fsl_dma.o(.revsh_text), (4 bytes).
    Removing fsl_dma.o(.rrx_text), (6 bytes).
    Removing fsl_dma.o(i.DMA_ConfigureChannelTrigger), (100 bytes).
    Removing fsl_dma.o(i.DMA_Deinit), (10 bytes).
    Removing fsl_dma.o(i.DMA_GetRemainingBytes), (168 bytes).
    Removing fsl_dmic.o(.rev16_text), (4 bytes).
    Removing fsl_dmic.o(.revsh_text), (4 bytes).
    Removing fsl_dmic.o(.rrx_text), (6 bytes).
    Removing fsl_dmic.o(i.DMIC_CfgChannelDc), (36 bytes).
    Removing fsl_dmic.o(i.DMIC_DeInit), (112 bytes).
    Removing fsl_dmic.o(i.DMIC_DisableIntCallback), (48 bytes).
    Removing fsl_dmic.o(i.DMIC_EnableIntCallback), (48 bytes).
    Removing fsl_dmic.o(i.DMIC_HwvadDisableIntCallback), (48 bytes).
    Removing fsl_dmic.o(i.DMIC_HwvadEnableIntCallback), (48 bytes).
    Removing fsl_dmic.o(i.DisableIRQ), (36 bytes).
    Removing fsl_dmic.o(i.EnableIRQ), (36 bytes).
    Removing fsl_dmic.o(i.NVIC_ClearPendingIRQ), (24 bytes).
    Removing fsl_dmic_dma.o(.rev16_text), (4 bytes).
    Removing fsl_dmic_dma.o(.revsh_text), (4 bytes).
    Removing fsl_dmic_dma.o(.rrx_text), (6 bytes).
    Removing fsl_dmic_dma.o(i.DMIC_TransferAbortReceiveDMA), (120 bytes).
    Removing fsl_dmic_dma.o(i.DMIC_TransferGetReceiveCountDMA), (144 bytes).
    Removing fsl_eeprom.o(.rev16_text), (4 bytes).
    Removing fsl_eeprom.o(.revsh_text), (4 bytes).
    Removing fsl_eeprom.o(.rrx_text), (6 bytes).
    Removing fsl_eeprom.o(i.EEPROM_ClearInterruptFlag), (6 bytes).
    Removing fsl_eeprom.o(i.EEPROM_Deinit), (64 bytes).
    Removing fsl_eeprom.o(i.EEPROM_GetDefaultConfig), (30 bytes).
    Removing fsl_eeprom.o(i.EEPROM_GetInstance), (120 bytes).
    Removing fsl_eeprom.o(i.EEPROM_Init), (264 bytes).
    Removing fsl_eeprom.o(i.EEPROM_SetAutoProgram), (4 bytes).
    Removing fsl_eeprom.o(i.EEPROM_WritePage), (104 bytes).
    Removing fsl_eeprom.o(i.EEPROM_WriteWord), (92 bytes).
    Removing fsl_eeprom.o(.constdata), (6 bytes).
    Removing fsl_emc.o(.rev16_text), (4 bytes).
    Removing fsl_emc.o(.revsh_text), (4 bytes).
    Removing fsl_emc.o(.rrx_text), (6 bytes).
    Removing fsl_emc.o(i.EMC_Deinit), (72 bytes).
    Removing fsl_emc.o(i.EMC_MirrorChipAddr), (22 bytes).
    Removing fsl_emc.o(i.EMC_StaticMemInit), (356 bytes).
    Removing fsl_enet.o(.rev16_text), (4 bytes).
    Removing fsl_enet.o(.revsh_text), (4 bytes).
    Removing fsl_enet.o(.rrx_text), (6 bytes).
    Removing fsl_enet.o(i.ENET_ClearMacInterruptStatus), (30 bytes).
    Removing fsl_enet.o(i.ENET_CreateHandler), (444 bytes).
    Removing fsl_enet.o(i.ENET_Deinit), (96 bytes).
    Removing fsl_enet.o(i.ENET_DescriptorInit), (204 bytes).
    Removing fsl_enet.o(i.ENET_DisableInterrupts), (84 bytes).
    Removing fsl_enet.o(i.ENET_EnableInterrupts), (72 bytes).
    Removing fsl_enet.o(i.ENET_EnterPowerDown), (82 bytes).
    Removing fsl_enet.o(i.ENET_GetDefaultConfig), (72 bytes).
    Removing fsl_enet.o(i.ENET_GetInstance), (120 bytes).
    Removing fsl_enet.o(i.ENET_GetMacAddr), (84 bytes).
    Removing fsl_enet.o(i.ENET_GetRxFrameSize), (188 bytes).
    Removing fsl_enet.o(i.ENET_GetTxRingId), (46 bytes).
    Removing fsl_enet.o(i.ENET_IRQHandler), (172 bytes).
    Removing fsl_enet.o(i.ENET_IncreaseIndex), (10 bytes).
    Removing fsl_enet.o(i.ENET_Init), (156 bytes).
    Removing fsl_enet.o(i.ENET_ReadFrame), (444 bytes).
    Removing fsl_enet.o(i.ENET_ReclaimTxDescriptor), (100 bytes).
    Removing fsl_enet.o(i.ENET_RxDescriptorsInit), (214 bytes).
    Removing fsl_enet.o(i.ENET_SendFrame), (356 bytes).
    Removing fsl_enet.o(i.ENET_SetDMAControl), (200 bytes).
    Removing fsl_enet.o(i.ENET_SetMII), (32 bytes).
    Removing fsl_enet.o(i.ENET_SetMTL), (220 bytes).
    Removing fsl_enet.o(i.ENET_SetMacControl), (320 bytes).
    Removing fsl_enet.o(i.ENET_SetSMI), (72 bytes).
    Removing fsl_enet.o(i.ENET_SetSYSControl), (40 bytes).
    Removing fsl_enet.o(i.ENET_SetupTxDescriptor), (84 bytes).
    Removing fsl_enet.o(i.ENET_StartRxTx), (196 bytes).
    Removing fsl_enet.o(i.ENET_StartSMIRead), (52 bytes).
    Removing fsl_enet.o(i.ENET_StartSMIWrite), (54 bytes).
    Removing fsl_enet.o(i.ENET_TxDescriptorsInit), (134 bytes).
    Removing fsl_enet.o(i.ENET_UpdateRxDescriptor), (112 bytes).
    Removing fsl_enet.o(i.EnableIRQ), (36 bytes).
    Removing fsl_enet.o(.constdata), (9 bytes).
    Removing fsl_flashiap.o(.rev16_text), (4 bytes).
    Removing fsl_flashiap.o(.revsh_text), (4 bytes).
    Removing fsl_flashiap.o(.rrx_text), (6 bytes).
    Removing fsl_flashiap.o(i.FLASHIAP_BlankCheckSector), (34 bytes).
    Removing fsl_flashiap.o(i.FLASHIAP_Compare), (38 bytes).
    Removing fsl_flashiap.o(i.FLASHIAP_CopyRamToFlash), (50 bytes).
    Removing fsl_flashiap.o(i.FLASHIAP_ErasePage), (46 bytes).
    Removing fsl_flashiap.o(i.FLASHIAP_EraseSector), (46 bytes).
    Removing fsl_flashiap.o(i.FLASHIAP_PrepareSectorForWrite), (34 bytes).
    Removing fsl_flashiap.o(i.iap_entry), (20 bytes).
    Removing fsl_flashiap.o(i.translate_iap_status), (14 bytes).
    Removing fsl_flexcomm.o(.rev16_text), (4 bytes).
    Removing fsl_flexcomm.o(.revsh_text), (4 bytes).
    Removing fsl_flexcomm.o(.rrx_text), (6 bytes).
    Removing fsl_flexcomm.o(i.FLEXCOMM_SetIRQHandler), (52 bytes).
    Removing fsl_fmc.o(.rev16_text), (4 bytes).
    Removing fsl_fmc.o(.revsh_text), (4 bytes).
    Removing fsl_fmc.o(.rrx_text), (6 bytes).
    Removing fsl_fmc.o(i.FMC_Denit), (56 bytes).
    Removing fsl_fmc.o(i.FMC_GenerateFlashSignature), (68 bytes).
    Removing fsl_fmc.o(i.FMC_GetDefaultConfig), (6 bytes).
    Removing fsl_fmc.o(i.FMC_Init), (80 bytes).
    Removing fsl_fmeas.o(.rev16_text), (4 bytes).
    Removing fsl_fmeas.o(.revsh_text), (4 bytes).
    Removing fsl_fmeas.o(.rrx_text), (6 bytes).
    Removing fsl_fmeas.o(i.FMEAS_GetFrequency), (54 bytes).
    Removing fsl_gint.o(.rev16_text), (4 bytes).
    Removing fsl_gint.o(.revsh_text), (4 bytes).
    Removing fsl_gint.o(.rrx_text), (6 bytes).
    Removing fsl_gint.o(i.GINT_ClrStatus), (10 bytes).
    Removing fsl_gint.o(i.GINT_ConfigPins), (18 bytes).
    Removing fsl_gint.o(i.GINT_Deinit), (100 bytes).
    Removing fsl_gint.o(i.GINT_DisableCallback), (72 bytes).
    Removing fsl_gint.o(i.GINT_EnableCallback), (72 bytes).
    Removing fsl_gint.o(i.GINT_GetConfigPins), (24 bytes).
    Removing fsl_gint.o(i.GINT_GetCtrl), (52 bytes).
    Removing fsl_gint.o(i.GINT_GetInstance), (116 bytes).
    Removing fsl_gint.o(i.GINT_Init), (92 bytes).
    Removing fsl_gint.o(i.GINT_SetCtrl), (52 bytes).
    Removing fsl_gint.o(i.NVIC_ClearPendingIRQ), (24 bytes).
    Removing fsl_gpio.o(.rev16_text), (4 bytes).
    Removing fsl_gpio.o(.revsh_text), (4 bytes).
    Removing fsl_gpio.o(.rrx_text), (6 bytes).
    Removing fsl_gpio.o(i.GPIO_PinInit), (84 bytes).
    Removing fsl_i2c.o(.rev16_text), (4 bytes).
    Removing fsl_i2c.o(.revsh_text), (4 bytes).
    Removing fsl_i2c.o(.rrx_text), (6 bytes).
    Removing fsl_i2c.o(i.EnableIRQ), (36 bytes).
    Removing fsl_i2c.o(i.I2C_DisableInterrupts), (6 bytes).
    Removing fsl_i2c.o(i.I2C_EnableInterrupts), (6 bytes).
    Removing fsl_i2c.o(i.I2C_GetInstance), (76 bytes).
    Removing fsl_i2c.o(i.I2C_InitTransferStateMachine), (142 bytes).
    Removing fsl_i2c.o(i.I2C_MasterDeinit), (14 bytes).
    Removing fsl_i2c.o(i.I2C_MasterTransferAbort), (54 bytes).
    Removing fsl_i2c.o(i.I2C_MasterTransferCreateHandle), (120 bytes).
    Removing fsl_i2c.o(i.I2C_MasterTransferGetCount), (84 bytes).
    Removing fsl_i2c.o(i.I2C_MasterTransferHandleIRQ), (58 bytes).
    Removing fsl_i2c.o(i.I2C_MasterTransferNonBlocking), (208 bytes).
    Removing fsl_i2c.o(i.I2C_RunTransferStateMachine), (442 bytes).
    Removing fsl_i2c.o(i.I2C_SlaveAddressIRQ), (116 bytes).
    Removing fsl_i2c.o(i.I2C_SlaveDeinit), (14 bytes).
    Removing fsl_i2c.o(i.I2C_SlaveDivVal), (100 bytes).
    Removing fsl_i2c.o(i.I2C_SlaveEnable), (12 bytes).
    Removing fsl_i2c.o(i.I2C_SlaveGetDefaultConfig), (100 bytes).
    Removing fsl_i2c.o(i.I2C_SlaveInit), (128 bytes).
    Removing fsl_i2c.o(i.I2C_SlaveInternalStateMachineReset), (14 bytes).
    Removing fsl_i2c.o(i.I2C_SlaveInvokeEvent), (72 bytes).
    Removing fsl_i2c.o(i.I2C_SlavePollPending), (18 bytes).
    Removing fsl_i2c.o(i.I2C_SlaveReadBlocking), (170 bytes).
    Removing fsl_i2c.o(i.I2C_SlaveSetAddress), (24 bytes).
    Removing fsl_i2c.o(i.I2C_SlaveSetReceiveBuffer), (36 bytes).
    Removing fsl_i2c.o(i.I2C_SlaveSetSendBuffer), (40 bytes).
    Removing fsl_i2c.o(i.I2C_SlaveTransferAbort), (36 bytes).
    Removing fsl_i2c.o(i.I2C_SlaveTransferCreateHandle), (128 bytes).
    Removing fsl_i2c.o(i.I2C_SlaveTransferGetCount), (84 bytes).
    Removing fsl_i2c.o(i.I2C_SlaveTransferHandleIRQ), (344 bytes).
    Removing fsl_i2c.o(i.I2C_SlaveTransferNonBlocking), (30 bytes).
    Removing fsl_i2c.o(i.I2C_SlaveTransferNonBlockingInternal), (152 bytes).
    Removing fsl_i2c.o(i.I2C_SlaveWriteBlocking), (174 bytes).
    Removing fsl_i2c.o(.constdata), (50 bytes).
    Removing fsl_i2c_dma.o(.rev16_text), (4 bytes).
    Removing fsl_i2c_dma.o(.revsh_text), (4 bytes).
    Removing fsl_i2c_dma.o(.rrx_text), (6 bytes).
    Removing fsl_i2c_dma.o(i.I2C_DisableInterrupts), (6 bytes).
    Removing fsl_i2c_dma.o(i.I2C_InitTransferStateMachineDMA), (156 bytes).
    Removing fsl_i2c_dma.o(i.I2C_MasterClearStatusFlags), (10 bytes).
    Removing fsl_i2c_dma.o(i.I2C_MasterTransferAbortDMA), (104 bytes).
    Removing fsl_i2c_dma.o(i.I2C_MasterTransferCallbackDMA), (24 bytes).
    Removing fsl_i2c_dma.o(i.I2C_MasterTransferCreateHandleDMA), (224 bytes).
    Removing fsl_i2c_dma.o(i.I2C_MasterTransferDMA), (204 bytes).
    Removing fsl_i2c_dma.o(i.I2C_MasterTransferDMAHandleIRQ), (58 bytes).
    Removing fsl_i2c_dma.o(i.I2C_MasterTransferGetCountDMA), (88 bytes).
    Removing fsl_i2c_dma.o(i.I2C_RunDMATransfer), (180 bytes).
    Removing fsl_i2c_dma.o(i.I2C_RunTransferStateMachineDMA), (574 bytes).
    Removing fsl_i2c_dma.o(.bss), (80 bytes).
    Removing fsl_i2c_dma.o(.constdata), (10 bytes).
    Removing fsl_i2s.o(.rev16_text), (4 bytes).
    Removing fsl_i2s.o(.revsh_text), (4 bytes).
    Removing fsl_i2s.o(.rrx_text), (6 bytes).
    Removing fsl_i2s.o(i.I2S_Deinit), (2 bytes).
    Removing fsl_i2s.o(i.I2S_Disable), (14 bytes).
    Removing fsl_i2s.o(i.I2S_DisableInterrupts), (6 bytes).
    Removing fsl_i2s.o(i.I2S_Enable), (14 bytes).
    Removing fsl_i2s.o(i.I2S_EnableInterrupts), (6 bytes).
    Removing fsl_i2s.o(i.I2S_RxEnable), (52 bytes).
    Removing fsl_i2s.o(i.I2S_RxGetDefaultConfig), (48 bytes).
    Removing fsl_i2s.o(i.I2S_RxHandleIRQ), (784 bytes).
    Removing fsl_i2s.o(i.I2S_RxInit), (74 bytes).
    Removing fsl_i2s.o(i.I2S_RxTransferAbort), (88 bytes).
    Removing fsl_i2s.o(i.I2S_RxTransferCreateHandle), (140 bytes).
    Removing fsl_i2s.o(i.I2S_RxTransferNonBlocking), (172 bytes).
    Removing fsl_i2s.o(i.I2S_TransferGetCount), (108 bytes).
    Removing fsl_i2s.o(i.I2S_TransferGetErrorCount), (108 bytes).
    Removing fsl_i2s.o(i.I2S_TxEnable), (52 bytes).
    Removing fsl_i2s.o(i.I2S_TxHandleIRQ), (854 bytes).
    Removing fsl_i2s.o(i.I2S_TxTransferAbort), (88 bytes).
    Removing fsl_i2s.o(i.I2S_TxTransferCreateHandle), (140 bytes).
    Removing fsl_i2s.o(i.I2S_TxTransferNonBlocking), (172 bytes).
    Removing fsl_i2s.o(i.I2S_ValidateBuffer), (716 bytes).
    Removing fsl_i2s.o(.conststring), (65 bytes).
    Removing fsl_i2s_dma.o(.rev16_text), (4 bytes).
    Removing fsl_i2s_dma.o(.revsh_text), (4 bytes).
    Removing fsl_i2s_dma.o(.rrx_text), (6 bytes).
    Removing fsl_i2s_dma.o(i.I2S_RxTransferCreateHandleDMA), (36 bytes).
    Removing fsl_i2s_dma.o(i.I2S_RxTransferReceiveDMA), (60 bytes).
    Removing fsl_inputmux.o(.rev16_text), (4 bytes).
    Removing fsl_inputmux.o(.revsh_text), (4 bytes).
    Removing fsl_inputmux.o(.rrx_text), (6 bytes).
    Removing fsl_inputmux.o(i.INPUTMUX_AttachSignal), (14 bytes).
    Removing fsl_inputmux.o(i.INPUTMUX_Deinit), (52 bytes).
    Removing fsl_inputmux.o(i.INPUTMUX_Init), (48 bytes).
    Removing fsl_lcdc.o(.rev16_text), (4 bytes).
    Removing fsl_lcdc.o(.revsh_text), (4 bytes).
    Removing fsl_lcdc.o(.rrx_text), (6 bytes).
    Removing fsl_lcdc.o(i.LCDC_CursorGetDefaultConfig), (46 bytes).
    Removing fsl_lcdc.o(i.LCDC_Deinit), (28 bytes).
    Removing fsl_lcdc.o(i.LCDC_DisableInterrupts), (32 bytes).
    Removing fsl_lcdc.o(i.LCDC_GetInterruptsPendingStatus), (12 bytes).
    Removing fsl_lcdc.o(i.LCDC_SetCursorConfig), (220 bytes).
    Removing fsl_lcdc.o(i.LCDC_SetCursorImage), (54 bytes).
    Removing fsl_lcdc.o(i.LCDC_SetCursorPosition), (80 bytes).
    Removing fsl_lcdc.o(i.LCDC_SetPalette), (120 bytes).
    Removing fsl_lcdc.o(i.LCDC_SetPanelAddr), (88 bytes).
    Removing fsl_mcan.o(.rev16_text), (4 bytes).
    Removing fsl_mcan.o(.revsh_text), (4 bytes).
    Removing fsl_mcan.o(.rrx_text), (6 bytes).
    Removing fsl_mcan.o(i.EnableIRQ), (36 bytes).
    Removing fsl_mcan.o(i.MCAN_ClearStatusFlag), (8 bytes).
    Removing fsl_mcan.o(i.MCAN_Deinit), (72 bytes).
    Removing fsl_mcan.o(i.MCAN_DisableInterrupts), (8 bytes).
    Removing fsl_mcan.o(i.MCAN_EnableInterrupts), (36 bytes).
    Removing fsl_mcan.o(i.MCAN_EnterNormalMode), (22 bytes).
    Removing fsl_mcan.o(i.MCAN_GetDefaultConfig), (76 bytes).
    Removing fsl_mcan.o(i.MCAN_GetInstance), (120 bytes).
    Removing fsl_mcan.o(i.MCAN_GetMsgRAMBase), (8 bytes).
    Removing fsl_mcan.o(i.MCAN_GetRxBufferElementAddress), (104 bytes).
    Removing fsl_mcan.o(i.MCAN_GetRxFifo0ElementAddress), (50 bytes).
    Removing fsl_mcan.o(i.MCAN_GetRxFifo1ElementAddress), (50 bytes).
    Removing fsl_mcan.o(i.MCAN_GetStatusFlag), (16 bytes).
    Removing fsl_mcan.o(i.MCAN_GetTxBufferElementAddress), (104 bytes).
    Removing fsl_mcan.o(i.MCAN_Init), (164 bytes).
    Removing fsl_mcan.o(i.MCAN_IsTransmitOccurred), (16 bytes).
    Removing fsl_mcan.o(i.MCAN_IsTransmitRequestPending), (16 bytes).
    Removing fsl_mcan.o(i.MCAN_ReadRxBuffer), (52 bytes).
    Removing fsl_mcan.o(i.MCAN_ReadRxFifo), (184 bytes).
    Removing fsl_mcan.o(i.MCAN_Reset), (30 bytes).
    Removing fsl_mcan.o(i.MCAN_SetArbitrationTimingConfig), (116 bytes).
    Removing fsl_mcan.o(i.MCAN_SetBaudRate), (118 bytes).
    Removing fsl_mcan.o(i.MCAN_SetDataTimingConfig), (116 bytes).
    Removing fsl_mcan.o(i.MCAN_SetEXTFilterElement), (40 bytes).
    Removing fsl_mcan.o(i.MCAN_SetFilterConfig), (124 bytes).
    Removing fsl_mcan.o(i.MCAN_SetRxBufferConfig), (42 bytes).
    Removing fsl_mcan.o(i.MCAN_SetRxFifo0Config), (70 bytes).
    Removing fsl_mcan.o(i.MCAN_SetRxFifo1Config), (72 bytes).
    Removing fsl_mcan.o(i.MCAN_SetSTDFilterElement), (40 bytes).
    Removing fsl_mcan.o(i.MCAN_SetTxBufferConfig), (172 bytes).
    Removing fsl_mcan.o(i.MCAN_SetTxEventFifoConfig), (48 bytes).
    Removing fsl_mcan.o(i.MCAN_TransferAbortReceiveFifo), (148 bytes).
    Removing fsl_mcan.o(i.MCAN_TransferAbortSend), (160 bytes).
    Removing fsl_mcan.o(i.MCAN_TransferCreateHandle), (172 bytes).
    Removing fsl_mcan.o(i.MCAN_TransferHandleIRQ), (236 bytes).
    Removing fsl_mcan.o(i.MCAN_TransferReceiveBlocking), (256 bytes).
    Removing fsl_mcan.o(i.MCAN_TransferReceiveFifoBlocking), (152 bytes).
    Removing fsl_mcan.o(i.MCAN_TransferReceiveFifoNonBlocking), (208 bytes).
    Removing fsl_mcan.o(i.MCAN_TransferSendBlocking), (50 bytes).
    Removing fsl_mcan.o(i.MCAN_TransferSendNonBlocking), (260 bytes).
    Removing fsl_mcan.o(i.MCAN_TransmitAddRequest), (16 bytes).
    Removing fsl_mcan.o(i.MCAN_WriteTxBuffer), (72 bytes).
    Removing fsl_mcan.o(.constdata), (16 bytes).
    Removing fsl_mrt.o(.rev16_text), (4 bytes).
    Removing fsl_mrt.o(.revsh_text), (4 bytes).
    Removing fsl_mrt.o(.rrx_text), (6 bytes).
    Removing fsl_mrt.o(i.MRT_Deinit), (96 bytes).
    Removing fsl_mrt.o(i.MRT_GetInstance), (108 bytes).
    Removing fsl_mrt.o(i.MRT_Init), (148 bytes).
    Removing fsl_mrt.o(i.MRT_StopTimer), (12 bytes).
    Removing fsl_mrt.o(i.MRT_UpdateTimerPeriod), (32 bytes).
    Removing fsl_mrt.o(.constdata), (12 bytes).
    Removing fsl_pint.o(.rev16_text), (4 bytes).
    Removing fsl_pint.o(.revsh_text), (4 bytes).
    Removing fsl_pint.o(.rrx_text), (6 bytes).
    Removing fsl_pint.o(i.NVIC_ClearPendingIRQ), (24 bytes).
    Removing fsl_pint.o(i.PINT_Deinit), (132 bytes).
    Removing fsl_pint.o(i.PINT_DisableCallback), (124 bytes).
    Removing fsl_pint.o(i.PINT_EnableCallback), (128 bytes).
    Removing fsl_pint.o(i.PINT_Init), (152 bytes).
    Removing fsl_pint.o(i.PINT_PatternMatchConfig), (156 bytes).
    Removing fsl_pint.o(i.PINT_PatternMatchGetConfig), (148 bytes).
    Removing fsl_pint.o(i.PINT_PinInterruptConfig), (160 bytes).
    Removing fsl_pint.o(i.PINT_PinInterruptGetConfig), (156 bytes).
    Removing fsl_pint.o(.constdata), (8 bytes).
    Removing fsl_power.o(.rev16_text), (4 bytes).
    Removing fsl_power.o(.revsh_text), (4 bytes).
    Removing fsl_power.o(.rrx_text), (6 bytes).
    Removing fsl_reset.o(.rev16_text), (4 bytes).
    Removing fsl_reset.o(.revsh_text), (4 bytes).
    Removing fsl_reset.o(.rrx_text), (6 bytes).
    Removing fsl_rit.o(.rev16_text), (4 bytes).
    Removing fsl_rit.o(.revsh_text), (4 bytes).
    Removing fsl_rit.o(.rrx_text), (6 bytes).
    Removing fsl_rit.o(i.RIT_Deinit), (72 bytes).
    Removing fsl_rit.o(i.RIT_GetCompareTimerCount), (22 bytes).
    Removing fsl_rit.o(i.RIT_GetCounterTimerCount), (22 bytes).
    Removing fsl_rit.o(i.RIT_GetDefaultConfig), (56 bytes).
    Removing fsl_rit.o(i.RIT_GetInstance), (116 bytes).
    Removing fsl_rit.o(i.RIT_GetMaskTimerCount), (22 bytes).
    Removing fsl_rit.o(i.RIT_Init), (140 bytes).
    Removing fsl_rit.o(i.RIT_SetMaskBit), (8 bytes).
    Removing fsl_rit.o(i.RIT_SetTimerCompare), (16 bytes).
    Removing fsl_rit.o(.constdata), (6 bytes).
    Removing fsl_rtc.o(.rev16_text), (4 bytes).
    Removing fsl_rtc.o(.revsh_text), (4 bytes).
    Removing fsl_rtc.o(.rrx_text), (6 bytes).
    Removing fsl_rtc.o(i.RTC_CheckDatetimeFormat), (200 bytes).
    Removing fsl_rtc.o(i.RTC_ConvertDatetimeToSeconds), (172 bytes).
    Removing fsl_rtc.o(i.RTC_ConvertSecondsToDatetime), (244 bytes).
    Removing fsl_rtc.o(i.RTC_GetAlarm), (72 bytes).
    Removing fsl_rtc.o(i.RTC_GetDatetime), (72 bytes).
    Removing fsl_rtc.o(i.RTC_Init), (64 bytes).
    Removing fsl_rtc.o(i.RTC_SetAlarm), (100 bytes).
    Removing fsl_rtc.o(i.RTC_SetDatetime), (80 bytes).
    Removing fsl_rtc.o(.constdata), (26 bytes).
    Removing fsl_sctimer.o(.rev16_text), (4 bytes).
    Removing fsl_sctimer.o(.revsh_text), (4 bytes).
    Removing fsl_sctimer.o(.rrx_text), (6 bytes).
    Removing fsl_sctimer.o(i.SCTIMER_Deinit), (72 bytes).
    Removing fsl_sctimer.o(i.SCTIMER_GetCurrentState), (12 bytes).
    Removing fsl_sctimer.o(i.SCTIMER_IncreaseState), (32 bytes).
    Removing fsl_sctimer.o(i.SCTIMER_ScheduleEvent), (36 bytes).
    Removing fsl_sctimer.o(i.SCTIMER_SetCallback), (12 bytes).
    Removing fsl_sctimer.o(i.SCTIMER_SetupCaptureAction), (160 bytes).
    Removing fsl_sctimer.o(i.SCTIMER_SetupOutputToggleAction), (72 bytes).
    Removing fsl_sctimer.o(i.SCTIMER_UpdatePwmDutycycle), (236 bytes).
    Removing fsl_sdif.o(.rev16_text), (4 bytes).
    Removing fsl_sdif.o(.revsh_text), (4 bytes).
    Removing fsl_sdif.o(.rrx_text), (6 bytes).
    Removing fsl_sdif.o(i.SDIF_AbortReadData), (40 bytes).
    Removing fsl_sdif.o(i.SDIF_ClearInternalDMAStatus), (12 bytes).
    Removing fsl_sdif.o(i.SDIF_ClearInterruptStatus), (8 bytes).
    Removing fsl_sdif.o(i.SDIF_ConfigClockDelay), (88 bytes).
    Removing fsl_sdif.o(i.SDIF_Deinit), (84 bytes).
    Removing fsl_sdif.o(i.SDIF_EnableCardClock), (22 bytes).
    Removing fsl_sdif.o(i.SDIF_GetCapability), (92 bytes).
    Removing fsl_sdif.o(i.SDIF_GetInstance), (116 bytes).
    Removing fsl_sdif.o(i.SDIF_GetInterruptStatus), (6 bytes).
    Removing fsl_sdif.o(i.SDIF_Init), (196 bytes).
    Removing fsl_sdif.o(i.SDIF_InternalDMAConfig), (572 bytes).
    Removing fsl_sdif.o(i.SDIF_ReadCommandResponse), (72 bytes).
    Removing fsl_sdif.o(i.SDIF_ReadDataPort), (110 bytes).
    Removing fsl_sdif.o(i.SDIF_ReadDataPortBlocking), (134 bytes).
    Removing fsl_sdif.o(i.SDIF_ReleaseDMADescriptor), (264 bytes).
    Removing fsl_sdif.o(i.SDIF_Reset), (36 bytes).
    Removing fsl_sdif.o(i.SDIF_SendCardActive), (102 bytes).
    Removing fsl_sdif.o(i.SDIF_SendCommand), (116 bytes).
    Removing fsl_sdif.o(i.SDIF_SetCardClock), (140 bytes).
    Removing fsl_sdif.o(i.SDIF_TransferBlocking), (232 bytes).
    Removing fsl_sdif.o(i.SDIF_TransferConfig), (212 bytes).
    Removing fsl_sdif.o(i.SDIF_TransferCreateHandle), (224 bytes).
    Removing fsl_sdif.o(i.SDIF_TransferDataBlocking), (204 bytes).
    Removing fsl_sdif.o(i.SDIF_TransferHandleCommand), (132 bytes).
    Removing fsl_sdif.o(i.SDIF_TransferHandleDMA), (88 bytes).
    Removing fsl_sdif.o(i.SDIF_TransferHandleData), (252 bytes).
    Removing fsl_sdif.o(i.SDIF_TransferHandleIRQ), (176 bytes).
    Removing fsl_sdif.o(i.SDIF_TransferHandleSDIOInterrupt), (14 bytes).
    Removing fsl_sdif.o(i.SDIF_TransferNonBlocking), (172 bytes).
    Removing fsl_sdif.o(i.SDIF_WaitCommandDone), (74 bytes).
    Removing fsl_sdif.o(i.SDIF_WriteDataPort), (110 bytes).
    Removing fsl_sdif.o(i.SDIF_WriteDataPortBlocking), (162 bytes).
    Removing fsl_sdif.o(.constdata), (5 bytes).
    Removing fsl_spi.o(.rev16_text), (4 bytes).
    Removing fsl_spi.o(.revsh_text), (4 bytes).
    Removing fsl_spi.o(.rrx_text), (6 bytes).
    Removing fsl_spi.o(i.SPI_Deinit), (92 bytes).
    Removing fsl_spi.o(i.SPI_Enable), (30 bytes).
    Removing fsl_spi.o(i.SPI_EnableRxDMA), (30 bytes).
    Removing fsl_spi.o(i.SPI_EnableTxDMA), (30 bytes).
    Removing fsl_spi.o(i.SPI_GetConfig), (32 bytes).
    Removing fsl_spi.o(i.SPI_GetInstance), (76 bytes).
    Removing fsl_spi.o(i.SPI_MasterGetDefaultConfig), (96 bytes).
    Removing fsl_spi.o(i.SPI_MasterInit), (412 bytes).
    Removing fsl_spi.o(i.SPI_MasterSetBaud), (176 bytes).
    Removing fsl_spi.o(i.SPI_MasterTransferAbort), (100 bytes).
    Removing fsl_spi.o(i.SPI_MasterTransferBlocking), (620 bytes).
    Removing fsl_spi.o(i.SPI_MasterTransferCreateHandle), (316 bytes).
    Removing fsl_spi.o(i.SPI_MasterTransferGetCount), (100 bytes).
    Removing fsl_spi.o(i.SPI_MasterTransferHandleIRQ), (308 bytes).
    Removing fsl_spi.o(i.SPI_MasterTransferNonBlocking), (236 bytes).
    Removing fsl_spi.o(i.SPI_SlaveGetDefaultConfig), (84 bytes).
    Removing fsl_spi.o(i.SPI_SlaveInit), (304 bytes).
    Removing fsl_spi.o(i.SPI_SlaveTransferHandleIRQ), (16 bytes).
    Removing fsl_spi.o(i.SPI_TransferHandleIRQInternal), (372 bytes).
    Removing fsl_spi.o(i.SPI_WriteData), (224 bytes).
    Removing fsl_spi.o(.bss), (20 bytes).
    Removing fsl_spi.o(.constdata), (50 bytes).
    Removing fsl_spi.o(.conststring), (366 bytes).
    Removing fsl_spi_dma.o(.rev16_text), (4 bytes).
    Removing fsl_spi_dma.o(.revsh_text), (4 bytes).
    Removing fsl_spi_dma.o(.rrx_text), (6 bytes).
    Removing fsl_spi_dma.o(i.PrepareTxFIFO), (128 bytes).
    Removing fsl_spi_dma.o(i.SPI_MasterTransferAbortDMA), (88 bytes).
    Removing fsl_spi_dma.o(i.SPI_MasterTransferCreateHandleDMA), (216 bytes).
    Removing fsl_spi_dma.o(i.SPI_MasterTransferDMA), (836 bytes).
    Removing fsl_spi_dma.o(i.SPI_MasterTransferGetCountDMA), (108 bytes).
    Removing fsl_spi_dma.o(i.SPI_RxDMACallback), (54 bytes).
    Removing fsl_spi_dma.o(i.SPI_SetupDummy), (32 bytes).
    Removing fsl_spi_dma.o(i.SPI_TxDMACallback), (54 bytes).
    Removing fsl_spi_dma.o(i.SpiConfigToFifoWR), (40 bytes).
    Removing fsl_spi_dma.o(i.XferToFifoWR), (46 bytes).
    Removing fsl_spi_dma.o(.bss), (320 bytes).
    Removing fsl_spi_dma.o(.conststring), (149 bytes).
    Removing fsl_spi_dma.o(.data), (2 bytes).
    Removing fsl_spifi.o(.rev16_text), (4 bytes).
    Removing fsl_spifi.o(.revsh_text), (4 bytes).
    Removing fsl_spifi.o(.rrx_text), (6 bytes).
    Removing fsl_spifi.o(i.SPIFI_Deinit), (64 bytes).
    Removing fsl_spifi.o(i.SPIFI_GetDefaultConfig), (30 bytes).
    Removing fsl_spifi.o(i.SPIFI_GetInstance), (116 bytes).
    Removing fsl_spifi.o(i.SPIFI_Init), (212 bytes).
    Removing fsl_spifi.o(i.SPIFI_SetCommand), (108 bytes).
    Removing fsl_spifi.o(i.SPIFI_SetMemoryCommand), (66 bytes).
    Removing fsl_spifi.o(.constdata), (6 bytes).
    Removing fsl_spifi_dma.o(.rev16_text), (4 bytes).
    Removing fsl_spifi_dma.o(.revsh_text), (4 bytes).
    Removing fsl_spifi_dma.o(.rrx_text), (6 bytes).
    Removing fsl_spifi_dma.o(i.SPIFI_EnableDMA), (22 bytes).
    Removing fsl_spifi_dma.o(i.SPIFI_ReceiveDMACallback), (56 bytes).
    Removing fsl_spifi_dma.o(i.SPIFI_SendDMACallback), (56 bytes).
    Removing fsl_spifi_dma.o(i.SPIFI_TransferAbortReceiveDMA), (108 bytes).
    Removing fsl_spifi_dma.o(i.SPIFI_TransferAbortSendDMA), (104 bytes).
    Removing fsl_spifi_dma.o(i.SPIFI_TransferGetReceiveCountDMA), (96 bytes).
    Removing fsl_spifi_dma.o(i.SPIFI_TransferGetSendCountDMA), (96 bytes).
    Removing fsl_spifi_dma.o(i.SPIFI_TransferReceiveDMA), (172 bytes).
    Removing fsl_spifi_dma.o(i.SPIFI_TransferRxCreateHandleDMA), (144 bytes).
    Removing fsl_spifi_dma.o(i.SPIFI_TransferSendDMA), (172 bytes).
    Removing fsl_spifi_dma.o(i.SPIFI_TransferTxCreateHandleDMA), (140 bytes).
    Removing fsl_spifi_dma.o(.bss), (16 bytes).
    Removing fsl_usart.o(.rev16_text), (4 bytes).
    Removing fsl_usart.o(.revsh_text), (4 bytes).
    Removing fsl_usart.o(.rrx_text), (6 bytes).
    Removing fsl_usart.o(i.USART_Deinit), (100 bytes).
    Removing fsl_usart.o(i.USART_GetInstance), (76 bytes).
    Removing fsl_usart.o(i.USART_TransferAbortReceive), (104 bytes).
    Removing fsl_usart.o(i.USART_TransferAbortSend), (96 bytes).
    Removing fsl_usart.o(i.USART_TransferCreateHandle), (224 bytes).
    Removing fsl_usart.o(i.USART_TransferGetReceiveCount), (120 bytes).
    Removing fsl_usart.o(i.USART_TransferGetRxRingBufferLength), (88 bytes).
    Removing fsl_usart.o(i.USART_TransferGetSendCount), (120 bytes).
    Removing fsl_usart.o(i.USART_TransferHandleIRQ), (544 bytes).
    Removing fsl_usart.o(i.USART_TransferIsRxRingBufferFull), (84 bytes).
    Removing fsl_usart.o(i.USART_TransferReceiveNonBlocking), (440 bytes).
    Removing fsl_usart.o(i.USART_TransferSendNonBlocking), (252 bytes).
    Removing fsl_usart.o(i.USART_TransferStartRingBuffer), (156 bytes).
    Removing fsl_usart.o(i.USART_TransferStopRingBuffer), (116 bytes).
    Removing fsl_usart.o(.constdata), (52 bytes).
    Removing fsl_usart_dma.o(.rev16_text), (4 bytes).
    Removing fsl_usart_dma.o(.revsh_text), (4 bytes).
    Removing fsl_usart_dma.o(.rrx_text), (6 bytes).
    Removing fsl_usart_dma.o(i.USART_EnableRxDMA), (30 bytes).
    Removing fsl_usart_dma.o(i.USART_EnableTxDMA), (30 bytes).
    Removing fsl_usart_dma.o(i.USART_TransferAbortReceiveDMA), (120 bytes).
    Removing fsl_usart_dma.o(i.USART_TransferAbortSendDMA), (120 bytes).
    Removing fsl_usart_dma.o(i.USART_TransferCreateHandleDMA), (228 bytes).
    Removing fsl_usart_dma.o(i.USART_TransferGetReceiveCountDMA), (148 bytes).
    Removing fsl_usart_dma.o(i.USART_TransferReceiveDMA), (256 bytes).
    Removing fsl_usart_dma.o(i.USART_TransferReceiveDMACallback), (128 bytes).
    Removing fsl_usart_dma.o(i.USART_TransferSendDMA), (256 bytes).
    Removing fsl_usart_dma.o(i.USART_TransferSendDMACallback), (128 bytes).
    Removing fsl_usart_dma.o(.bss), (80 bytes).
    Removing fsl_utick.o(.rev16_text), (4 bytes).
    Removing fsl_utick.o(.revsh_text), (4 bytes).
    Removing fsl_utick.o(.rrx_text), (6 bytes).
    Removing fsl_utick.o(i.UTICK_ClearStatusFlags), (6 bytes).
    Removing fsl_utick.o(i.UTICK_Deinit), (68 bytes).
    Removing fsl_utick.o(i.UTICK_GetInstance), (116 bytes).
    Removing fsl_utick.o(i.UTICK_GetStatusFlags), (6 bytes).
    Removing fsl_utick.o(i.UTICK_HandleIRQ), (18 bytes).
    Removing fsl_utick.o(i.UTICK_Init), (96 bytes).
    Removing fsl_utick.o(i.UTICK_SetTick), (60 bytes).
    Removing fsl_utick.o(.constdata), (8 bytes).
    Removing fsl_wwdt.o(.rev16_text), (4 bytes).
    Removing fsl_wwdt.o(.revsh_text), (4 bytes).
    Removing fsl_wwdt.o(.rrx_text), (6 bytes).
    Removing fsl_wwdt.o(i.WWDT_ClearStatusFlags), (30 bytes).
    Removing fsl_wwdt.o(i.WWDT_Deinit), (76 bytes).
    Removing fsl_wwdt.o(i.WWDT_GetDefaultConfig), (76 bytes).
    Removing fsl_wwdt.o(i.WWDT_GetInstance), (108 bytes).
    Removing fsl_wwdt.o(i.WWDT_Init), (204 bytes).
    Removing fsl_wwdt.o(i.WWDT_Refresh), (44 bytes).
    Removing fsl_wwdt.o(.constdata), (12 bytes).
    Removing main.o(.rev16_text), (4 bytes).
    Removing main.o(.revsh_text), (4 bytes).
    Removing main.o(.rrx_text), (6 bytes).
    Removing main.o(i.EMC_MirrorChipAddr), (22 bytes).
    Removing board.o(.rev16_text), (4 bytes).
    Removing board.o(.revsh_text), (4 bytes).
    Removing board.o(.rrx_text), (6 bytes).
    Removing board.o(i.EMC_MirrorChipAddr), (22 bytes).
    Removing board.o(.constdata), (4 bytes).
    Removing clock_config.o(.rev16_text), (4 bytes).
    Removing clock_config.o(.revsh_text), (4 bytes).
    Removing clock_config.o(.rrx_text), (6 bytes).
    Removing clock_config.o(i.BOARD_BootClockHSRUN), (64 bytes).
    Removing clock_config.o(i.BOARD_BootClockRUN), (64 bytes).
    Removing clock_config.o(i.BOARD_BootClockVLPR), (52 bytes).
    Removing clock_config.o(i.POWER_DisablePD), (20 bytes).
    Removing pin_mux.o(.rev16_text), (4 bytes).
    Removing pin_mux.o(.revsh_text), (4 bytes).
    Removing pin_mux.o(.rrx_text), (6 bytes).
    Removing egfx.o(i.eGFX_ABS), (16 bytes).
    Removing egfx.o(i.eGFX_AddAnimator), (48 bytes).
    Removing egfx.o(i.eGFX_AddObject), (48 bytes).
    Removing egfx.o(i.eGFX_AddObjectBoxF), (48 bytes).
    Removing egfx.o(i.eGFX_AddObjectCircleF), (48 bytes).
    Removing egfx.o(i.eGFX_AddObjectLineF), (44 bytes).
    Removing egfx.o(i.eGFX_AddObjectScaledSpriteF), (44 bytes).
    Removing egfx.o(i.eGFX_AddObjectShadedTextF), (48 bytes).
    Removing egfx.o(i.eGFX_AddObjectSpriteF), (34 bytes).
    Removing egfx.o(i.eGFX_AddObjectTextF), (40 bytes).
    Removing egfx.o(i.eGFX_AddPointF_BisectAnimator), (54 bytes).
    Removing egfx.o(i.eGFX_AddPointF_LinearAnimator), (62 bytes).
    Removing egfx.o(i.eGFX_AddScalarF_BisectAnimator), (48 bytes).
    Removing egfx.o(i.eGFX_AddScalarF_LinearAnimator), (48 bytes).
    Removing egfx.o(i.eGFX_AnimatorIsComplete), (14 bytes).
    Removing egfx.o(i.eGFX_AnimatorsAreComplete), (48 bytes).
    Removing egfx.o(i.eGFX_BlitColored), (78 bytes).
    Removing egfx.o(i.eGFX_BlitFaded), (84 bytes).
    Removing egfx.o(i.eGFX_BlitShaded), (136 bytes).
    Removing egfx.o(i.eGFX_CenteredBlit), (98 bytes).
    Removing egfx.o(i.eGFX_ClearAnimators), (12 bytes).
    Removing egfx.o(i.eGFX_ClearObjects), (12 bytes).
    Removing egfx.o(i.eGFX_DisableObject), (8 bytes).
    Removing egfx.o(i.eGFX_DrawBox), (90 bytes).
    Removing egfx.o(i.eGFX_DrawCharacterColored), (76 bytes).
    Removing egfx.o(i.eGFX_DrawCharacterFaded), (76 bytes).
    Removing egfx.o(i.eGFX_DrawCharacterShaded), (78 bytes).
    Removing egfx.o(i.eGFX_DrawCircle), (294 bytes).
    Removing egfx.o(i.eGFX_DrawFilledBox), (48 bytes).
    Removing egfx.o(i.eGFX_DrawFilledCircle), (250 bytes).
    Removing egfx.o(i.eGFX_DrawHline), (114 bytes).
    Removing egfx.o(i.eGFX_DrawHorizontalCenteredString), (52 bytes).
    Removing egfx.o(i.eGFX_DrawHorizontalCenteredString_CustomSpacing), (60 bytes).
    Removing egfx.o(i.eGFX_DrawLine), (294 bytes).
    Removing egfx.o(i.eGFX_DrawListPrimitive), (792 bytes).
    Removing egfx.o(i.eGFX_DrawObject_BoxF), (536 bytes).
    Removing egfx.o(i.eGFX_DrawObject_CircleF), (166 bytes).
    Removing egfx.o(i.eGFX_DrawObject_LineF), (108 bytes).
    Removing egfx.o(i.eGFX_DrawObject_ScaledSpriteF), (68 bytes).
    Removing egfx.o(i.eGFX_DrawObject_ShadedTextF), (74 bytes).
    Removing egfx.o(i.eGFX_DrawObject_SpriteF), (60 bytes).
    Removing egfx.o(i.eGFX_DrawObject_TextF), (64 bytes).
    Removing egfx.o(i.eGFX_DrawObjects), (176 bytes).
    Removing egfx.o(i.eGFX_DrawRightAlignedCenteredString_CustomSpacing), (64 bytes).
    Removing egfx.o(i.eGFX_DrawRotatedListPrimitive), (1376 bytes).
    Removing egfx.o(i.eGFX_DrawScaledListPrimitive), (614 bytes).
    Removing egfx.o(i.eGFX_DrawScaledRotatedListPrimitive), (1960 bytes).
    Removing egfx.o(i.eGFX_DrawStringColored), (76 bytes).
    Removing egfx.o(i.eGFX_DrawStringFaded), (76 bytes).
    Removing egfx.o(i.eGFX_DrawStringShaded), (84 bytes).
    Removing egfx.o(i.eGFX_DrawString_CustomSpacing), (66 bytes).
    Removing egfx.o(i.eGFX_DrawVline), (96 bytes).
    Removing egfx.o(i.eGFX_EnableObject), (8 bytes).
    Removing egfx.o(i.eGFX_FLOAT_TO_FIXED_7_8), (72 bytes).
    Removing egfx.o(i.eGFX_FMul_15_0to0_15), (12 bytes).
    Removing egfx.o(i.eGFX_FMul_15_0to1_14), (28 bytes).
    Removing egfx.o(i.eGFX_FMul_15_0to7_8), (12 bytes).
    Removing egfx.o(i.eGFX_FMul_7_8to0_15), (12 bytes).
    Removing egfx.o(i.eGFX_GET_INT_FROM_FIXED_7_8_ROUND_TO_NEAREST), (20 bytes).
    Removing egfx.o(i.eGFX_GetAnimatorCount), (12 bytes).
    Removing egfx.o(i.eGFX_GetBitFromArray), (36 bytes).
    Removing egfx.o(i.eGFX_GetObjectCount), (12 bytes).
    Removing egfx.o(i.eGFX_GetStringWidth_CustomSpacing), (60 bytes).
    Removing egfx.o(i.eGFX_ImagePlane_GetByte), (134 bytes).
    Removing egfx.o(i.eGFX_InitObjectBoxF), (38 bytes).
    Removing egfx.o(i.eGFX_InitObjectCircleF), (34 bytes).
    Removing egfx.o(i.eGFX_InitObjectLineF), (36 bytes).
    Removing egfx.o(i.eGFX_InitObjectScaledSpriteF), (28 bytes).
    Removing egfx.o(i.eGFX_InitObjectShadedTextF), (80 bytes).
    Removing egfx.o(i.eGFX_InitObjectSpriteF), (26 bytes).
    Removing egfx.o(i.eGFX_InitObjectTextF), (34 bytes).
    Removing egfx.o(i.eGFX_InitPointF_BisectAnimator), (98 bytes).
    Removing egfx.o(i.eGFX_InitPointF_LinearAnimator), (230 bytes).
    Removing egfx.o(i.eGFX_InitScalarF_BisectAnimator), (86 bytes).
    Removing egfx.o(i.eGFX_InitScalarF_LinearAnimator), (120 bytes).
    Removing egfx.o(i.eGFX_PauseAnimator), (6 bytes).
    Removing egfx.o(i.eGFX_PauseAnimators), (44 bytes).
    Removing egfx.o(i.eGFX_ProcessAnimators), (112 bytes).
    Removing egfx.o(i.eGFX_ProcessPointF_BisectAnimator), (256 bytes).
    Removing egfx.o(i.eGFX_ProcessPointF_LinearAnimator), (494 bytes).
    Removing egfx.o(i.eGFX_ProcessScalarF_BisectAnimator), (160 bytes).
    Removing egfx.o(i.eGFX_ProcessScalarF_LinearAnimator), (156 bytes).
    Removing egfx.o(i.eGFX_ResetAnimator), (12 bytes).
    Removing egfx.o(i.eGFX_ResetAnimators), (36 bytes).
    Removing egfx.o(i.eGFX_ScaledBlit), (356 bytes).
    Removing egfx.o(i.eGFX_ScaledDrawCharacter), (122 bytes).
    Removing egfx.o(i.eGFX_ScaledDrawString), (94 bytes).
    Removing egfx.o(i.eGFX_ScaledDrawString_CustomSpacing), (92 bytes).
    Removing egfx.o(i.eGFX_StartAnimator), (6 bytes).
    Removing egfx.o(i.eGFX_StartAnimators), (44 bytes).
    Removing egfx.o(i.eGFX_printf_Colored), (80 bytes).
    Removing egfx.o(i.eGFX_printf_HorizontalCentered_Colored), (92 bytes).
    Removing egfx.o(.constdata), (1024 bytes).
    Removing egfx.o(.data), (8 bytes).
    Removing egfx_driver_lpcxpresso_54608.o(.rev16_text), (4 bytes).
    Removing egfx_driver_lpcxpresso_54608.o(.revsh_text), (4 bytes).
    Removing egfx_driver_lpcxpresso_54608.o(.rrx_text), (6 bytes).
    Removing egfx_driver_lpcxpresso_54608.o(i.APP_I2C_Init), (40 bytes).
    Removing font_5_7_1bpp.o(.constdata), (2320 bytes).
    Removing font_3_5_1bpp.o(.constdata), (2320 bytes).
    Removing fsl_wm8904.o(.rev16_text), (4 bytes).
    Removing fsl_wm8904.o(.revsh_text), (4 bytes).
    Removing fsl_wm8904.o(.rrx_text), (6 bytes).
    Removing fsl_wm8904.o(i.CodecReadReg), (20 bytes).
    Removing fsl_wm8904.o(i.CodecWriteReg), (20 bytes).
    Removing fsl_wm8904.o(i.WM8904_Deinit), (16 bytes).
    Removing fsl_wm8904.o(i.WM8904_PrintRegisters), (112 bytes).
    Removing fsl_wm8904.o(i.WM8904_SetMute), (86 bytes).
    Removing fsl_wm8904.o(.constdata), (98 bytes).
    Removing audio.o(.rev16_text), (4 bytes).
    Removing audio.o(.revsh_text), (4 bytes).
    Removing audio.o(.rrx_text), (6 bytes).
    Removing dma.o(.rev16_text), (4 bytes).
    Removing dma.o(.revsh_text), (4 bytes).
    Removing dma.o(.rrx_text), (6 bytes).
    Removing fsl_power_lib.o(.rev16_text), (4 bytes).
    Removing fsl_power_lib.o(.revsh_text), (4 bytes).
    Removing fsl_power_lib.o(.rrx_text), (6 bytes).
    Removing fsl_power_lib.o(i.DeepSleepReloc), (160 bytes).
    Removing fsl_power_lib.o(i.POWER_EnterDeepPowerDown), (84 bytes).
    Removing fsl_power_lib.o(i.POWER_EnterDeepSleep), (48 bytes).
    Removing fsl_power_lib.o(i.POWER_EnterPowerMode), (52 bytes).
    Removing fsl_power_lib.o(i.POWER_EnterSleep), (40 bytes).
    Removing fsl_power_lib.o(i.POWER_GetLibVersion), (6 bytes).
    Removing fsl_power_lib.o(i.POWER_SetLowPowerVoltageForFreq), (100 bytes).
    Removing fsl_power_lib.o(i.POWER_SetUsbPhy), (36 bytes).
    Removing fsl_power_lib.o(i.POWER_setLpVdLevel), (72 bytes).
    Removing fsl_power_lib.o(.bss), (2048 bytes).
    Removing f2d.o(.text), (38 bytes).
    Removing cdcmple.o(.text), (48 bytes).

723 unused section(s) (total 71494 bytes) removed from the image.

==============================================================================

Memory Map of the image

  Image Entry point : 0x00000000

  Load Region LR_m_text (Base: 0x00000000, Size: 0x0000937c, Max: 0x00080000, ABSOLUTE)

    Execution Region VECTOR_ROM (Base: 0x00000000, Size: 0x00000124, Max: 0x00000400, ABSOLUTE)

    Base Addr    Size         Type   Attr      Idx    E Section Name        Object

    0x00000000   0x00000124   Data   RO            4    RESET               startup_lpc54608.o


    Execution Region VECTOR_RAM (Base: 0x00000000, Size: 0x00000000, Max: 0x00000000, ABSOLUTE)

    Base Addr    Size         Type   Attr      Idx    E Section Name        Object

    0x00000000   0x00000000   Zero   RW            1    VECTOR_RAM.bss      anon$$obj.o


    Execution Region ER_m_text (Base: 0x00000400, Size: 0x00008d38, Max: 0x0007fc00, ABSOLUTE, FIXED)

    Base Addr    Size         Type   Attr      Idx    E Section Name        Object

    0x00000400   0x00000000   Code   RO         5901  * .ARM.Collect$$$$00000000  mc_w.l(entry.o)
    0x00000400   0x00000004   Code   RO         5948    .ARM.Collect$$$$00000003  mc_w.l(entry4.o)
    0x00000404   0x00000004   Code   RO         5951    .ARM.Collect$$$$00000004  mc_w.l(entry5.o)
    0x00000408   0x00000000   Code   RO         5953    .ARM.Collect$$$$00000008  mc_w.l(entry7b.o)
    0x00000408   0x00000000   Code   RO         5955    .ARM.Collect$$$$0000000A  mc_w.l(entry8b.o)
    0x00000408   0x00000008   Code   RO         5956    .ARM.Collect$$$$0000000B  mc_w.l(entry9a.o)
    0x00000410   0x00000000   Code   RO         5958    .ARM.Collect$$$$0000000D  mc_w.l(entry10a.o)
    0x00000410   0x00000000   Code   RO         5960    .ARM.Collect$$$$0000000F  mc_w.l(entry11a.o)
    0x00000410   0x00000004   Code   RO         5949    .ARM.Collect$$$$00002714  mc_w.l(entry4.o)
    0x00000414   0x000001ec   Code   RO            5    .text               startup_lpc54608.o
    0x00000600   0x00000062   Code   RO         5904    .text               mc_w.l(uldiv.o)
    0x00000662   0x00000024   Code   RO         5906    .text               mc_w.l(memcpya.o)
    0x00000686   0x00000024   Code   RO         5908    .text               mc_w.l(memseta.o)
    0x000006aa   0x0000000e   Code   RO         5910    .text               mc_w.l(strlen.o)
    0x000006b8   0x00000030   Code   RO         5946    .text               mf_w.l(cdrcmple.o)
    0x000006e8   0x0000002c   Code   RO         5962    .text               mc_w.l(uidiv.o)
    0x00000714   0x0000001e   Code   RO         5964    .text               mc_w.l(llshl.o)
    0x00000732   0x00000020   Code   RO         5966    .text               mc_w.l(llushr.o)
    0x00000752   0x00000000   Code   RO         5968    .text               mc_w.l(iusefp.o)
    0x00000752   0x0000014e   Code   RO         5969    .text               mf_w.l(dadd.o)
    0x000008a0   0x000000e4   Code   RO         5971    .text               mf_w.l(dmul.o)
    0x00000984   0x000000de   Code   RO         5973    .text               mf_w.l(ddiv.o)
    0x00000a62   0x00000030   Code   RO         5975    .text               mf_w.l(dfixul.o)
    0x00000a92   0x00000002   PAD
    0x00000a94   0x00000024   Code   RO         5977    .text               mc_w.l(init.o)
    0x00000ab8   0x00000024   Code   RO         5979    .text               mc_w.l(llsshr.o)
    0x00000adc   0x000000ba   Code   RO         5981    .text               mf_w.l(depilogue.o)
    0x00000b96   0x00000002   PAD
    0x00000b98   0x000000c0   Code   RO         5506    i.APP_LCDC_Init     egfx_driver_lpcxpresso_54608.o
    0x00000c58   0x00000064   Code   RO         4614    i.BOARD_BootClock_PLL_RUN  main.o
    0x00000cbc   0x0000006c   Code   RO         4738    i.BOARD_InitDebugConsole  board.o
    0x00000d28   0x0000005c   Code   RO         5507    i.BOARD_InitPWM     egfx_driver_lpcxpresso_54608.o
    0x00000d84   0x00000638   Code   RO         4823    i.BOARD_InitPins    pin_mux.o
    0x000013bc   0x0000009c   Code   RO         4739    i.BOARD_InitSDRAM   board.o
    0x00001458   0x00000058   Code   RO         2885    i.CAN0_IRQ0_DriverIRQHandler  fsl_mcan.o
    0x000014b0   0x00000058   Code   RO         2886    i.CAN0_IRQ1_DriverIRQHandler  fsl_mcan.o
    0x00001508   0x00000058   Code   RO         2887    i.CAN1_IRQ0_DriverIRQHandler  fsl_mcan.o
    0x00001560   0x00000058   Code   RO         2888    i.CAN1_IRQ1_DriverIRQHandler  fsl_mcan.o
    0x000015b8   0x0000004c   Code   RO          379    i.CLOCK_AttachClk   fsl_clock.o
    0x00001604   0x00000028   Code   RO         2760    i.CLOCK_EnableClock  fsl_lcdc.o
    0x0000162c   0x00000028   Code   RO         4824    i.CLOCK_EnableClock  pin_mux.o
    0x00001654   0x00000038   Code   RO          386    i.CLOCK_Enable_SysOsc  fsl_clock.o
    0x0000168c   0x0000004c   Code   RO          387    i.CLOCK_GetAdcClkFreq  fsl_clock.o
    0x000016d8   0x00000030   Code   RO          388    i.CLOCK_GetAsyncApbClkFreq  fsl_clock.o
    0x00001708   0x00000034   Code   RO          389    i.CLOCK_GetAudioPLLInClockRate  fsl_clock.o
    0x0000173c   0x0000005a   Code   RO          391    i.CLOCK_GetAudioPLLOutFromSetup  fsl_clock.o
    0x00001796   0x00000002   PAD
    0x00001798   0x00000014   Code   RO          392    i.CLOCK_GetAudioPLLOutFromSetupUpdate  fsl_clock.o
    0x000017ac   0x0000000c   Code   RO          393    i.CLOCK_GetAudioPllOutFreq  fsl_clock.o
    0x000017b8   0x00000078   Code   RO          394    i.CLOCK_GetClockOutClkFreq  fsl_clock.o
    0x00001830   0x0000007c   Code   RO          395    i.CLOCK_GetCoreSysClkFreq  fsl_clock.o
    0x000018ac   0x00000008   Code   RO          396    i.CLOCK_GetExtClkFreq  fsl_clock.o
    0x000018b4   0x0000005c   Code   RO          398    i.CLOCK_GetFlexCommClkFreq  fsl_clock.o
    0x00001910   0x000002c8   Code   RO          399    i.CLOCK_GetFreq     fsl_clock.o
    0x00001bd8   0x0000001c   Code   RO          400    i.CLOCK_GetFro12MFreq  fsl_clock.o
    0x00001bf4   0x00000040   Code   RO          401    i.CLOCK_GetFroHfFreq  fsl_clock.o
    0x00001c34   0x00000004   Code   RO          402    i.CLOCK_GetI2SMClkFreq  fsl_clock.o
    0x00001c38   0x00000040   Code   RO          403    i.CLOCK_GetLcdClkFreq  fsl_clock.o
    0x00001c78   0x00000004   Code   RO          404    i.CLOCK_GetLcdClkIn  fsl_clock.o
    0x00001c7c   0x00000040   Code   RO          405    i.CLOCK_GetMclkClkFreq  fsl_clock.o
    0x00001cbc   0x00000006   Code   RO          406    i.CLOCK_GetOsc32KFreq  fsl_clock.o
    0x00001cc2   0x00000002   PAD
    0x00001cc4   0x00000138   Code   RO          407    i.CLOCK_GetPllConfig  fsl_clock.o
    0x00001dfc   0x0000000c   Code   RO          408    i.CLOCK_GetPllOutFreq  fsl_clock.o
    0x00001e08   0x0000004c   Code   RO          409    i.CLOCK_GetSctClkFreq  fsl_clock.o
    0x00001e54   0x0000005c   Code   RO          410    i.CLOCK_GetSdioClkFreq  fsl_clock.o
    0x00001eb0   0x0000005c   Code   RO          411    i.CLOCK_GetSpifiClkFreq  fsl_clock.o
    0x00001f0c   0x0000004c   Code   RO          412    i.CLOCK_GetSystemPLLInClockRate  fsl_clock.o
    0x00001f58   0x0000005a   Code   RO          414    i.CLOCK_GetSystemPLLOutFromSetup  fsl_clock.o
    0x00001fb2   0x00000002   PAD
    0x00001fb4   0x00000014   Code   RO          415    i.CLOCK_GetSystemPLLOutFromSetupUpdate  fsl_clock.o
    0x00001fc8   0x00000040   Code   RO          416    i.CLOCK_GetUsb0ClkFreq  fsl_clock.o
    0x00002008   0x00000040   Code   RO          417    i.CLOCK_GetUsb1ClkFreq  fsl_clock.o
    0x00002048   0x0000000c   Code   RO          421    i.CLOCK_GetUsbPllOutFreq  fsl_clock.o
    0x00002054   0x00000040   Code   RO          422    i.CLOCK_GetWdtOscFreq  fsl_clock.o
    0x00002094   0x00000028   Code   RO          423    i.CLOCK_SetClkDiv   fsl_clock.o
    0x000020bc   0x00000018   Code   RO          424    i.CLOCK_SetFLASHAccessCycles  fsl_clock.o
    0x000020d4   0x0000009c   Code   RO          425    i.CLOCK_SetFLASHAccessCyclesForFreq  fsl_clock.o
    0x00002170   0x00000032   Code   RO          432    i.CLOCK_SetupAudioPLLData  fsl_clock.o
    0x000021a2   0x00000002   PAD
    0x000021a4   0x000000e0   Code   RO          433    i.CLOCK_SetupAudioPLLPrec  fsl_clock.o
    0x00002284   0x00000032   Code   RO          435    i.CLOCK_SetupPLLData  fsl_clock.o
    0x000022b6   0x00000002   PAD
    0x000022b8   0x000000ec   Code   RO          437    i.CLOCK_SetupSystemPLLPrec  fsl_clock.o
    0x000023a4   0x0000000a   Code   RO          932    i.CTIMER0_DriverIRQHandler  fsl_ctimer.o
    0x000023ae   0x0000000a   Code   RO          933    i.CTIMER1_DriverIRQHandler  fsl_ctimer.o
    0x000023b8   0x0000000a   Code   RO          934    i.CTIMER2_DriverIRQHandler  fsl_ctimer.o
    0x000023c2   0x0000000a   Code   RO          935    i.CTIMER3_DriverIRQHandler  fsl_ctimer.o
    0x000023cc   0x0000000a   Code   RO          936    i.CTIMER4_DriverIRQHandler  fsl_ctimer.o
    0x000023d6   0x00000004   Code   RO          937    i.CTIMER_ClearStatusFlags  fsl_ctimer.o
    0x000023da   0x00000002   PAD
    0x000023dc   0x0000007c   Code   RO          939    i.CTIMER_GenericIRQHandler  fsl_ctimer.o
    0x00002458   0x000000ac   Code   RO         1059    i.DMA0_DriverIRQHandler  fsl_dma.o
    0x00002504   0x0000017c   Code   RO         1060    i.DMA_AbortTransfer  fsl_dma.o
    0x00002680   0x0000010c   Code   RO         1062    i.DMA_CreateDescriptor  fsl_dma.o
    0x0000278c   0x00000088   Code   RO         1063    i.DMA_CreateHandle  fsl_dma.o
    0x00002814   0x00000094   Code   RO         5804    i.DMA_EnableChannel  dma.o
    0x000028a8   0x00000080   Code   RO         1065    i.DMA_GetInstance   fsl_dma.o
    0x00002928   0x00000040   Code   RO         1067    i.DMA_Init          fsl_dma.o
    0x00002968   0x0000017c   Code   RO         1068    i.DMA_PrepareTransfer  fsl_dma.o
    0x00002ae4   0x00000048   Code   RO         1069    i.DMA_SetCallback   fsl_dma.o
    0x00002b2c   0x0000007c   Code   RO         5805    i.DMA_SetChannelPriority  dma.o
    0x00002ba8   0x0000000e   Code   RO         1070    i.DMA_SetupDescriptor  fsl_dma.o
    0x00002bb6   0x00000002   PAD
    0x00002bb8   0x000001c0   Code   RO         1071    i.DMA_SetupXferCFG  fsl_dma.o
    0x00002d78   0x000000d8   Code   RO         1072    i.DMA_StartTransfer  fsl_dma.o
    0x00002e50   0x00000130   Code   RO         1073    i.DMA_SubmitTransfer  fsl_dma.o
    0x00002f80   0x00000014   Code   RO         1179    i.DMIC0_DriverIRQHandler  fsl_dmic.o
    0x00002f94   0x00000066   Code   RO         1181    i.DMIC_ConfigChannel  fsl_dmic.o
    0x00002ffa   0x00000006   Code   RO         1182    i.DMIC_ConfigIO     fsl_dmic.o
    0x00003000   0x00000006   Code   RO         1185    i.DMIC_EnableChannnel  fsl_dmic.o
    0x00003006   0x0000003c   Code   RO         1187    i.DMIC_FifoChannel  fsl_dmic.o
    0x00003042   0x00000002   PAD
    0x00003044   0x00000074   Code   RO         1188    i.DMIC_GetInstance  fsl_dmic.o
    0x000030b8   0x000000a8   Code   RO         1191    i.DMIC_Init         fsl_dmic.o
    0x00003160   0x0000003a   Code   RO         1192    i.DMIC_SetOperationMode  fsl_dmic.o
    0x0000319a   0x00000002   PAD
    0x0000319c   0x000000e8   Code   RO         1322    i.DMIC_TransferCreateHandleDMA  fsl_dmic_dma.o
    0x00003284   0x00000100   Code   RO         1324    i.DMIC_TransferReceiveDMA  fsl_dmic_dma.o
    0x00003384   0x00000078   Code   RO         1325    i.DMIC_TransferReceiveDMACallback  fsl_dmic_dma.o
    0x000033fc   0x00000006   Code   RO         1193    i.DMIC_Use2fs       fsl_dmic.o
    0x00003402   0x00000002   PAD
    0x00003404   0x00000070   Code   RO         5806    i.DMIC_UserCallback  dma.o
    0x00003474   0x000000a8   Code   RO          116    i.DbgConsole_ConvertRadixNumToString  fsl_debug_console.o
    0x0000351c   0x00000058   Code   RO          119    i.DbgConsole_Init   fsl_debug_console.o
    0x00003574   0x00000034   Code   RO          120    i.DbgConsole_Printf  fsl_debug_console.o
    0x000035a8   0x0000023a   Code   RO          121    i.DbgConsole_PrintfFormattedData  fsl_debug_console.o
    0x000037e2   0x00000028   Code   RO          122    i.DbgConsole_PrintfPaddingCharacter  fsl_debug_console.o
    0x0000380a   0x00000002   PAD
    0x0000380c   0x00000024   Code   RO          123    i.DbgConsole_Putchar  fsl_debug_console.o
    0x00003830   0x0000003c   Code   RO         1444    i.EMC_CalculateTimerCycles  fsl_emc.o
    0x0000386c   0x000002a8   Code   RO         1446    i.EMC_DynamicMemInit  fsl_emc.o
    0x00003b14   0x00000074   Code   RO         1447    i.EMC_GetInstance   fsl_emc.o
    0x00003b88   0x0000007c   Code   RO         1448    i.EMC_Init          fsl_emc.o
    0x00003c04   0x0000005a   Code   RO         1450    i.EMC_ModeOffset    fsl_emc.o
    0x00003c5e   0x00000002   PAD
    0x00003c60   0x0000001c   Code   RO         1543    i.ETHERNET_DriverIRQHandler  fsl_enet.o
    0x00003c7c   0x00000064   Code   RO         1792    i.FLEXCOMM0_DriverIRQHandler  fsl_flexcomm.o
    0x00003ce0   0x00000064   Code   RO         1793    i.FLEXCOMM1_DriverIRQHandler  fsl_flexcomm.o
    0x00003d44   0x00000064   Code   RO         1794    i.FLEXCOMM2_DriverIRQHandler  fsl_flexcomm.o
    0x00003da8   0x00000064   Code   RO         1795    i.FLEXCOMM3_DriverIRQHandler  fsl_flexcomm.o
    0x00003e0c   0x00000064   Code   RO         1796    i.FLEXCOMM4_DriverIRQHandler  fsl_flexcomm.o
    0x00003e70   0x00000064   Code   RO         1797    i.FLEXCOMM5_DriverIRQHandler  fsl_flexcomm.o
    0x00003ed4   0x00000064   Code   RO         1798    i.FLEXCOMM8_DriverIRQHandler  fsl_flexcomm.o
    0x00003f38   0x00000064   Code   RO         1799    i.FLEXCOMM9_DriverIRQHandler  fsl_flexcomm.o
    0x00003f9c   0x00000050   Code   RO         1800    i.FLEXCOMM_GetInstance  fsl_flexcomm.o
    0x00003fec   0x00000054   Code   RO         1801    i.FLEXCOMM_Init     fsl_flexcomm.o
    0x00004040   0x0000003a   Code   RO         1802    i.FLEXCOMM_PeripheralIsPresent  fsl_flexcomm.o
    0x0000407a   0x00000044   Code   RO         1804    i.FLEXCOMM_SetPeriph  fsl_flexcomm.o
    0x000040be   0x00000014   Code   RO          438    i.FindGreatestCommonDivisor  fsl_clock.o
    0x000040d2   0x00000002   PAD
    0x000040d4   0x00000028   Code   RO         1966    i.GINT0_DriverIRQHandler  fsl_gint.o
    0x000040fc   0x00000028   Code   RO         1967    i.GINT1_DriverIRQHandler  fsl_gint.o
    0x00004124   0x00000014   Code   RO         1196    i.HWVAD0_IRQHandler  fsl_dmic.o
    0x00004138   0x0000000a   Code   RO         2100    i.I2C_MasterClearStatusFlags  fsl_i2c.o
    0x00004142   0x00000022   Code   RO         2102    i.I2C_MasterEnable  fsl_i2c.o
    0x00004164   0x00000014   Code   RO         2103    i.I2C_MasterGetDefaultConfig  fsl_i2c.o
    0x00004178   0x00000024   Code   RO         2104    i.I2C_MasterInit    fsl_i2c.o
    0x0000419c   0x000000d8   Code   RO         2105    i.I2C_MasterReadBlocking  fsl_i2c.o
    0x00004274   0x00000014   Code   RO         2106    i.I2C_MasterRepeatedStart  fsl_i2c.o
    0x00004288   0x00000088   Code   RO         2107    i.I2C_MasterSetBaudRate  fsl_i2c.o
    0x00004310   0x00000022   Code   RO         2108    i.I2C_MasterStart   fsl_i2c.o
    0x00004332   0x00000014   Code   RO         2109    i.I2C_MasterStop    fsl_i2c.o
    0x00004346   0x00000002   PAD
    0x00004348   0x000000fc   Code   RO         2111    i.I2C_MasterTransferBlocking  fsl_i2c.o
    0x00004444   0x000000ec   Code   RO         2116    i.I2C_MasterWriteBlocking  fsl_i2c.o
    0x00004530   0x00000022   Code   RO         2117    i.I2C_PendingStatusWait  fsl_i2c.o
    0x00004552   0x00000002   PAD
    0x00004554   0x000001d0   Code   RO         2623    i.I2S_AddTransferDMA  fsl_i2s_dma.o
    0x00004724   0x000000cc   Code   RO         2469    i.I2S_Config        fsl_i2s.o
    0x000047f0   0x000001b0   Code   RO         2624    i.I2S_DMACallback   fsl_i2s_dma.o
    0x000049a0   0x00000170   Code   RO         2625    i.I2S_EnqueueUserBuffer  fsl_i2s_dma.o
    0x00004b10   0x00000050   Code   RO         2626    i.I2S_GetInstance   fsl_i2s_dma.o
    0x00004b60   0x0000002a   Code   RO         2627    i.I2S_RxEnableDMA   fsl_i2s_dma.o
    0x00004b8a   0x00000002   PAD
    0x00004b8c   0x000001a0   Code   RO         2630    i.I2S_StartTransferDMA  fsl_i2s_dma.o
    0x00004d2c   0x000000e0   Code   RO         2631    i.I2S_TransferAbortDMA  fsl_i2s_dma.o
    0x00004e0c   0x0000002a   Code   RO         2632    i.I2S_TxEnableDMA   fsl_i2s_dma.o
    0x00004e36   0x00000034   Code   RO         2485    i.I2S_TxGetDefaultConfig  fsl_i2s.o
    0x00004e6a   0x00000054   Code   RO         2487    i.I2S_TxInit        fsl_i2s.o
    0x00004ebe   0x00000002   PAD
    0x00004ec0   0x000000b0   Code   RO         2633    i.I2S_TxTransferCreateHandleDMA  fsl_i2s_dma.o
    0x00004f70   0x0000003c   Code   RO         2634    i.I2S_TxTransferSendDMA  fsl_i2s_dma.o
    0x00004fac   0x0000000c   Code   RO         4825    i.IOCON_PinMuxSet   pin_mux.o
    0x00004fb8   0x000000b8   Code   RO         4616    i.InitAllBuffers    main.o
    0x00005070   0x00000100   Code   RO         5740    i.InitAudio_CODEC   audio.o
    0x00005170   0x000000dc   Code   RO         5807    i.Init_DMA          dma.o
    0x0000524c   0x000000d4   Code   RO         5741    i.Init_DMIC         audio.o
    0x00005320   0x00000016   Code   RO         2761    i.LCDC_ClearInterruptsStatus  fsl_lcdc.o
    0x00005336   0x00000020   Code   RO         2765    i.LCDC_EnableInterrupts  fsl_lcdc.o
    0x00005356   0x00000002   PAD
    0x00005358   0x000000f4   Code   RO         2766    i.LCDC_GetClockDivider  fsl_lcdc.o
    0x0000544c   0x00000034   Code   RO         2767    i.LCDC_GetDefaultConfig  fsl_lcdc.o
    0x00005480   0x0000000c   Code   RO         2768    i.LCDC_GetEnabledInterruptsPendingStatus  fsl_lcdc.o
    0x0000548c   0x00000070   Code   RO         2769    i.LCDC_GetInstance  fsl_lcdc.o
    0x000054fc   0x0000020c   Code   RO         2771    i.LCDC_Init         fsl_lcdc.o
    0x00005708   0x00000038   Code   RO         5508    i.LCD_IRQHandler    egfx_driver_lpcxpresso_54608.o
    0x00005740   0x00000016   Code   RO         5742    i.NVIC_EnableIRQ    audio.o
    0x00005756   0x00000002   PAD
    0x00005758   0x00000028   Code   RO         5743    i.NVIC_SetPriority  audio.o
    0x00005780   0x00000014   Code   RO         3230    i.PINT_PatternMatchResetDetectLogic  fsl_pint.o
    0x00005794   0x00000008   Code   RO         3231    i.PINT_PinInterruptClrStatus  fsl_pint.o
    0x0000579c   0x0000002c   Code   RO         3234    i.PIN_INT0_DriverIRQHandler  fsl_pint.o
    0x000057c8   0x0000002c   Code   RO         3235    i.PIN_INT1_DriverIRQHandler  fsl_pint.o
    0x000057f4   0x0000002c   Code   RO         3236    i.PIN_INT2_DriverIRQHandler  fsl_pint.o
    0x00005820   0x0000002c   Code   RO         3237    i.PIN_INT3_DriverIRQHandler  fsl_pint.o
    0x0000584c   0x0000002c   Code   RO         3238    i.PIN_INT4_DriverIRQHandler  fsl_pint.o
    0x00005878   0x0000002c   Code   RO         3239    i.PIN_INT5_DriverIRQHandler  fsl_pint.o
    0x000058a4   0x0000002c   Code   RO         3240    i.PIN_INT6_DriverIRQHandler  fsl_pint.o
    0x000058d0   0x0000002c   Code   RO         3241    i.PIN_INT7_DriverIRQHandler  fsl_pint.o
    0x000058fc   0x00000014   Code   RO          439    i.POWER_DisablePD   fsl_clock.o
    0x00005910   0x00000014   Code   RO          440    i.POWER_EnablePD    fsl_clock.o
    0x00005924   0x00000020   Code   RO         5874    i.POWER_SetPLL      keil_lib_power.lib(fsl_power_lib.o)
    0x00005944   0x00000074   Code   RO         5876    i.POWER_SetVoltageForFreq  keil_lib_power.lib(fsl_power_lib.o)
    0x000059b8   0x00000014   Code   RO         5878    i.POWER_setVdLevel  keil_lib_power.lib(fsl_power_lib.o)
    0x000059cc   0x00000080   Code   RO         3380    i.RESET_ClearPeripheralReset  fsl_reset.o
    0x00005a4c   0x00000012   Code   RO         3381    i.RESET_PeripheralReset  fsl_reset.o
    0x00005a5e   0x00000002   PAD
    0x00005a60   0x00000080   Code   RO         3382    i.RESET_SetPeripheralReset  fsl_reset.o
    0x00005ae0   0x00000014   Code   RO         3559    i.SCT0_IRQHandler   fsl_sctimer.o
    0x00005af4   0x000001d8   Code   RO         3560    i.SCTIMER_CreateAndScheduleEvent  fsl_sctimer.o
    0x00005ccc   0x00000050   Code   RO         3562    i.SCTIMER_EventHandleIRQ  fsl_sctimer.o
    0x00005d1c   0x0000004c   Code   RO         3564    i.SCTIMER_GetDefaultConfig  fsl_sctimer.o
    0x00005d68   0x00000070   Code   RO         3565    i.SCTIMER_GetInstance  fsl_sctimer.o
    0x00005dd8   0x0000012c   Code   RO         3567    i.SCTIMER_Init      fsl_sctimer.o
    0x00005f04   0x0000001e   Code   RO         3571    i.SCTIMER_SetupOutputClearAction  fsl_sctimer.o
    0x00005f22   0x0000001a   Code   RO         3572    i.SCTIMER_SetupOutputSetAction  fsl_sctimer.o
    0x00005f3c   0x000001f4   Code   RO         3574    i.SCTIMER_SetupPwm  fsl_sctimer.o
    0x00006130   0x00000058   Code   RO         3715    i.SDIO_DriverIRQHandler  fsl_sdif.o
    0x00006188   0x00000028   Code   RO           15    i.SystemInit        system_lpc54608.o
    0x000061b0   0x00000058   Code   RO         4260    i.USART_GetDefaultConfig  fsl_usart.o
    0x00006208   0x00000138   Code   RO         4262    i.USART_Init        fsl_usart.o
    0x00006340   0x000000f8   Code   RO         4263    i.USART_ReadBlocking  fsl_usart.o
    0x00006438   0x000000f0   Code   RO         4264    i.USART_SetBaudRate  fsl_usart.o
    0x00006528   0x00000098   Code   RO         4277    i.USART_WriteBlocking  fsl_usart.o
    0x000065c0   0x0000001c   Code   RO         4479    i.UTICK0_DriverIRQHandler  fsl_utick.o
    0x000065dc   0x0000001a   Code   RO         5631    i.WM8904_GetDefaultConfig  fsl_wm8904.o
    0x000065f6   0x00000224   Code   RO         5632    i.WM8904_Init       fsl_wm8904.o
    0x0000681a   0x0000003e   Code   RO         5633    i.WM8904_ModifyRegister  fsl_wm8904.o
    0x00006858   0x0000004c   Code   RO         5635    i.WM8904_ReadRegister  fsl_wm8904.o
    0x000068a4   0x0000005e   Code   RO         5636    i.WM8904_SetAudioFormat  fsl_wm8904.o
    0x00006902   0x0000000c   Code   RO         5637    i.WM8904_SetMasterSlave  fsl_wm8904.o
    0x0000690e   0x00000014   Code   RO         5639    i.WM8904_SetProtocol  fsl_wm8904.o
    0x00006922   0x0000003a   Code   RO         5640    i.WM8904_SetVolume  fsl_wm8904.o
    0x0000695c   0x00000024   Code   RO         5641    i.WM8904_WaitOnWriteSequencer  fsl_wm8904.o
    0x00006980   0x0000004c   Code   RO         5642    i.WM8904_WriteRegister  fsl_wm8904.o
    0x000069cc   0x0000002c   Code   RO         5920    i.__0vsnprintf      mc_w.l(printfa.o)
    0x000069f8   0x00000044   Code   RO          821    i.__aeabi_assert    fsl_common.o
    0x00006a3c   0x00000184   Code   RO         5922    i._fp_digits        mc_w.l(printfa.o)
    0x00006bc0   0x000006dc   Code   RO         5923    i._printf_core      mc_w.l(printfa.o)
    0x0000729c   0x00000024   Code   RO         5924    i._printf_post_padding  mc_w.l(printfa.o)
    0x000072c0   0x0000002e   Code   RO         5925    i._printf_pre_padding  mc_w.l(printfa.o)
    0x000072ee   0x00000016   Code   RO         5926    i._snputc           mc_w.l(printfa.o)
    0x00007304   0x000000b4   Code   RO         5808    i.codecTxCallback   dma.o
    0x000073b8   0x00000014   Code   RO         4879    i.eGFX_BitStreamGet  egfx.o
    0x000073cc   0x00000024   Code   RO         4880    i.eGFX_BitStreamPut  egfx.o
    0x000073f0   0x0000004a   Code   RO         4881    i.eGFX_Blit         egfx.o
    0x0000743a   0x00000046   Code   RO         4890    i.eGFX_DrawCharacter  egfx.o
    0x00007480   0x0000004c   Code   RO         4914    i.eGFX_DrawString   egfx.o
    0x000074cc   0x00000050   Code   RO         5509    i.eGFX_Dump         egfx_driver_lpcxpresso_54608.o
    0x0000751c   0x0000014e   Code   RO         4930    i.eGFX_GetPixel     egfx.o
    0x0000766a   0x00000042   Code   RO         4931    i.eGFX_GetStringWidth  egfx.o
    0x000076ac   0x0000000e   Code   RO         4933    i.eGFX_ImagePlaneInit  egfx.o
    0x000076ba   0x000000ce   Code   RO         4934    i.eGFX_ImagePlane_Clear  egfx.o
    0x00007788   0x00000040   Code   RO         5510    i.eGFX_InitDriver   egfx_driver_lpcxpresso_54608.o
    0x000077c8   0x0000015e   Code   RO         4954    i.eGFX_PutPixel     egfx.o
    0x00007926   0x00000002   PAD
    0x00007928   0x00000010   Code   RO         5511    i.eGFX_WaitForVSync  egfx_driver_lpcxpresso_54608.o
    0x00007938   0x00000048   Code   RO         4963    i.eGFX_printf       egfx.o
    0x00007980   0x0000001a   Code   RO          441    i.findPllMMult      fsl_clock.o
    0x0000799a   0x00000020   Code   RO          442    i.findPllPostDiv    fsl_clock.o
    0x000079ba   0x00000020   Code   RO          443    i.findPllPreDiv     fsl_clock.o
    0x000079da   0x00000002   PAD
    0x000079dc   0x00000254   Code   RO         4617    i.main              main.o
    0x00007c30   0x0000005c   Code   RO          444    i.pllDecodeM        fsl_clock.o
    0x00007c8c   0x0000005c   Code   RO          445    i.pllDecodeN        fsl_clock.o
    0x00007ce8   0x0000004e   Code   RO          446    i.pllDecodeP        fsl_clock.o
    0x00007d36   0x00000002   PAD
    0x00007d38   0x00000054   Code   RO          447    i.pllEncodeM        fsl_clock.o
    0x00007d8c   0x00000052   Code   RO          448    i.pllEncodeN        fsl_clock.o
    0x00007dde   0x00000042   Code   RO          449    i.pllEncodeP        fsl_clock.o
    0x00007e20   0x00000072   Code   RO          450    i.pllFindSel        fsl_clock.o
    0x00007e92   0x00000002   PAD
    0x00007e94   0x0000005c   Data   RO          451    .constdata          fsl_clock.o
    0x00007ef0   0x00000039   Data   RO          950    .constdata          fsl_ctimer.o
    0x00007f29   0x00000003   PAD
    0x00007f2c   0x00000005   Data   RO         1075    .constdata          fsl_dma.o
    0x00007f31   0x00000003   PAD
    0x00007f34   0x00000008   Data   RO         1198    .constdata          fsl_dmic.o
    0x00007f3c   0x00000008   Data   RO         1452    .constdata          fsl_emc.o
    0x00007f44   0x00000048   Data   RO         1806    .constdata          fsl_flexcomm.o
    0x00007f8c   0x00000016   Data   RO         1979    .constdata          fsl_gint.o
    0x00007fa2   0x00000002   PAD
    0x00007fa4   0x00000008   Data   RO         2636    .constdata          fsl_i2s_dma.o
    0x00007fac   0x0000000c   Data   RO         2777    .constdata          fsl_lcdc.o
    0x00007fb8   0x0000000c   Data   RO         3577    .constdata          fsl_sctimer.o
    0x00007fc4   0x00000024   Data   RO         4619    .constdata          main.o
    0x00007fe8   0x00000e6c   Data   RO         5613    .constdata          ocr_a_extended__20px__bold__singlebitperpixelgridfit_1bpp.o
    0x00008e54   0x0000001c   Data   RO         5745    .constdata          audio.o
    0x00008e70   0x0000027f   Data   RO         1076    .conststring        fsl_dma.o
    0x000090ef   0x00000001   PAD
    0x000090f0   0x00000045   Data   RO         2637    .conststring        fsl_i2s_dma.o
    0x00009135   0x00000003   PAD
    0x00009138   0x00000000   Data   RO         5983    Region$$Table       anon$$obj.o


    Execution Region RW_m_data (Base: 0x20000000, Size: 0x000041e8, Max: 0x00027800, ABSOLUTE)

    Base Addr    Size         Type   Attr      Idx    E Section Name        Object

    0x20000000   0x00000004   Data   RW           24    .data               system_lpc54608.o
    0x20000004   0x00000004   Data   RW          263    .data               sdram.o
    0x20000008   0x0000000c   Data   RW          452    .data               fsl_clock.o
    0x20000014   0x00000005   Data   RW          951    .data               fsl_ctimer.o
    0x20000019   0x00000003   PAD
    0x2000001c   0x00000008   Data   RW         1199    .data               fsl_dmic.o
    0x20000024   0x00000008   Data   RW         1326    .data               fsl_dmic_dma.o
    0x2000002c   0x00000010   Data   RW         1453    .data               fsl_emc.o
    0x2000003c   0x00000008   Data   RW         1546    .data               fsl_enet.o
    0x20000044   0x00000008   Data   RW         1980    .data               fsl_gint.o
    0x2000004c   0x00000008   Data   RW         2638    .data               fsl_i2s_dma.o
    0x20000054   0x0000000c   Data   RW         2932    .data               fsl_mcan.o
    0x20000060   0x00000010   Data   RW         3578    .data               fsl_sctimer.o
    0x20000070   0x00000008   Data   RW         3717    .data               fsl_sdif.o
    0x20000078   0x00000008   Data   RW         4488    .data               fsl_utick.o
    0x20000080   0x000001a8   Data   RW         4620    .data               main.o
    0x20000228   0x00000001   Data   RW         5513    .data               egfx_driver_lpcxpresso_54608.o
    0x20000229   0x00000003   PAD
    0x2000022c   0x00000018   Data   RW         5810    .data               dma.o
    0x20000244   0x00000010   Zero   RW          129    .bss                fsl_debug_console.o
    0x20000254   0x00000014   Zero   RW          949    .bss                fsl_ctimer.o
    0x20000268   0x00000198   PAD
    0x20000400   0x000003e0   Zero   RW         1074    .bss                fsl_dma.o
    0x200007e0   0x00000050   Zero   RW         1805    .bss                fsl_flexcomm.o
    0x20000830   0x000000a8   Zero   RW         2635    .bss                fsl_i2s_dma.o
    0x200008d8   0x00000020   Zero   RW         3242    .bss                fsl_pint.o
    0x200008f8   0x00000028   Zero   RW         3576    .bss                fsl_sctimer.o
    0x20000920   0x0000367c   Zero   RW         4618    .bss                main.o
    0x20003f9c   0x000001c0   Zero   RW         4966    .bss                egfx.o
    0x2000415c   0x0000000c   Zero   RW         5512    .bss                egfx_driver_lpcxpresso_54608.o
    0x20004168   0x00000014   Zero   RW         5744    .bss                audio.o
    0x2000417c   0x0000006c   Zero   RW         5809    .bss                dma.o


    Execution Region ARM_LIB_HEAP (Base: 0x200041e8, Size: 0x00000400, Max: 0x00000400, ABSOLUTE)

    Base Addr    Size         Type   Attr      Idx    E Section Name        Object

    0x200041e8   0x00000400   Zero   RW            2    ARM_LIB_HEAP.bss    anon$$obj.o


    Execution Region ARM_LIB_STACK (Base: 0x20027c00, Size: 0x00000400, Max: 0x00000400, ABSOLUTE)

    Base Addr    Size         Type   Attr      Idx    E Section Name        Object

    0x20027c00   0x00000400   Zero   RW            3    ARM_LIB_STACK.bss   anon$$obj.o

